Archive member included to satisfy reference by file (symbol)

c:/program files (x86)/atollic/truestudio for arm 7.1.2/armtools/bin/../lib/gcc/arm-atollic-eabi/5.3.1/../../../../arm-atollic-eabi/lib/armv7-m\libc_nano.a(lib_a-init.o)
                              src\startup_stm32f10x_md.o (__libc_init_array)
c:/program files (x86)/atollic/truestudio for arm 7.1.2/armtools/bin/../lib/gcc/arm-atollic-eabi/5.3.1/../../../../arm-atollic-eabi/lib/armv7-m\libc_nano.a(lib_a-malloc.o)
                              BSP\BUTTON\src\tm_stm32_button.o (malloc)
c:/program files (x86)/atollic/truestudio for arm 7.1.2/armtools/bin/../lib/gcc/arm-atollic-eabi/5.3.1/../../../../arm-atollic-eabi/lib/armv7-m\libc_nano.a(lib_a-memcpy-stub.o)
                              BSP\MODBUS\modbus\functions\mbfuncother.o (memcpy)
c:/program files (x86)/atollic/truestudio for arm 7.1.2/armtools/bin/../lib/gcc/arm-atollic-eabi/5.3.1/../../../../arm-atollic-eabi/lib/armv7-m\libc_nano.a(lib_a-memset.o)
                              BSP\AM2302\src\ADCT_DHT22_exti.o (memset)
c:/program files (x86)/atollic/truestudio for arm 7.1.2/armtools/bin/../lib/gcc/arm-atollic-eabi/5.3.1/../../../../arm-atollic-eabi/lib/armv7-m\libc_nano.a(lib_a-nano-freer.o)
                              c:/program files (x86)/atollic/truestudio for arm 7.1.2/armtools/bin/../lib/gcc/arm-atollic-eabi/5.3.1/../../../../arm-atollic-eabi/lib/armv7-m\libc_nano.a(lib_a-malloc.o) (_free_r)
c:/program files (x86)/atollic/truestudio for arm 7.1.2/armtools/bin/../lib/gcc/arm-atollic-eabi/5.3.1/../../../../arm-atollic-eabi/lib/armv7-m\libc_nano.a(lib_a-nano-mallocr.o)
                              c:/program files (x86)/atollic/truestudio for arm 7.1.2/armtools/bin/../lib/gcc/arm-atollic-eabi/5.3.1/../../../../arm-atollic-eabi/lib/armv7-m\libc_nano.a(lib_a-malloc.o) (_malloc_r)
c:/program files (x86)/atollic/truestudio for arm 7.1.2/armtools/bin/../lib/gcc/arm-atollic-eabi/5.3.1/../../../../arm-atollic-eabi/lib/armv7-m\libc_nano.a(lib_a-sbrkr.o)
                              c:/program files (x86)/atollic/truestudio for arm 7.1.2/armtools/bin/../lib/gcc/arm-atollic-eabi/5.3.1/../../../../arm-atollic-eabi/lib/armv7-m\libc_nano.a(lib_a-nano-mallocr.o) (_sbrk_r)
c:/program files (x86)/atollic/truestudio for arm 7.1.2/armtools/bin/../lib/gcc/arm-atollic-eabi/5.3.1/../../../../arm-atollic-eabi/lib/armv7-m\libc_nano.a(lib_a-sprintf.o)
                              BSP\RTC\src\ADCT_RTC.o (sprintf)
c:/program files (x86)/atollic/truestudio for arm 7.1.2/armtools/bin/../lib/gcc/arm-atollic-eabi/5.3.1/../../../../arm-atollic-eabi/lib/armv7-m\libc_nano.a(lib_a-impure.o)
                              c:/program files (x86)/atollic/truestudio for arm 7.1.2/armtools/bin/../lib/gcc/arm-atollic-eabi/5.3.1/../../../../arm-atollic-eabi/lib/armv7-m\libc_nano.a(lib_a-malloc.o) (_impure_ptr)
c:/program files (x86)/atollic/truestudio for arm 7.1.2/armtools/bin/../lib/gcc/arm-atollic-eabi/5.3.1/../../../../arm-atollic-eabi/lib/armv7-m\libc_nano.a(lib_a-mlock.o)
                              c:/program files (x86)/atollic/truestudio for arm 7.1.2/armtools/bin/../lib/gcc/arm-atollic-eabi/5.3.1/../../../../arm-atollic-eabi/lib/armv7-m\libc_nano.a(lib_a-nano-freer.o) (__malloc_lock)
c:/program files (x86)/atollic/truestudio for arm 7.1.2/armtools/bin/../lib/gcc/arm-atollic-eabi/5.3.1/../../../../arm-atollic-eabi/lib/armv7-m\libc_nano.a(lib_a-nano-svfprintf.o)
                              c:/program files (x86)/atollic/truestudio for arm 7.1.2/armtools/bin/../lib/gcc/arm-atollic-eabi/5.3.1/../../../../arm-atollic-eabi/lib/armv7-m\libc_nano.a(lib_a-sprintf.o) (_svfprintf_r)
c:/program files (x86)/atollic/truestudio for arm 7.1.2/armtools/bin/../lib/gcc/arm-atollic-eabi/5.3.1/../../../../arm-atollic-eabi/lib/armv7-m\libc_nano.a(lib_a-nano-vfprintf_i.o)
                              c:/program files (x86)/atollic/truestudio for arm 7.1.2/armtools/bin/../lib/gcc/arm-atollic-eabi/5.3.1/../../../../arm-atollic-eabi/lib/armv7-m\libc_nano.a(lib_a-nano-svfprintf.o) (_printf_i)
c:/program files (x86)/atollic/truestudio for arm 7.1.2/armtools/bin/../lib/gcc/arm-atollic-eabi/5.3.1/../../../../arm-atollic-eabi/lib/armv7-m\libc_nano.a(lib_a-reent.o)
                              c:/program files (x86)/atollic/truestudio for arm 7.1.2/armtools/bin/../lib/gcc/arm-atollic-eabi/5.3.1/../../../../arm-atollic-eabi/lib/armv7-m\libc_nano.a(lib_a-sbrkr.o) (errno)
c:/program files (x86)/atollic/truestudio for arm 7.1.2/armtools/bin/../lib/gcc/arm-atollic-eabi/5.3.1/../../../../arm-atollic-eabi/lib/armv7-m\libc_nano.a(lib_a-memchr-stub.o)
                              c:/program files (x86)/atollic/truestudio for arm 7.1.2/armtools/bin/../lib/gcc/arm-atollic-eabi/5.3.1/../../../../arm-atollic-eabi/lib/armv7-m\libc_nano.a(lib_a-nano-svfprintf.o) (memchr)
c:/program files (x86)/atollic/truestudio for arm 7.1.2/armtools/bin/../lib/gcc/arm-atollic-eabi/5.3.1/../../../../arm-atollic-eabi/lib/armv7-m\libc_nano.a(lib_a-memmove.o)
[...]
Memory Configuration

Name             Origin             Length             Attributes
FLASH            0x08000000         0x00020000         xr
RAM              0x20000000         0x00005000         xrw
MEMORY_B1        0x60000000         0x00000000         xr
*default*        0x00000000         0xffffffff

Linker script and memory map

LOAD c:/program files (x86)/atollic/truestudio for arm 7.1.2/armtools/bin/../lib/gcc/arm-atollic-eabi/5.3.1/armv7-m/crti.o
LOAD c:/program files (x86)/atollic/truestudio for arm 7.1.2/armtools/bin/../lib/gcc/arm-atollic-eabi/5.3.1/armv7-m/crtbegin.o
LOAD ASW_Task\src\ADCT_BGS_BSW_Task.o
LOAD Apps\src\ADCT_BGS_Bare_state.o
LOAD Apps\src\ADCT_BGS_Modbus.o
LOAD Apps\src\ADCT_BGS_State.o
LOAD Apps\src\ADCT_BGS_System.o
LOAD BSP\AM2302\src\ADCT_DHT22.o
LOAD BSP\AM2302\src\ADCT_DHT22_exti.o
LOAD BSP\AT24C64\src\ADCT_AT24C64.o
LOAD BSP\BUTTON\src\ADCT_BGS_BUTTON.o
LOAD BSP\BUTTON\src\tm_stm32_button.o
LOAD BSP\LCD_16x2\src\ADCT_LCD_16x2.o
LOAD BSP\MODBUS\modbus\ascii\mbascii.o
LOAD BSP\MODBUS\modbus\functions\mbfunccoils.o
LOAD BSP\MODBUS\modbus\functions\mbfuncdiag.o
LOAD BSP\MODBUS\modbus\functions\mbfuncdisc.o
LOAD BSP\MODBUS\modbus\functions\mbfuncholding.o
LOAD BSP\MODBUS\modbus\functions\mbfuncinput.o
LOAD BSP\MODBUS\modbus\functions\mbfuncother.o
LOAD BSP\MODBUS\modbus\functions\mbutils.o
LOAD BSP\MODBUS\modbus\mb.o
LOAD BSP\MODBUS\modbus\rtu\mbcrc.o
LOAD BSP\MODBUS\modbus\rtu\mbrtu.o
LOAD BSP\MODBUS\modbus\tcp\mbtcp.o
LOAD BSP\MODBUS\port\portevent.o
LOAD BSP\MODBUS\port\portserial.o
LOAD BSP\MODBUS\port\porttimer.o
LOAD BSP\RELAY\src\ADCT_Relay.o
LOAD BSP\RTC\src\ADCT_RTC.o
LOAD BSP\SENSOR\src\ADCT_Sensor.o
LOAD BSP\delay\src\ADCT_BGS_FPT_Delay.o
LOAD Libraries\STM32F10x_StdPeriph_Driver\src\misc.o
LOAD Libraries\STM32F10x_StdPeriph_Driver\src\stm32f10x_adc.o
LOAD Libraries\STM32F10x_StdPeriph_Driver\src\stm32f10x_bkp.o
LOAD Libraries\STM32F10x_StdPeriph_Driver\src\stm32f10x_can.o
LOAD Libraries\STM32F10x_StdPeriph_Driver\src\stm32f10x_cec.o
LOAD Libraries\STM32F10x_StdPeriph_Driver\src\stm32f10x_crc.o
LOAD Libraries\STM32F10x_StdPeriph_Driver\src\stm32f10x_dac.o
LOAD Libraries\STM32F10x_StdPeriph_Driver\src\stm32f10x_dbgmcu.o
LOAD Libraries\STM32F10x_StdPeriph_Driver\src\stm32f10x_dma.o
LOAD Libraries\STM32F10x_StdPeriph_Driver\src\stm32f10x_exti.o
LOAD Libraries\STM32F10x_StdPeriph_Driver\src\stm32f10x_flash.o
LOAD Libraries\STM32F10x_StdPeriph_Driver\src\stm32f10x_fsmc.o
LOAD Libraries\STM32F10x_StdPeriph_Driver\src\stm32f10x_gpio.o
LOAD Libraries\STM32F10x_StdPeriph_Driver\src\stm32f10x_i2c.o
LOAD Libraries\STM32F10x_StdPeriph_Driver\src\stm32f10x_iwdg.o
LOAD Libraries\STM32F10x_StdPeriph_Driver\src\stm32f10x_pwr.o
LOAD Libraries\STM32F10x_StdPeriph_Driver\src\stm32f10x_rcc.o
LOAD Libraries\STM32F10x_StdPeriph_Driver\src\stm32f10x_rtc.o
LOAD Libraries\STM32F10x_StdPeriph_Driver\src\stm32f10x_sdio.o
LOAD Libraries\STM32F10x_StdPeriph_Driver\src\stm32f10x_spi.o
LOAD Libraries\STM32F10x_StdPeriph_Driver\src\stm32f10x_tim.o
LOAD Libraries\STM32F10x_StdPeriph_Driver\src\stm32f10x_usart.o
LOAD Libraries\STM32F10x_StdPeriph_Driver\src\stm32f10x_wwdg.o
LOAD src\main.o
LOAD src\startup_stm32f10x_md.o
LOAD src\stm32f1xx_it.o
LOAD src\system_stm32f10x.o
START GROUP
LOAD c:/program files (x86)/atollic/truestudio for arm 7.1.2/armtools/bin/../lib/gcc/arm-atollic-eabi/5.3.1/../../../../arm-atollic-eabi/lib/armv7-m\libc_nano.a
LOAD c:/program files (x86)/atollic/truestudio for arm 7.1.2/armtools/bin/../lib/gcc/arm-atollic-eabi/5.3.1/../../../../arm-atollic-eabi/lib/armv7-m\libm.a
END GROUP
                0x00000080                malloc_getpagesize_P = 0x80
START GROUP
LOAD c:/program files (x86)/atollic/truestudio for arm 7.1.2/armtools/bin/../lib/gcc/arm-atollic-eabi/5.3.1/armv7-m\libgcc.a
LOAD c:/program files (x86)/atollic/truestudio for arm 7.1.2/armtools/bin/../lib/gcc/arm-atollic-eabi/5.3.1/../../../../arm-atollic-eabi/lib/armv7-m\libc_nano.a
END GROUP
START GROUP
LOAD c:/program files (x86)/atollic/truestudio for arm 7.1.2/armtools/bin/../lib/gcc/arm-atollic-eabi/5.3.1/armv7-m\libgcc.a
LOAD c:/program files (x86)/atollic/truestudio for arm 7.1.2/armtools/bin/../lib/gcc/arm-atollic-eabi/5.3.1/../../../../arm-atollic-eabi/lib/armv7-m\libc_nano.a
LOAD c:/program files (x86)/atollic/truestudio for arm 7.1.2/armtools/bin/../lib/gcc/arm-atollic-eabi/5.3.1/../../../../arm-atollic-eabi/lib/armv7-m\libnosys.a
END GROUP
START GROUP
LOAD c:/program files (x86)/atollic/truestudio for arm 7.1.2/armtools/bin/../lib/gcc/arm-atollic-eabi/5.3.1/armv7-m\libgcc.a
LOAD c:/program files (x86)/atollic/truestudio for arm 7.1.2/armtools/bin/../lib/gcc/arm-atollic-eabi/5.3.1/../../../../arm-atollic-eabi/lib/armv7-m\libc_nano.a
LOAD c:/program files (x86)/atollic/truestudio for arm 7.1.2/armtools/bin/../lib/gcc/arm-atollic-eabi/5.3.1/../../../../arm-atollic-eabi/lib/armv7-m\libnosys.a
END GROUP
LOAD c:/program files (x86)/atollic/truestudio for arm 7.1.2/armtools/bin/../lib/gcc/arm-atollic-eabi/5.3.1/armv7-m/crtend.o
LOAD c:/program files (x86)/atollic/truestudio for arm 7.1.2/armtools/bin/../lib/gcc/arm-atollic-eabi/5.3.1/armv7-m/crtn.o
                0x20005000                _estack = 0x20005000
                0x00000000                _Min_Heap_Size = 0x0
                0x00000100                _Min_Stack_Size = 0x100

.isr_vector     0x08000000      0x10c
                0x08000000                . = ALIGN (0x4)
 *(.isr_vector)
 .isr_vector    0x08000000      0x10c src\startup_stm32f10x_md.o
                0x08000000                g_pfnVectors
                0x0800010c                . = ALIGN (0x4)

.text           0x0800010c     0x4f64
                0x0800010c                . = ALIGN (0x4)
 *(.text)
 .text          0x0800010c       0x40 c:/program files (x86)/atollic/truestudio for arm 7.1.2/armtools/bin/../lib/gcc/arm-atollic-eabi/5.3.1/armv7-m/crtbegin.o
 *(.text*)
 .text.ADCT_BGS_ASW_10ms_TaskHandler
                0x0800014c        0xc ASW_Task\src\ADCT_BGS_BSW_Task.o
                0x0800014c                ADCT_BGS_ASW_10ms_TaskHandler
 .text.ADCT_BGS_ASW_1ms_TaskHandler
                0x08000158        0xc ASW_Task\src\ADCT_BGS_BSW_Task.o
                0x08000158                ADCT_BGS_ASW_1ms_TaskHandler
 .text.ADCT_BGS_ASW_1s_TaskHandler
                0x08000164        0xc ASW_Task\src\ADCT_BGS_BSW_Task.o
                0x08000164                ADCT_BGS_ASW_1s_TaskHandler
 .text.ADCT_BGS_ASW_100ms_TaskHandler
                0x08000170       0x18 ASW_Task\src\ADCT_BGS_BSW_Task.o
                0x08000170                ADCT_BGS_ASW_100ms_TaskHandler
 .text.ADCT_BGS_ASW_100ms_Init
                0x08000188       0x20 ASW_Task\src\ADCT_BGS_BSW_Task.o
                0x08000188                ADCT_BGS_ASW_100ms_Init
 .text.ADCT_BGS_ASW_10ms_Init
                0x080001a8       0x28 ASW_Task\src\ADCT_BGS_BSW_Task.o
                0x080001a8                ADCT_BGS_ASW_10ms_Init
 .text.ADCT_BGS_ASW_1ms_Init
                0x080001d0       0x28 ASW_Task\src\ADCT_BGS_BSW_Task.o
                0x080001d0                ADCT_BGS_ASW_1ms_Init
 .text.ADCT_BGS_ASW_1s_Init
                0x080001f8       0x28 ASW_Task\src\ADCT_BGS_BSW_Task.o
                0x080001f8                ADCT_BGS_ASW_1s_Init
 .text.adct_bgs_choose_views
                0x08000220        0x4 Apps\src\ADCT_BGS_Bare_state.o
                0x08000220                adct_bgs_choose_views
 .text.adct_bgs_enter_parameter
                0x08000224        0x4 Apps\src\ADCT_BGS_Bare_state.o
                0x08000224                adct_bgs_enter_parameter
 .text.adct_bgs_choose_datalog
                0x08000228        0x4 Apps\src\ADCT_BGS_Bare_state.o
                0x08000228                adct_bgs_choose_datalog
 .text.adct_bgs_runstate_idle
                0x0800022c        0x4 Apps\src\ADCT_BGS_Bare_state.o
                0x0800022c                adct_bgs_runstate_idle
 .text.adct_bgs_runstate_alarm
                0x08000230        0x4 Apps\src\ADCT_BGS_Bare_state.o
                0x08000230                adct_bgs_runstate_alarm
 .text.adct_bgs_view_datalog
                0x08000234        0x4 Apps\src\ADCT_BGS_Bare_state.o
                0x08000234                adct_bgs_view_datalog
 .text.BUTTON_ENTER_Callback
                0x08000238       0x30 Apps\src\ADCT_BGS_Bare_state.o
                0x08000238                BUTTON_ENTER_Callback
 .text.BUTTON_CANCEL_Callback
                0x08000268       0x34 Apps\src\ADCT_BGS_Bare_state.o
                0x08000268                BUTTON_CANCEL_Callback
 .text.BUTTON_UP_Callback
                0x0800029c       0x34 Apps\src\ADCT_BGS_Bare_state.o
                0x0800029c                BUTTON_UP_Callback
 .text.BUTTON_DOWN_Callback
                0x080002d0       0x34 Apps\src\ADCT_BGS_Bare_state.o
                0x080002d0                BUTTON_DOWN_Callback
 .text.ADCT_BGS_MODBUS_RS485_UpdateHoldingReg
                0x08000304        0xc Apps\src\ADCT_BGS_Modbus.o
 .text.ADCT_BGS_MODBUS_RS485_Init
                0x08000310       0x20 Apps\src\ADCT_BGS_Modbus.o
                0x08000310                ADCT_BGS_MODBUS_RS485_Init
 .text.ADCT_BGS_MODBUS_RS485_UpdateData
                0x08000330      0x258 Apps\src\ADCT_BGS_Modbus.o
                0x08000330                ADCT_BGS_MODBUS_RS485_UpdateData
 .text.ADCT_BGS_MODBUS_Get_BE_DKG_Data
                0x08000588       0x64 Apps\src\ADCT_BGS_Modbus.o
                0x08000588                ADCT_BGS_MODBUS_Get_BE_DKG_Data
 .text.ADCT_BGS_MODBUS_GetSetting
                0x080005ec      0x2c4 Apps\src\ADCT_BGS_Modbus.o
                0x080005ec                ADCT_BGS_MODBUS_GetSetting
 .text.eMBRegInputCB
                0x080008b0        0x4 Apps\src\ADCT_BGS_Modbus.o
                0x080008b0                eMBRegInputCB
 .text.eMBRegHoldingCB
                0x080008b4       0x88 Apps\src\ADCT_BGS_Modbus.o
                0x080008b4                eMBRegHoldingCB
 .text.eMBRegCoilsCB
                0x0800093c        0x4 Apps\src\ADCT_BGS_Modbus.o
                0x0800093c                eMBRegCoilsCB
 .text.eMBRegDiscreteCB
                0x08000940        0x4 Apps\src\ADCT_BGS_Modbus.o
                0x08000940                eMBRegDiscreteCB
 .text.ADCT_BGS_GetCurrentRTCData
                0x08000944       0x10 Apps\src\ADCT_BGS_State.o
                0x08000944                ADCT_BGS_GetCurrentRTCData
 .text.ADCT_BGS_SwitchAIR_TimeCal
                0x08000954       0x68 Apps\src\ADCT_BGS_State.o
                0x08000954                ADCT_BGS_SwitchAIR_TimeCal
 .text.ADCT_BGS_CheckMinSwitchAIR1_2
                0x080009bc       0x3c Apps\src\ADCT_BGS_State.o
                0x080009bc                ADCT_BGS_CheckMinSwitchAIR1_2
 .text.ADCT_BGS_CheckMinSwitchAIR3_4
                0x080009f8       0x3c Apps\src\ADCT_BGS_State.o
                0x080009f8                ADCT_BGS_CheckMinSwitchAIR3_4
 .text.ADCT_BGS_CheckBuzzerTimerRun
                0x08000a34       0x58 Apps\src\ADCT_BGS_State.o
                0x08000a34                ADCT_BGS_CheckBuzzerTimerRun
 .text.ADCT_BGS_CheckDelayOfftime
                0x08000a8c       0x40 Apps\src\ADCT_BGS_State.o
                0x08000a8c                ADCT_BGS_CheckDelayOfftime
 .text.ADCT_BGS_CheckTminFan
                0x08000acc       0x3c Apps\src\ADCT_BGS_State.o
                0x08000acc                ADCT_BGS_CheckTminFan
 .text.ADCT_BGS_AlarmBuzzer
                0x08000b08       0x48 Apps\src\ADCT_BGS_State.o
                0x08000b08                ADCT_BGS_AlarmBuzzer
 .text.ADCT_IO_FPT_GetValue
                0x08000b50       0xa4 Apps\src\ADCT_BGS_State.o
                0x08000b50                ADCT_IO_FPT_GetValue
 .text.ADCT_BGS_StateManger
                0x08000bf4       0x74 Apps\src\ADCT_BGS_State.o
                0x08000bf4                ADCT_BGS_StateManger
 .text.ADCT_SYSTEM_FPT_CheckState_MODBUS
                0x08000c68      0x1b8 Apps\src\ADCT_BGS_System.o
                0x08000c68                ADCT_SYSTEM_FPT_CheckState_MODBUS
 .text.ADCT_SYSTEM_FPT_CheckState_IO
                0x08000e20      0x170 Apps\src\ADCT_BGS_System.o
                0x08000e20                ADCT_SYSTEM_FPT_CheckState_IO
 .text.ADCT_SYSTEM_FPT_CheckState_DHT
                0x08000f90      0x138 Apps\src\ADCT_BGS_System.o
                0x08000f90                ADCT_SYSTEM_FPT_CheckState_DHT
 .text.ADCT_SystemFPT_CheckAlarm
                0x080010c8       0x7c Apps\src\ADCT_BGS_System.o
                0x080010c8                ADCT_SystemFPT_CheckAlarm
 .text.ADCT_SystemFPT_CheckAlarm_Siren
                0x08001144       0x40 Apps\src\ADCT_BGS_System.o
                0x08001144                ADCT_SystemFPT_CheckAlarm_Siren
 .text.ADCT_SystemFPT_RunOutput
                0x08001184      0x700 Apps\src\ADCT_BGS_System.o
                0x08001184                ADCT_SystemFPT_RunOutput
 .text.ADCT_BGS_DHT22_02_CbkState
                0x08001884       0x74 BSP\AM2302\src\ADCT_DHT22.o
 .text.ADCT_BGS_DHT22_01_CbkState
                0x080018f8       0x70 BSP\AM2302\src\ADCT_DHT22.o
 .text.ADCT_BGS_DHT22Init
                0x08001968       0x78 BSP\AM2302\src\ADCT_DHT22.o
                0x08001968                ADCT_BGS_DHT22Init
 .text.DHT22_Module_Init_Hardware
                0x080019e0       0x1c BSP\AM2302\src\ADCT_DHT22.o
                0x080019e0                DHT22_Module_Init_Hardware
 .text.ADCT_BGS_DHT22_CheckCRC
                0x080019fc       0x2c BSP\AM2302\src\ADCT_DHT22.o
                0x080019fc                ADCT_BGS_DHT22_CheckCRC
 .text.ADCT_BGS_DHT22Start
                0x08001a28      0x168 BSP\AM2302\src\ADCT_DHT22.o
                0x08001a28                ADCT_BGS_DHT22Start
 .text.ADCT_BGS_DHT22Measuring
                0x08001b90        0xc BSP\AM2302\src\ADCT_DHT22.o
                0x08001b90                ADCT_BGS_DHT22Measuring
 .text.ADCT_BGS_DHT22GetTemp
                0x08001b9c       0x18 BSP\AM2302\src\ADCT_DHT22.o
                0x08001b9c                ADCT_BGS_DHT22GetTemp
 .text.ADCT_BGS_DHT22GetHumidity
                0x08001bb4       0x18 BSP\AM2302\src\ADCT_DHT22.o
                0x08001bb4                ADCT_BGS_DHT22GetHumidity
 .text.ADCT_DHT22_FPT_GetValue
                0x08001bcc       0x54 BSP\AM2302\src\ADCT_DHT22.o
                0x08001bcc                ADCT_DHT22_FPT_GetValue
 .text.vExtiInit
                0x08001c20       0x14 BSP\AM2302\src\ADCT_DHT22_exti.o
                0x08001c20                vExtiInit
 .text.vExtiAddCb
                0x08001c34       0x1c BSP\AM2302\src\ADCT_DHT22_exti.o
                0x08001c34                vExtiAddCb
 .text.vExtiStart
                0x08001c50       0xd4 BSP\AM2302\src\ADCT_DHT22_exti.o
                0x08001c50                vExtiStart
 .text.vExtiHandleInt
                0x08001d24       0x8c BSP\AM2302\src\ADCT_DHT22_exti.o
                0x08001d24                vExtiHandleInt
 .text.EXTI0_IRQHandler
                0x08001db0       0x18 BSP\AM2302\src\ADCT_DHT22_exti.o
                0x08001db0                EXTI0_IRQHandler
 .text.EXTI1_IRQHandler
                0x08001dc8       0x18 BSP\AM2302\src\ADCT_DHT22_exti.o
                0x08001dc8                EXTI1_IRQHandler
 .text.EXTI2_IRQHandler
                0x08001de0       0x18 BSP\AM2302\src\ADCT_DHT22_exti.o
                0x08001de0                EXTI2_IRQHandler
 .text.EXTI15_10_IRQHandler
                0x08001df8       0x90 BSP\AM2302\src\ADCT_DHT22_exti.o
                0x08001df8                EXTI15_10_IRQHandler
 .text.EXTI9_5_IRQHandler
                0x08001e88       0x6c BSP\AM2302\src\ADCT_DHT22_exti.o
                0x08001e88                EXTI9_5_IRQHandler
 .text.EEPROM_LowLevel_Init
                0x08001ef4       0xf0 BSP\AT24C64\src\ADCT_AT24C64.o
                0x08001ef4                EEPROM_LowLevel_Init
 .text.EEPROM_LowLevel_DMAConfig
                0x08001fe4       0x38 BSP\AT24C64\src\ADCT_AT24C64.o
                0x08001fe4                EEPROM_LowLevel_DMAConfig
 .text.EEPROM_Init
                0x0800201c       0x64 BSP\AT24C64\src\ADCT_AT24C64.o
                0x0800201c                EEPROM_Init
 .text.DMA1_Channel7_IRQHandler
                0x08002080       0x3c BSP\AT24C64\src\ADCT_AT24C64.o
                0x08002080                DMA1_Channel7_IRQHandler
 .text.EEPROM_TIMEOUT_UserCallback
                0x080020bc        0x4 BSP\AT24C64\src\ADCT_AT24C64.o
                0x080020bc                EEPROM_TIMEOUT_UserCallback
 .text.EEPROM_WritePage
                0x080020c0      0x124 BSP\AT24C64\src\ADCT_AT24C64.o
                0x080020c0                EEPROM_WritePage
 .text.EEPROM_WaitEepromStandbyState
                0x080021e4       0xe0 BSP\AT24C64\src\ADCT_AT24C64.o
                0x080021e4                EEPROM_WaitEepromStandbyState
 .text.EEPROM_WriteBuffer
                0x080022c4      0x264 BSP\AT24C64\src\ADCT_AT24C64.o
                0x080022c4                EEPROM_WriteBuffer
 .text.DMA1_Channel6_IRQHandler
                0x08002528       0x6c BSP\AT24C64\src\ADCT_AT24C64.o
                0x08002528                DMA1_Channel6_IRQHandler
 .text.EEPROM_EnterCriticalSection_UserCallback
                0x08002594        0x4 BSP\AT24C64\src\ADCT_AT24C64.o
                0x08002594                EEPROM_EnterCriticalSection_UserCallback
 .text.EEPROM_ExitCriticalSection_UserCallback
                0x08002598        0x4 BSP\AT24C64\src\ADCT_AT24C64.o
                0x08002598                EEPROM_ExitCriticalSection_UserCallback
 .text.EEPROM_ReadBuffer
                0x0800259c      0x23c BSP\AT24C64\src\ADCT_AT24C64.o
                0x0800259c                EEPROM_ReadBuffer
 .text.ADCT_AT24C64_ReadOneByte
                0x080027d8       0x2c BSP\AT24C64\src\ADCT_AT24C64.o
                0x080027d8                ADCT_AT24C64_ReadOneByte
 .text.ADCT_AT24C64_WriteTwoBytes
                0x08002804       0x20 BSP\AT24C64\src\ADCT_AT24C64.o
                0x08002804                ADCT_AT24C64_WriteTwoBytes
 .text.ADCT_AT24C64_WriteOneBytes
                0x08002824       0x1c BSP\AT24C64\src\ADCT_AT24C64.o
                0x08002824                ADCT_AT24C64_WriteOneBytes
 .text.ADCT_BGS_Button_Init
                0x08002840       0xb8 BSP\BUTTON\src\ADCT_BGS_BUTTON.o
                0x08002840                ADCT_BGS_Button_Init
 .text.TM_BUTTON_Init
                0x080028f8       0x84 BSP\BUTTON\src\tm_stm32_button.o
                0x080028f8                TM_BUTTON_Init
 .text.TM_BUTTON_SetPressTime
                0x0800297c        0x8 BSP\BUTTON\src\tm_stm32_button.o
                0x0800297c                TM_BUTTON_SetPressTime
 .text.eMBFuncReadCoils
                0x08002984       0x78 BSP\MODBUS\modbus\functions\mbfunccoils.o
                0x08002984                eMBFuncReadCoils
 .text.eMBFuncWriteCoil
                0x080029fc       0x64 BSP\MODBUS\modbus\functions\mbfunccoils.o
                0x080029fc                eMBFuncWriteCoil
 .text.eMBFuncWriteMultipleCoils
                0x08002a60       0x68 BSP\MODBUS\modbus\functions\mbfunccoils.o
                0x08002a60                eMBFuncWriteMultipleCoils
 .text.eMBFuncReadDiscreteInputs
                0x08002ac8       0x78 BSP\MODBUS\modbus\functions\mbfuncdisc.o
                0x08002ac8                eMBFuncReadDiscreteInputs
 .text.eMBFuncWriteHoldingRegister
                0x08002b40       0x30 BSP\MODBUS\modbus\functions\mbfuncholding.o
                0x08002b40                eMBFuncWriteHoldingRegister
 .text.eMBFuncWriteMultipleHoldingRegister
                0x08002b70       0x58 BSP\MODBUS\modbus\functions\mbfuncholding.o
                0x08002b70                eMBFuncWriteMultipleHoldingRegister
 .text.eMBFuncReadHoldingRegister
                0x08002bc8       0x64 BSP\MODBUS\modbus\functions\mbfuncholding.o
                0x08002bc8                eMBFuncReadHoldingRegister
 .text.eMBFuncReadWriteMultipleHoldingRegister
                0x08002c2c       0xbc BSP\MODBUS\modbus\functions\mbfuncholding.o
                0x08002c2c                eMBFuncReadWriteMultipleHoldingRegister
 .text.eMBFuncReadInputRegister
                0x08002ce8       0x68 BSP\MODBUS\modbus\functions\mbfuncinput.o
                0x08002ce8                eMBFuncReadInputRegister
 .text.eMBFuncReportSlaveID
                0x08002d50       0x24 BSP\MODBUS\modbus\functions\mbfuncother.o
                0x08002d50                eMBFuncReportSlaveID
 .text.prveMBError2Exception
                0x08002d74       0x1c BSP\MODBUS\modbus\functions\mbutils.o
                0x08002d74                prveMBError2Exception
 .text.eMBInit  0x08002d90       0xb8 BSP\MODBUS\modbus\mb.o
                0x08002d90                eMBInit
 .text.eMBEnable
                0x08002e48       0x24 BSP\MODBUS\modbus\mb.o
                0x08002e48                eMBEnable
 .text.eMBPoll  0x08002e6c      0x10c BSP\MODBUS\modbus\mb.o
                0x08002e6c                eMBPoll
 .text.usMBCRC16
                0x08002f78       0x34 BSP\MODBUS\modbus\rtu\mbcrc.o
                0x08002f78                usMBCRC16
 .text.eMBRTUInit
                0x08002fac       0x44 BSP\MODBUS\modbus\rtu\mbrtu.o
                0x08002fac                eMBRTUInit
 .text.eMBRTUStart
                0x08002ff0       0x1c BSP\MODBUS\modbus\rtu\mbrtu.o
                0x08002ff0                eMBRTUStart
 .text.eMBRTUStop
                0x0800300c       0x14 BSP\MODBUS\modbus\rtu\mbrtu.o
                0x0800300c                eMBRTUStop
 .text.eMBRTUReceive
                0x08003020       0x4c BSP\MODBUS\modbus\rtu\mbrtu.o
                0x08003020                eMBRTUReceive
 .text.eMBRTUSend
                0x0800306c       0x7c BSP\MODBUS\modbus\rtu\mbrtu.o
                0x0800306c                eMBRTUSend
 .text.xMBRTUReceiveFSM
                0x080030e8       0x8c BSP\MODBUS\modbus\rtu\mbrtu.o
                0x080030e8                xMBRTUReceiveFSM
 .text.xMBRTUTransmitFSM
                0x08003174       0x84 BSP\MODBUS\modbus\rtu\mbrtu.o
                0x08003174                xMBRTUTransmitFSM
 .text.xMBRTUTimerT35Expired
                0x080031f8       0x3c BSP\MODBUS\modbus\rtu\mbrtu.o
                0x080031f8                xMBRTUTimerT35Expired
 .text.xMBPortEventInit
                0x08003234       0x10 BSP\MODBUS\port\portevent.o
                0x08003234                xMBPortEventInit
 .text.xMBPortEventPost
                0x08003244       0x18 BSP\MODBUS\port\portevent.o
                0x08003244                xMBPortEventPost
 .text.xMBPortEventGet
                0x0800325c       0x24 BSP\MODBUS\port\portevent.o
                0x0800325c                xMBPortEventGet
 .text.vMBPortSerialEnable
                0x08003280       0x5c BSP\MODBUS\port\portserial.o
                0x08003280                vMBPortSerialEnable
 .text.xMBPortSerialInit
                0x080032dc      0x110 BSP\MODBUS\port\portserial.o
                0x080032dc                xMBPortSerialInit
 .text.xMBPortSerialPutByte
                0x080033ec       0x14 BSP\MODBUS\port\portserial.o
                0x080033ec                xMBPortSerialPutByte
 .text.xMBPortSerialGetByte
                0x08003400       0x14 BSP\MODBUS\port\portserial.o
                0x08003400                xMBPortSerialGetByte
 .text.USART3_IRQHandler
                0x08003414       0x48 BSP\MODBUS\port\portserial.o
                0x08003414                USART3_IRQHandler
 .text.xMBPortTimersInit
                0x0800345c       0x74 BSP\MODBUS\port\porttimer.o
                0x0800345c                xMBPortTimersInit
 .text.vMBPortTimersEnable
                0x080034d0       0x1c BSP\MODBUS\port\porttimer.o
                0x080034d0                vMBPortTimersEnable
 .text.vMBPortTimersDisable
                0x080034ec       0x10 BSP\MODBUS\port\porttimer.o
                0x080034ec                vMBPortTimersDisable
 .text.TIM4_IRQHandler
                0x080034fc       0x24 BSP\MODBUS\port\porttimer.o
                0x080034fc                TIM4_IRQHandler
 .text.ADCT_Relay_Init
                0x08003520       0x70 BSP\RELAY\src\ADCT_Relay.o
                0x08003520                ADCT_Relay_Init
 .text.RTC_RCC_Configuration
                0x08003590       0x58 BSP\RTC\src\ADCT_RTC.o
                0x08003590                RTC_RCC_Configuration
 .text.SetTime  0x080035e8       0x24 BSP\RTC\src\ADCT_RTC.o
                0x080035e8                SetTime
 .text.ADCT_BGS_Run_RTC
                0x0800360c       0x6c BSP\RTC\src\ADCT_RTC.o
                0x0800360c                ADCT_BGS_Run_RTC
 .text.CheckLeap
                0x08003678       0x40 BSP\RTC\src\ADCT_RTC.o
                0x08003678                CheckLeap
 .text.SetDate  0x080036b8       0x64 BSP\RTC\src\ADCT_RTC.o
                0x080036b8                SetDate
 .text.ADCT_BGS_Setting_Date_Time
                0x0800371c       0x1c BSP\RTC\src\ADCT_RTC.o
                0x0800371c                ADCT_BGS_Setting_Date_Time
 .text.DateUpdate
                0x08003738       0xf0 BSP\RTC\src\ADCT_RTC.o
                0x08003738                DateUpdate
 .text.WeekDay  0x08003828       0x6c BSP\RTC\src\ADCT_RTC.o
                0x08003828                WeekDay
 .text.CheckForDaysElapsed
                0x08003894       0x5c BSP\RTC\src\ADCT_RTC.o
                0x08003894                CheckForDaysElapsed
 .text.RTC_Configuration
                0x080038f0      0x13c BSP\RTC\src\ADCT_RTC.o
                0x080038f0                RTC_Configuration
 .text.RTC_NVIC_Configuration
                0x08003a2c       0x28 BSP\RTC\src\ADCT_RTC.o
                0x08003a2c                RTC_NVIC_Configuration
 .text.ADCT_BGS_RTC_Init
                0x08003a54       0x38 BSP\RTC\src\ADCT_RTC.o
                0x08003a54                ADCT_BGS_RTC_Init
 .text.RTC_IRQHandler
                0x08003a8c      0x140 BSP\RTC\src\ADCT_RTC.o
                0x08003a8c                RTC_IRQHandler
 .text.ADCT_BGS_Sensor_Input_Init
                0x08003bcc       0x4c BSP\SENSOR\src\ADCT_Sensor.o
                0x08003bcc                ADCT_BGS_Sensor_Input_Init
 .text.ADCT_BGS_Systick_Init
                0x08003c18       0x34 BSP\delay\src\ADCT_BGS_FPT_Delay.o
                0x08003c18                ADCT_BGS_Systick_Init
 .text.TM_DELAY_Init
                0x08003c4c       0x3c BSP\delay\src\ADCT_BGS_FPT_Delay.o
                0x08003c4c                TM_DELAY_Init
 .text.TM_DELAY_TimerCreate
                0x08003c88       0x54 BSP\delay\src\ADCT_BGS_FPT_Delay.o
                0x08003c88                TM_DELAY_TimerCreate
 .text.TimerGetUS
                0x08003cdc       0x18 BSP\delay\src\ADCT_BGS_FPT_Delay.o
                0x08003cdc                TimerGetUS
 .text.HAL_IncTick
                0x08003cf4       0x80 BSP\delay\src\ADCT_BGS_FPT_Delay.o
                0x08003cf4                HAL_IncTick
 .text.NVIC_PriorityGroupConfig
                0x08003d74       0x14 Libraries\STM32F10x_StdPeriph_Driver\src\misc.o
                0x08003d74                NVIC_PriorityGroupConfig
 .text.NVIC_Init
                0x08003d88       0x64 Libraries\STM32F10x_StdPeriph_Driver\src\misc.o
                0x08003d88                NVIC_Init
 .text.BKP_DeInit
                0x08003dec       0x10 Libraries\STM32F10x_StdPeriph_Driver\src\stm32f10x_bkp.o
                0x08003dec                BKP_DeInit
 .text.BKP_RTCOutputConfig
                0x08003dfc       0x14 Libraries\STM32F10x_StdPeriph_Driver\src\stm32f10x_bkp.o
                0x08003dfc                BKP_RTCOutputConfig
 .text.BKP_WriteBackupRegister
                0x08003e10       0x1c Libraries\STM32F10x_StdPeriph_Driver\src\stm32f10x_bkp.o
                0x08003e10                BKP_WriteBackupRegister
 .text.BKP_ReadBackupRegister
                0x08003e2c       0x20 Libraries\STM32F10x_StdPeriph_Driver\src\stm32f10x_bkp.o
                0x08003e2c                BKP_ReadBackupRegister
 .text.DMA_DeInit
                0x08003e4c      0x128 Libraries\STM32F10x_StdPeriph_Driver\src\stm32f10x_dma.o
                0x08003e4c                DMA_DeInit
 .text.DMA_Init
                0x08003f74       0x40 Libraries\STM32F10x_StdPeriph_Driver\src\stm32f10x_dma.o
                0x08003f74                DMA_Init
 .text.DMA_Cmd  0x08003fb4       0x1c Libraries\STM32F10x_StdPeriph_Driver\src\stm32f10x_dma.o
                0x08003fb4                DMA_Cmd
 .text.DMA_ITConfig
                0x08003fd0       0x14 Libraries\STM32F10x_StdPeriph_Driver\src\stm32f10x_dma.o
                0x08003fd0                DMA_ITConfig
 .text.DMA_GetFlagStatus
                0x08003fe4       0x24 Libraries\STM32F10x_StdPeriph_Driver\src\stm32f10x_dma.o
                0x08003fe4                DMA_GetFlagStatus
 .text.DMA_ClearFlag
                0x08004008       0x1c Libraries\STM32F10x_StdPeriph_Driver\src\stm32f10x_dma.o
                0x08004008                DMA_ClearFlag
 .text.EXTI_Init
                0x08004024       0x90 Libraries\STM32F10x_StdPeriph_Driver\src\stm32f10x_exti.o
                0x08004024                EXTI_Init
 .text.EXTI_GetITStatus
                0x080040b4       0x20 Libraries\STM32F10x_StdPeriph_Driver\src\stm32f10x_exti.o
                0x080040b4                EXTI_GetITStatus
 .text.EXTI_ClearITPendingBit
                0x080040d4        0xc Libraries\STM32F10x_StdPeriph_Driver\src\stm32f10x_exti.o
                0x080040d4                EXTI_ClearITPendingBit
 .text.FLASH_SetLatency
                0x080040e0       0x14 Libraries\STM32F10x_StdPeriph_Driver\src\stm32f10x_flash.o
                0x080040e0                FLASH_SetLatency
 .text.FLASH_PrefetchBufferCmd
                0x080040f4       0x18 Libraries\STM32F10x_StdPeriph_Driver\src\stm32f10x_flash.o
                0x080040f4                FLASH_PrefetchBufferCmd
 .text.FLASH_Unlock
                0x0800410c       0x18 Libraries\STM32F10x_StdPeriph_Driver\src\stm32f10x_flash.o
                0x0800410c                FLASH_Unlock
 .text.GPIO_Init
                0x08004124       0x9c Libraries\STM32F10x_StdPeriph_Driver\src\stm32f10x_gpio.o
                0x08004124                GPIO_Init
 .text.GPIO_ReadInputDataBit
                0x080041c0       0x10 Libraries\STM32F10x_StdPeriph_Driver\src\stm32f10x_gpio.o
                0x080041c0                GPIO_ReadInputDataBit
 .text.GPIO_ReadOutputDataBit
                0x080041d0       0x10 Libraries\STM32F10x_StdPeriph_Driver\src\stm32f10x_gpio.o
                0x080041d0                GPIO_ReadOutputDataBit
 .text.GPIO_SetBits
                0x080041e0        0x4 Libraries\STM32F10x_StdPeriph_Driver\src\stm32f10x_gpio.o
                0x080041e0                GPIO_SetBits
 .text.GPIO_ResetBits
                0x080041e4        0x4 Libraries\STM32F10x_StdPeriph_Driver\src\stm32f10x_gpio.o
                0x080041e4                GPIO_ResetBits
 .text.GPIO_WriteBit
                0x080041e8        0xc Libraries\STM32F10x_StdPeriph_Driver\src\stm32f10x_gpio.o
                0x080041e8                GPIO_WriteBit
 .text.GPIO_PinRemapConfig
                0x080041f4       0x74 Libraries\STM32F10x_StdPeriph_Driver\src\stm32f10x_gpio.o
                0x080041f4                GPIO_PinRemapConfig
 .text.GPIO_EXTILineConfig
                0x08004268       0x34 Libraries\STM32F10x_StdPeriph_Driver\src\stm32f10x_gpio.o
                0x08004268                GPIO_EXTILineConfig
 .text.I2C_Init
                0x0800429c       0xdc Libraries\STM32F10x_StdPeriph_Driver\src\stm32f10x_i2c.o
                0x0800429c                I2C_Init
 .text.I2C_Cmd  0x08004378       0x1c Libraries\STM32F10x_StdPeriph_Driver\src\stm32f10x_i2c.o
                0x08004378                I2C_Cmd
 .text.I2C_DMACmd
                0x08004394       0x1c Libraries\STM32F10x_StdPeriph_Driver\src\stm32f10x_i2c.o
                0x08004394                I2C_DMACmd
 .text.I2C_DMALastTransferCmd
                0x080043b0       0x1c Libraries\STM32F10x_StdPeriph_Driver\src\stm32f10x_i2c.o
                0x080043b0                I2C_DMALastTransferCmd
 .text.I2C_GenerateSTART
                0x080043cc       0x1c Libraries\STM32F10x_StdPeriph_Driver\src\stm32f10x_i2c.o
                0x080043cc                I2C_GenerateSTART
 .text.I2C_GenerateSTOP
                0x080043e8       0x1c Libraries\STM32F10x_StdPeriph_Driver\src\stm32f10x_i2c.o
                0x080043e8                I2C_GenerateSTOP
 .text.I2C_AcknowledgeConfig
                0x08004404       0x1c Libraries\STM32F10x_StdPeriph_Driver\src\stm32f10x_i2c.o
                0x08004404                I2C_AcknowledgeConfig
 .text.I2C_SendData
                0x08004420        0x4 Libraries\STM32F10x_StdPeriph_Driver\src\stm32f10x_i2c.o
                0x08004420                I2C_SendData
 .text.I2C_ReceiveData
                0x08004424        0x8 Libraries\STM32F10x_StdPeriph_Driver\src\stm32f10x_i2c.o
                0x08004424                I2C_ReceiveData
 .text.I2C_Send7bitAddress
                0x0800442c       0x14 Libraries\STM32F10x_StdPeriph_Driver\src\stm32f10x_i2c.o
                0x0800442c                I2C_Send7bitAddress
 .text.I2C_CheckEvent
                0x08004440       0x1c Libraries\STM32F10x_StdPeriph_Driver\src\stm32f10x_i2c.o
                0x08004440                I2C_CheckEvent
 .text.I2C_GetFlagStatus
                0x0800445c       0x38 Libraries\STM32F10x_StdPeriph_Driver\src\stm32f10x_i2c.o
                0x0800445c                I2C_GetFlagStatus
 .text.I2C_ClearFlag
                0x08004494        0xc Libraries\STM32F10x_StdPeriph_Driver\src\stm32f10x_i2c.o
                0x08004494                I2C_ClearFlag
 .text.PWR_BackupAccessCmd
                0x080044a0        0xc Libraries\STM32F10x_StdPeriph_Driver\src\stm32f10x_pwr.o
                0x080044a0                PWR_BackupAccessCmd
 .text.PWR_PVDCmd
                0x080044ac        0xc Libraries\STM32F10x_StdPeriph_Driver\src\stm32f10x_pwr.o
                0x080044ac                PWR_PVDCmd
 .text.PWR_PVDLevelConfig
                0x080044b8       0x14 Libraries\STM32F10x_StdPeriph_Driver\src\stm32f10x_pwr.o
                0x080044b8                PWR_PVDLevelConfig
 .text.RCC_PLLConfig
                0x080044cc       0x14 Libraries\STM32F10x_StdPeriph_Driver\src\stm32f10x_rcc.o
                0x080044cc                RCC_PLLConfig
 .text.RCC_PLLCmd
                0x080044e0        0xc Libraries\STM32F10x_StdPeriph_Driver\src\stm32f10x_rcc.o
                0x080044e0                RCC_PLLCmd
 .text.RCC_SYSCLKConfig
                0x080044ec       0x14 Libraries\STM32F10x_StdPeriph_Driver\src\stm32f10x_rcc.o
                0x080044ec                RCC_SYSCLKConfig
 .text.RCC_GetSYSCLKSource
                0x08004500       0x10 Libraries\STM32F10x_StdPeriph_Driver\src\stm32f10x_rcc.o
                0x08004500                RCC_GetSYSCLKSource
 .text.RCC_HCLKConfig
                0x08004510       0x14 Libraries\STM32F10x_StdPeriph_Driver\src\stm32f10x_rcc.o
                0x08004510                RCC_HCLKConfig
 .text.RCC_PCLK1Config
                0x08004524       0x14 Libraries\STM32F10x_StdPeriph_Driver\src\stm32f10x_rcc.o
                0x08004524                RCC_PCLK1Config
 .text.RCC_PCLK2Config
                0x08004538       0x14 Libraries\STM32F10x_StdPeriph_Driver\src\stm32f10x_rcc.o
                0x08004538                RCC_PCLK2Config
 .text.RCC_LSEConfig
                0x0800454c       0x28 Libraries\STM32F10x_StdPeriph_Driver\src\stm32f10x_rcc.o
                0x0800454c                RCC_LSEConfig
 .text.RCC_RTCCLKConfig
                0x08004574       0x10 Libraries\STM32F10x_StdPeriph_Driver\src\stm32f10x_rcc.o
                0x08004574                RCC_RTCCLKConfig
 .text.RCC_RTCCLKCmd
                0x08004584        0xc Libraries\STM32F10x_StdPeriph_Driver\src\stm32f10x_rcc.o
                0x08004584                RCC_RTCCLKCmd
 .text.RCC_GetClocksFreq
                0x08004590       0xbc Libraries\STM32F10x_StdPeriph_Driver\src\stm32f10x_rcc.o
                0x08004590                RCC_GetClocksFreq
 .text.RCC_AHBPeriphClockCmd
                0x0800464c       0x1c Libraries\STM32F10x_StdPeriph_Driver\src\stm32f10x_rcc.o
                0x0800464c                RCC_AHBPeriphClockCmd
 .text.RCC_APB2PeriphClockCmd
                0x08004668       0x1c Libraries\STM32F10x_StdPeriph_Driver\src\stm32f10x_rcc.o
                0x08004668                RCC_APB2PeriphClockCmd
 .text.RCC_APB1PeriphClockCmd
                0x08004684       0x1c Libraries\STM32F10x_StdPeriph_Driver\src\stm32f10x_rcc.o
                0x08004684                RCC_APB1PeriphClockCmd
 .text.RCC_BackupResetCmd
                0x080046a0        0xc Libraries\STM32F10x_StdPeriph_Driver\src\stm32f10x_rcc.o
                0x080046a0                RCC_BackupResetCmd
 .text.RCC_GetFlagStatus
                0x080046ac       0x34 Libraries\STM32F10x_StdPeriph_Driver\src\stm32f10x_rcc.o
                0x080046ac                RCC_GetFlagStatus
 .text.RCC_WaitForHSEStartUp
                0x080046e0       0x34 Libraries\STM32F10x_StdPeriph_Driver\src\stm32f10x_rcc.o
                0x080046e0                RCC_WaitForHSEStartUp
 .text.RTC_ITConfig
                0x08004714       0x20 Libraries\STM32F10x_StdPeriph_Driver\src\stm32f10x_rtc.o
                0x08004714                RTC_ITConfig
 .text.RTC_EnterConfigMode
                0x08004734       0x14 Libraries\STM32F10x_StdPeriph_Driver\src\stm32f10x_rtc.o
                0x08004734                RTC_EnterConfigMode
 .text.RTC_ExitConfigMode
                0x08004748       0x14 Libraries\STM32F10x_StdPeriph_Driver\src\stm32f10x_rtc.o
                0x08004748                RTC_ExitConfigMode
 .text.RTC_GetCounter
                0x0800475c       0x28 Libraries\STM32F10x_StdPeriph_Driver\src\stm32f10x_rtc.o
                0x0800475c                RTC_GetCounter
 .text.RTC_SetCounter
                0x08004784       0x1c Libraries\STM32F10x_StdPeriph_Driver\src\stm32f10x_rtc.o
                0x08004784                RTC_SetCounter
 .text.RTC_SetPrescaler
                0x080047a0       0x20 Libraries\STM32F10x_StdPeriph_Driver\src\stm32f10x_rtc.o
                0x080047a0                RTC_SetPrescaler
 .text.RTC_WaitForLastTask
                0x080047c0       0x14 Libraries\STM32F10x_StdPeriph_Driver\src\stm32f10x_rtc.o
                0x080047c0                RTC_WaitForLastTask
 .text.RTC_GetITStatus
                0x080047d4       0x20 Libraries\STM32F10x_StdPeriph_Driver\src\stm32f10x_rtc.o
                0x080047d4                RTC_GetITStatus
 .text.RTC_ClearITPendingBit
                0x080047f4       0x14 Libraries\STM32F10x_StdPeriph_Driver\src\stm32f10x_rtc.o
                0x080047f4                RTC_ClearITPendingBit
 .text.TIM_TimeBaseInit
                0x08004808       0x94 Libraries\STM32F10x_StdPeriph_Driver\src\stm32f10x_tim.o
                0x08004808                TIM_TimeBaseInit
 .text.TIM_TimeBaseStructInit
                0x0800489c       0x14 Libraries\STM32F10x_StdPeriph_Driver\src\stm32f10x_tim.o
                0x0800489c                TIM_TimeBaseStructInit
 .text.TIM_Cmd  0x080048b0       0x1c Libraries\STM32F10x_StdPeriph_Driver\src\stm32f10x_tim.o
                0x080048b0                TIM_Cmd
 .text.TIM_ITConfig
                0x080048cc       0x18 Libraries\STM32F10x_StdPeriph_Driver\src\stm32f10x_tim.o
                0x080048cc                TIM_ITConfig
 .text.TIM_SetCounter
                0x080048e4        0x4 Libraries\STM32F10x_StdPeriph_Driver\src\stm32f10x_tim.o
                0x080048e4                TIM_SetCounter
 .text.TIM_GetITStatus
                0x080048e8       0x18 Libraries\STM32F10x_StdPeriph_Driver\src\stm32f10x_tim.o
                0x080048e8                TIM_GetITStatus
 .text.TIM_ClearITPendingBit
                0x08004900        0x8 Libraries\STM32F10x_StdPeriph_Driver\src\stm32f10x_tim.o
                0x08004900                TIM_ClearITPendingBit
 .text.USART_Init
                0x08004908       0xc8 Libraries\STM32F10x_StdPeriph_Driver\src\stm32f10x_usart.o
                0x08004908                USART_Init
 .text.USART_Cmd
                0x080049d0       0x1c Libraries\STM32F10x_StdPeriph_Driver\src\stm32f10x_usart.o
                0x080049d0                USART_Cmd
 .text.USART_ITConfig
                0x080049ec       0x38 Libraries\STM32F10x_StdPeriph_Driver\src\stm32f10x_usart.o
                0x080049ec                USART_ITConfig
 .text.USART_SendData
                0x08004a24        0x8 Libraries\STM32F10x_StdPeriph_Driver\src\stm32f10x_usart.o
                0x08004a24                USART_SendData
 .text.USART_ReceiveData
                0x08004a2c        0x8 Libraries\STM32F10x_StdPeriph_Driver\src\stm32f10x_usart.o
                0x08004a2c                USART_ReceiveData
 .text.USART_GetITStatus
                0x08004a34       0x4c Libraries\STM32F10x_StdPeriph_Driver\src\stm32f10x_usart.o
                0x08004a34                USART_GetITStatus
 .text.USART_ClearITPendingBit
                0x08004a80       0x10 Libraries\STM32F10x_StdPeriph_Driver\src\stm32f10x_usart.o
                0x08004a80                USART_ClearITPendingBit
 .text.ADCT_BGS_Initialize_system
                0x08004a90      0x204 src\main.o
                0x08004a90                ADCT_BGS_Initialize_system
 .text.main     0x08004c94       0xac src\main.o
                0x08004c94                main
 .text.Reset_Handler
                0x08004d40       0x50 src\startup_stm32f10x_md.o
                0x08004d40                Reset_Handler
 .text.Default_Handler
                0x08004d90        0x2 src\startup_stm32f10x_md.o
                0x08004d90                TIM1_CC_IRQHandler
                0x08004d90                PVD_IRQHandler
                0x08004d90                EXTI3_IRQHandler
                0x08004d90                I2C2_EV_IRQHandler
                0x08004d90                ADC1_2_IRQHandler
                0x08004d90                SPI1_IRQHandler
                0x08004d90                TAMPER_IRQHandler
                0x08004d90                DMA1_Channel4_IRQHandler
                0x08004d90                CAN1_RX1_IRQHandler
                0x08004d90                I2C1_EV_IRQHandler
                0x08004d90                TIM3_IRQHandler
                0x08004d90                RCC_IRQHandler
                0x08004d90                TIM1_TRG_COM_IRQHandler
                0x08004d90                DMA1_Channel1_IRQHandler
                0x08004d90                Default_Handler
                0x08004d90                SPI2_IRQHandler
                0x08004d90                DMA1_Channel5_IRQHandler
                0x08004d90                EXTI4_IRQHandler
                0x08004d90                USB_LP_CAN1_RX0_IRQHandler
                0x08004d90                USB_HP_CAN1_TX_IRQHandler
                0x08004d90                DMA1_Channel3_IRQHandler
                0x08004d90                TIM1_UP_IRQHandler
                0x08004d90                WWDG_IRQHandler
                0x08004d90                TIM2_IRQHandler
                0x08004d90                TIM1_BRK_IRQHandler
                0x08004d90                RTCAlarm_IRQHandler
                0x08004d90                USART2_IRQHandler
                0x08004d90                I2C2_ER_IRQHandler
                0x08004d90                DMA1_Channel2_IRQHandler
                0x08004d90                CAN1_SCE_IRQHandler
                0x08004d90                FLASH_IRQHandler
                0x08004d90                USART1_IRQHandler
                0x08004d90                I2C1_ER_IRQHandler
                0x08004d90                USBWakeUp_IRQHandler
 *fill*         0x08004d92        0x2 
 .text.NMI_Handler
                0x08004d94        0x4 src\stm32f1xx_it.o
                0x08004d94                NMI_Handler
 .text.HardFault_Handler
                0x08004d98        0x4 src\stm32f1xx_it.o
                0x08004d98                HardFault_Handler
 .text.MemManage_Handler
                0x08004d9c        0x4 src\stm32f1xx_it.o
                0x08004d9c                MemManage_Handler
 .text.BusFault_Handler
                0x08004da0        0x4 src\stm32f1xx_it.o
                0x08004da0                BusFault_Handler
 .text.UsageFault_Handler
                0x08004da4        0x4 src\stm32f1xx_it.o
                0x08004da4                UsageFault_Handler
 .text.SVC_Handler
                0x08004da8        0x4 src\stm32f1xx_it.o
                0x08004da8                SVC_Handler
 .text.DebugMon_Handler
                0x08004dac        0x4 src\stm32f1xx_it.o
                0x08004dac                DebugMon_Handler
 .text.PendSV_Handler
                0x08004db0        0x4 src\stm32f1xx_it.o
                0x08004db0                PendSV_Handler
 .text.SysTick_Handler
                0x08004db4        0x8 src\stm32f1xx_it.o
                0x08004db4                SysTick_Handler
 .text.SetSysClockTo72
                0x08004dbc       0xc4 src\system_stm32f10x.o
 .text.SetSysClock
                0x08004e80        0x8 src\system_stm32f10x.o
 .text.SystemInit
                0x08004e88       0x50 src\system_stm32f10x.o
                0x08004e88                SystemInit
 .text.__libc_init_array
                0x08004ed8       0x4c c:/program files (x86)/atollic/truestudio for arm 7.1.2/armtools/bin/../lib/gcc/arm-atollic-eabi/5.3.1/../../../../arm-atollic-eabi/lib/armv7-m\libc_nano.a(lib_a-init.o)
                0x08004ed8                __libc_init_array
 .text.malloc   0x08004f24       0x10 c:/program files (x86)/atollic/truestudio for arm 7.1.2/armtools/bin/../lib/gcc/arm-atollic-eabi/5.3.1/../../../../arm-atollic-eabi/lib/armv7-m\libc_nano.a(lib_a-malloc.o)
                0x08004f24                malloc
 .text.memcpy   0x08004f34       0x16 c:/program files (x86)/atollic/truestudio for arm 7.1.2/armtools/bin/../lib/gcc/arm-atollic-eabi/5.3.1/../../../../arm-atollic-eabi/lib/armv7-m\libc_nano.a(lib_a-memcpy-stub.o)
                0x08004f34                memcpy
 .text.memset   0x08004f4a       0x10 c:/program files (x86)/atollic/truestudio for arm 7.1.2/armtools/bin/../lib/gcc/arm-atollic-eabi/5.3.1/../../../../arm-atollic-eabi/lib/armv7-m\libc_nano.a(lib_a-memset.o)
                0x08004f4a                memset
 *fill*         0x08004f5a        0x2 
 .text._malloc_r
                0x08004f5c       0xbc c:/program files (x86)/atollic/truestudio for arm 7.1.2/armtools/bin/../lib/gcc/arm-atollic-eabi/5.3.1/../../../../arm-atollic-eabi/lib/armv7-m\libc_nano.a(lib_a-nano-mallocr.o)
                0x08004f5c                _malloc_r
 .text._sbrk_r  0x08005018       0x20 c:/program files (x86)/atollic/truestudio for arm 7.1.2/armtools/bin/../lib/gcc/arm-atollic-eabi/5.3.1/../../../../arm-atollic-eabi/lib/armv7-m\libc_nano.a(lib_a-sbrkr.o)
                0x08005018                _sbrk_r
 .text.__malloc_lock
                0x08005038        0x2 c:/program files (x86)/atollic/truestudio for arm 7.1.2/armtools/bin/../lib/gcc/arm-atollic-eabi/5.3.1/../../../../arm-atollic-eabi/lib/armv7-m\libc_nano.a(lib_a-mlock.o)
                0x08005038                __malloc_lock
 .text.__malloc_unlock
                0x0800503a        0x2 c:/program files (x86)/atollic/truestudio for arm 7.1.2/armtools/bin/../lib/gcc/arm-atollic-eabi/5.3.1/../../../../arm-atollic-eabi/lib/armv7-m\libc_nano.a(lib_a-mlock.o)
                0x0800503a                __malloc_unlock
 .text._sbrk    0x0800503c       0x1c c:/program files (x86)/atollic/truestudio for arm 7.1.2/armtools/bin/../lib/gcc/arm-atollic-eabi/5.3.1/../../../../arm-atollic-eabi/lib/armv7-m\libnosys.a(sbrk.o)
                0x0800503c                _sbrk
 *(.glue_7)
 .glue_7        0x08005058        0x0 linker stubs
 *(.glue_7t)
 .glue_7t       0x08005058        0x0 linker stubs
 *(.eh_frame)
 .eh_frame      0x08005058        0x0 c:/program files (x86)/atollic/truestudio for arm 7.1.2/armtools/bin/../lib/gcc/arm-atollic-eabi/5.3.1/armv7-m/crtbegin.o
 *(.init)
 .init          0x08005058        0x4 c:/program files (x86)/atollic/truestudio for arm 7.1.2/armtools/bin/../lib/gcc/arm-atollic-eabi/5.3.1/armv7-m/crti.o
                0x08005058                _init
 .init          0x0800505c        0x8 c:/program files (x86)/atollic/truestudio for arm 7.1.2/armtools/bin/../lib/gcc/arm-atollic-eabi/5.3.1/armv7-m/crtn.o
 *(.fini)
 .fini          0x08005064        0x4 c:/program files (x86)/atollic/truestudio for arm 7.1.2/armtools/bin/../lib/gcc/arm-atollic-eabi/5.3.1/armv7-m/crti.o
                0x08005064                _fini
 .fini          0x08005068        0x8 c:/program files (x86)/atollic/truestudio for arm 7.1.2/armtools/bin/../lib/gcc/arm-atollic-eabi/5.3.1/armv7-m/crtn.o
                0x08005070                . = ALIGN (0x4)
                0x08005070                _etext = .

.vfp11_veneer   0x08005070        0x0
 .vfp11_veneer  0x08005070        0x0 linker stubs

.v4_bx          0x08005070        0x0
 .v4_bx         0x08005070        0x0 linker stubs

.iplt           0x08005070        0x0
 .iplt          0x08005070        0x0 c:/program files (x86)/atollic/truestudio for arm 7.1.2/armtools/bin/../lib/gcc/arm-atollic-eabi/5.3.1/armv7-m/crtbegin.o

.rodata         0x08005070      0x204
                0x08005070                . = ALIGN (0x4)
 *(.rodata)
 *(.rodata*)
 .rodata.aucCRCLo
                0x08005070      0x100 BSP\MODBUS\modbus\rtu\mbcrc.o
 .rodata.aucCRCHi
                0x08005170      0x100 BSP\MODBUS\modbus\rtu\mbcrc.o
 .rodata.str1.1
                0x08005270        0x2 c:/program files (x86)/atollic/truestudio for arm 7.1.2/armtools/bin/../lib/gcc/arm-atollic-eabi/5.3.1/../../../../arm-atollic-eabi/lib/armv7-m\libc_nano.a(lib_a-impure.o)
                0x08005274                . = ALIGN (0x4)
 *fill*         0x08005272        0x2 

.rel.dyn        0x08005274        0x0
 .rel.iplt      0x08005274        0x0 c:/program files (x86)/atollic/truestudio for arm 7.1.2/armtools/bin/../lib/gcc/arm-atollic-eabi/5.3.1/armv7-m/crtbegin.o

.ARM.extab
 *(.ARM.extab* .gnu.linkonce.armextab.*)

.ARM            0x08005274        0x0
                0x08005274                __exidx_start = .
 *(.ARM.exidx*)
                0x08005274                __exidx_end = .

.preinit_array  0x08005274        0x0
                0x08005274                PROVIDE (__preinit_array_start, .)
 *(.preinit_array*)
                0x08005274                PROVIDE (__preinit_array_end, .)

.init_array     0x08005274        0x4
                0x08005274                PROVIDE (__init_array_start, .)
 *(SORT(.init_array.*))
 *(.init_array*)
 .init_array    0x08005274        0x4 c:/program files (x86)/atollic/truestudio for arm 7.1.2/armtools/bin/../lib/gcc/arm-atollic-eabi/5.3.1/armv7-m/crtbegin.o
                0x08005278                PROVIDE (__init_array_end, .)

.fini_array     0x08005278        0x4
                [!provide]                PROVIDE (__fini_array_start, .)
 *(SORT(.fini_array.*))
 *(.fini_array*)
 .fini_array    0x08005278        0x4 c:/program files (x86)/atollic/truestudio for arm 7.1.2/armtools/bin/../lib/gcc/arm-atollic-eabi/5.3.1/armv7-m/crtbegin.o
                [!provide]                PROVIDE (__fini_array_end, .)
                0x0800527c                _sidata = LOADADDR (.data)

.data           0x20000000      0x1f8 load address 0x0800527c
                0x20000000                . = ALIGN (0x4)
                0x20000000                _sdata = .
 *(.data)
 *(.data*)
 .data.adct_bgs_main_state_table
                0x20000000       0xf0 Apps\src\ADCT_BGS_Bare_state.o
                0x20000000                adct_bgs_main_state_table
 .data.EEPROMTimeout
                0x200000f0        0x4 BSP\AT24C64\src\ADCT_AT24C64.o
                0x200000f0                EEPROMTimeout
 .data.xFuncHandlers
                0x200000f4       0x80 BSP\MODBUS\modbus\mb.o
 .data.eMBState
                0x20000174        0x1 BSP\MODBUS\modbus\mb.o
 *fill*         0x20000175        0x3 
 .data.bkupdata
                0x20000178        0x4 BSP\RTC\src\ADCT_RTC.o
                0x20000178                bkupdata
 .data.ADCPrescTable
                0x2000017c        0x4 Libraries\STM32F10x_StdPeriph_Driver\src\stm32f10x_rcc.o
 .data.APBAHBPrescTable
                0x20000180       0x10 Libraries\STM32F10x_StdPeriph_Driver\src\stm32f10x_rcc.o
 .data.SystemCoreClock
                0x20000190        0x4 src\system_stm32f10x.o
                0x20000190                SystemCoreClock
 .data.impure_data
                0x20000194       0x60 c:/program files (x86)/atollic/truestudio for arm 7.1.2/armtools/bin/../lib/gcc/arm-atollic-eabi/5.3.1/../../../../arm-atollic-eabi/lib/armv7-m\libc_nano.a(lib_a-impure.o)
 .data._impure_ptr
                0x200001f4        0x4 c:/program files (x86)/atollic/truestudio for arm 7.1.2/armtools/bin/../lib/gcc/arm-atollic-eabi/5.3.1/../../../../arm-atollic-eabi/lib/armv7-m\libc_nano.a(lib_a-impure.o)
                0x200001f4                _impure_ptr
                0x200001f8                . = ALIGN (0x4)
                0x200001f8                _edata = .

.igot.plt       0x200001f8        0x0 load address 0x08005474
 .igot.plt      0x200001f8        0x0 c:/program files (x86)/atollic/truestudio for arm 7.1.2/armtools/bin/../lib/gcc/arm-atollic-eabi/5.3.1/armv7-m/crtbegin.o
                0x200001f8                . = ALIGN (0x4)

.bss            0x200001f8      0x4c4 load address 0x08005474
                0x200001f8                _sbss = .
                0x200001f8                __bss_start__ = _sbss
 *(.bss)
 .bss           0x200001f8       0x1c c:/program files (x86)/atollic/truestudio for arm 7.1.2/armtools/bin/../lib/gcc/arm-atollic-eabi/5.3.1/armv7-m/crtbegin.o
 *(.bss*)
 .bss.ActState  0x20000214        0x1 Apps\src\ADCT_BGS_Bare_state.o
                0x20000214                ActState
 *fill*         0x20000215        0x3 
 .bss.usRegHoldingBuf
                0x20000218       0xa0 Apps\src\ADCT_BGS_Modbus.o
 .bss.timeUs.7942
                0x200002b8        0x4 BSP\AM2302\src\ADCT_DHT22.o
 .bss.cnt.7937  0x200002bc        0x1 BSP\AM2302\src\ADCT_DHT22.o
 .bss.cnt.7943  0x200002bd        0x1 BSP\AM2302\src\ADCT_DHT22.o
 *fill*         0x200002be        0x2 
 .bss.g_DhtMeasuring
                0x200002c0        0x2 BSP\AM2302\src\ADCT_DHT22.o
 *fill*         0x200002c2        0x2 
 .bss.g_DhtRaw  0x200002c4        0xa BSP\AM2302\src\ADCT_DHT22.o
 *fill*         0x200002ce        0x2 
 .bss.timeUs.7936
                0x200002d0        0x4 BSP\AM2302\src\ADCT_DHT22.o
 .bss.g_ExtiConfig
                0x200002d4       0xc0 BSP\AM2302\src\ADCT_DHT22_exti.o
 .bss.EEPROMAddress
                0x20000394        0x2 BSP\AT24C64\src\ADCT_AT24C64.o
                0x20000394                EEPROMAddress
 *fill*         0x20000396        0x2 
 .bss.Buttons   0x20000398       0x2c BSP\BUTTON\src\tm_stm32_button.o
 .bss.usMBSlaveIDLen
                0x200003c4        0x2 BSP\MODBUS\modbus\functions\mbfuncother.o
 *fill*         0x200003c6        0x2 
 .bss.ucMBSlaveID
                0x200003c8       0x20 BSP\MODBUS\modbus\functions\mbfuncother.o
 .bss.pvMBFrameStopCur
                0x200003e8        0x4 BSP\MODBUS\modbus\mb.o
 .bss.peMBFrameReceiveCur
                0x200003ec        0x4 BSP\MODBUS\modbus\mb.o
 .bss.pvMBFrameStartCur
                0x200003f0        0x4 BSP\MODBUS\modbus\mb.o
 .bss.peMBFrameSendCur
                0x200003f4        0x4 BSP\MODBUS\modbus\mb.o
 .bss.ucRcvAddress.7715
                0x200003f8        0x1 BSP\MODBUS\modbus\mb.o
 .bss.ucFunctionCode.7716
                0x200003f9        0x1 BSP\MODBUS\modbus\mb.o
 .bss.ucMBAddress
                0x200003fa        0x1 BSP\MODBUS\modbus\mb.o
 *fill*         0x200003fb        0x1 
 .bss.usLength.7717
                0x200003fc        0x2 BSP\MODBUS\modbus\mb.o
 .bss.eException.7718
                0x200003fe        0x1 BSP\MODBUS\modbus\mb.o
 *fill*         0x200003ff        0x1 
 .bss.pvMBFrameCloseCur
                0x20000400        0x4 BSP\MODBUS\modbus\mb.o
 .bss.ucMBFrame.7714
                0x20000404        0x4 BSP\MODBUS\modbus\mb.o
 .bss.pucSndBufferCur
                0x20000408        0x4 BSP\MODBUS\modbus\rtu\mbrtu.o
 .bss.usSndBufferCount
                0x2000040c        0x2 BSP\MODBUS\modbus\rtu\mbrtu.o
 .bss.usRcvBufferPos
                0x2000040e        0x2 BSP\MODBUS\modbus\rtu\mbrtu.o
 .bss.eSndState
                0x20000410        0x1 BSP\MODBUS\modbus\rtu\mbrtu.o
 .bss.eRcvState
                0x20000411        0x1 BSP\MODBUS\modbus\rtu\mbrtu.o
 .bss.xEventInQueue
                0x20000412        0x1 BSP\MODBUS\port\portevent.o
 .bss.eQueuedEvent
                0x20000413        0x1 BSP\MODBUS\port\portevent.o
 .bss.CustomTimers
                0x20000414       0x18 BSP\delay\src\ADCT_BGS_FPT_Delay.o
 .bss.TM_Time   0x2000042c        0x4 BSP\delay\src\ADCT_BGS_FPT_Delay.o
                0x2000042c                TM_Time
 .bss.TM_Time2  0x20000430        0x4 BSP\delay\src\ADCT_BGS_FPT_Delay.o
                0x20000430                TM_Time2
 .bss.ui8flag_set_time
                0x20000434        0x1 src\main.o
                0x20000434                ui8flag_set_time
 *fill*         0x20000435        0x1 
 .bss.LowByte.8345
                0x20000436        0x2 src\main.o
 .bss.__malloc_sbrk_start
                0x20000438        0x4 c:/program files (x86)/atollic/truestudio for arm 7.1.2/armtools/bin/../lib/gcc/arm-atollic-eabi/5.3.1/../../../../arm-atollic-eabi/lib/armv7-m\libc_nano.a(lib_a-nano-mallocr.o)
                0x20000438                __malloc_sbrk_start
 .bss.__malloc_free_list
                0x2000043c        0x4 c:/program files (x86)/atollic/truestudio for arm 7.1.2/armtools/bin/../lib/gcc/arm-atollic-eabi/5.3.1/../../../../arm-atollic-eabi/lib/armv7-m\libc_nano.a(lib_a-nano-mallocr.o)
                0x2000043c                __malloc_free_list
 .bss.heap_end.4167
                0x20000440        0x4 c:/program files (x86)/atollic/truestudio for arm 7.1.2/armtools/bin/../lib/gcc/arm-atollic-eabi/5.3.1/../../../../arm-atollic-eabi/lib/armv7-m\libnosys.a(sbrk.o)
 *(COMMON)
 COMMON         0x20000444        0x4 ASW_Task\src\ADCT_BGS_BSW_Task.o
                0x20000444                g_ASW_Task_flag
 COMMON         0x20000448       0x44 Apps\src\ADCT_BGS_Modbus.o
                0x20000448                temp_setting
                0x2000044a                ADCT_BGS_REBOOT_BOARD
                0x2000044c                GTempSetting
 COMMON         0x2000048c       0x31 Apps\src\ADCT_BGS_State.o
                0x2000048c                count_dht22
                0x20000490                g_ADCT_BGS_TimerManager
                0x200004a8                g_ADCT_BGS_Current_RTC
                0x200004b0                g_ADCT_BGS_StateOutput
 *fill*         0x200004bd        0x3 
 COMMON         0x200004c0       0x7e Apps\src\ADCT_BGS_System.o
                0x200004c0                GstSystemSetting
                0x20000500                TempStateTimer
                0x20000504                GstSystemWarning
                0x2000050c                GstSystemStatus
 *fill*         0x2000053e        0x2 
 COMMON         0x20000540       0x35 BSP\AT24C64\src\ADCT_AT24C64.o
                0x20000540                EEPROMDataWritePointer
                0x20000544                EEPROMDataReadPointer
                0x20000548                EEPROMDMA_InitStructure
                0x20000574                EEPROMDataNum
 *fill*         0x20000575        0x3 
 COMMON         0x20000578       0x10 BSP\BUTTON\src\ADCT_BGS_BUTTON.o
                0x20000578                CancelButton
                0x2000057c                UpButton
                0x20000580                DownButton
                0x20000584                EnterButton
 COMMON         0x20000588       0x14 BSP\MODBUS\modbus\mb.o
                0x20000588                pxMBFrameCBTransmitterEmpty
                0x2000058c                pxMBPortCBTimerExpired
                0x20000590                pxMBFrameCBByteReceived
                0x20000594                pxMBFrameCBTransmitFSMCur
                0x20000598                pxMBFrameCBReceiveFSMCur
 COMMON         0x2000059c      0x100 BSP\MODBUS\modbus\rtu\mbrtu.o
                0x2000059c                ucRTUBuf
 COMMON         0x2000069c        0xf BSP\RTC\src\ADCT_RTC.o
                0x2000069c                s_TimeStructVar
                0x200006a4                s_DateStructVar
                0x200006a8                SummerTimeCorrect
                0x200006aa                ClockSource
 *fill*         0x200006ab        0x1 
 COMMON         0x200006ac        0xc src\main.o
                0x200006ac                ADCT_BGS_Date_Time_Setting
                0x200006b4                TestTimer
 COMMON         0x200006b8        0x4 c:/program files (x86)/atollic/truestudio for arm 7.1.2/armtools/bin/../lib/gcc/arm-atollic-eabi/5.3.1/../../../../arm-atollic-eabi/lib/armv7-m\libc_nano.a(lib_a-reent.o)
                0x200006b8                errno
                0x200006bc                . = ALIGN (0x4)
                0x200006bc                _ebss = .
                0x200006bc                __bss_end__ = _ebss

._user_heap_stack
                0x200006bc      0x100 load address 0x08005474
                0x200006bc                . = ALIGN (0x4)
                0x200006bc                PROVIDE (end, .)
                [!provide]                PROVIDE (_end, .)
                0x200006bc                . = (. + _Min_Heap_Size)
                0x200007bc                . = (. + _Min_Stack_Size)
 *fill*         0x200006bc      0x100 
                0x200007bc                . = ALIGN (0x4)

.memory_b1_text
 *(.mb1text)
 *(.mb1text*)
 *(.mb1rodata)
 *(.mb1rodata*)

/DISCARD/
 libc.a(*)
 libm.a(*)
 libgcc.a(*)

.ARM.attributes
                0x00000000       0x29
 *(.ARM.attributes)
 .ARM.attributes
                0x00000000       0x1d c:/program files (x86)/atollic/truestudio for arm 7.1.2/armtools/bin/../lib/gcc/arm-atollic-eabi/5.3.1/armv7-m/crti.o
 .ARM.attributes
                0x0000001d       0x2d c:/program files (x86)/atollic/truestudio for arm 7.1.2/armtools/bin/../lib/gcc/arm-atollic-eabi/5.3.1/armv7-m/crtbegin.o
 .ARM.attributes
                0x0000004a       0x33 ASW_Task\src\ADCT_BGS_BSW_Task.o
 .ARM.attributes
                0x0000007d       0x33 Apps\src\ADCT_BGS_Bare_state.o
 .ARM.attributes
                0x000000b0       0x33 Apps\src\ADCT_BGS_Modbus.o
 .ARM.attributes
                0x000000e3       0x33 Apps\src\ADCT_BGS_State.o
 .ARM.attributes
                0x00000116       0x33 Apps\src\ADCT_BGS_System.o
 .ARM.attributes
                0x00000149       0x33 BSP\AM2302\src\ADCT_DHT22.o
 .ARM.attributes
                0x0000017c       0x33 BSP\AM2302\src\ADCT_DHT22_exti.o
 .ARM.attributes
                0x000001af       0x33 BSP\AT24C64\src\ADCT_AT24C64.o
 .ARM.attributes
                0x000001e2       0x33 BSP\BUTTON\src\ADCT_BGS_BUTTON.o
 .ARM.attributes
                0x00000215       0x33 BSP\BUTTON\src\tm_stm32_button.o
 .ARM.attributes
                0x00000248       0x33 BSP\MODBUS\modbus\functions\mbfunccoils.o
 .ARM.attributes
                0x0000027b       0x33 BSP\MODBUS\modbus\functions\mbfuncdisc.o
 .ARM.attributes
                0x000002ae       0x33 BSP\MODBUS\modbus\functions\mbfuncholding.o
 .ARM.attributes
                0x000002e1       0x33 BSP\MODBUS\modbus\functions\mbfuncinput.o
 .ARM.attributes
                0x00000314       0x33 BSP\MODBUS\modbus\functions\mbfuncother.o
 .ARM.attributes
                0x00000347       0x33 BSP\MODBUS\modbus\functions\mbutils.o
 .ARM.attributes
                0x0000037a       0x33 BSP\MODBUS\modbus\mb.o
 .ARM.attributes
                0x000003ad       0x33 BSP\MODBUS\modbus\rtu\mbcrc.o
 .ARM.attributes
                0x000003e0       0x33 BSP\MODBUS\modbus\rtu\mbrtu.o
 .ARM.attributes
                0x00000413       0x33 BSP\MODBUS\port\portevent.o
 .ARM.attributes
                0x00000446       0x33 BSP\MODBUS\port\portserial.o
 .ARM.attributes
                0x00000479       0x33 BSP\MODBUS\port\porttimer.o
 .ARM.attributes
                0x000004ac       0x33 BSP\RELAY\src\ADCT_Relay.o
 .ARM.attributes
                0x000004df       0x33 BSP\RTC\src\ADCT_RTC.o
 .ARM.attributes
                0x00000512       0x33 BSP\SENSOR\src\ADCT_Sensor.o
 .ARM.attributes
                0x00000545       0x33 BSP\delay\src\ADCT_BGS_FPT_Delay.o
 .ARM.attributes
                0x00000578       0x33 Libraries\STM32F10x_StdPeriph_Driver\src\misc.o
 .ARM.attributes
                0x000005ab       0x33 Libraries\STM32F10x_StdPeriph_Driver\src\stm32f10x_bkp.o
 .ARM.attributes
                0x000005de       0x33 Libraries\STM32F10x_StdPeriph_Driver\src\stm32f10x_dma.o
 .ARM.attributes
                0x00000611       0x33 Libraries\STM32F10x_StdPeriph_Driver\src\stm32f10x_exti.o
 .ARM.attributes
                0x00000644       0x33 Libraries\STM32F10x_StdPeriph_Driver\src\stm32f10x_flash.o
 .ARM.attributes
                0x00000677       0x33 Libraries\STM32F10x_StdPeriph_Driver\src\stm32f10x_gpio.o
 .ARM.attributes
                0x000006aa       0x33 Libraries\STM32F10x_StdPeriph_Driver\src\stm32f10x_i2c.o
 .ARM.attributes
                0x000006dd       0x33 Libraries\STM32F10x_StdPeriph_Driver\src\stm32f10x_pwr.o
 .ARM.attributes
                0x00000710       0x33 Libraries\STM32F10x_StdPeriph_Driver\src\stm32f10x_rcc.o
 .ARM.attributes
                0x00000743       0x33 Libraries\STM32F10x_StdPeriph_Driver\src\stm32f10x_rtc.o
 .ARM.attributes
                0x00000776       0x33 Libraries\STM32F10x_StdPeriph_Driver\src\stm32f10x_tim.o
 .ARM.attributes
                0x000007a9       0x33 Libraries\STM32F10x_StdPeriph_Driver\src\stm32f10x_usart.o
 .ARM.attributes
                0x000007dc       0x33 src\main.o
 .ARM.attributes
                0x0000080f       0x21 src\startup_stm32f10x_md.o
 .ARM.attributes
                0x00000830       0x33 src\stm32f1xx_it.o
 .ARM.attributes
                0x00000863       0x33 src\system_stm32f10x.o
 .ARM.attributes
                0x00000896       0x2d c:/program files (x86)/atollic/truestudio for arm 7.1.2/armtools/bin/../lib/gcc/arm-atollic-eabi/5.3.1/../../../../arm-atollic-eabi/lib/armv7-m\libc_nano.a(lib_a-init.o)
 .ARM.attributes
                0x000008c3       0x2d c:/program files (x86)/atollic/truestudio for arm 7.1.2/armtools/bin/../lib/gcc/arm-atollic-eabi/5.3.1/../../../../arm-atollic-eabi/lib/armv7-m\libc_nano.a(lib_a-malloc.o)
 .ARM.attributes
                0x000008f0       0x2d c:/program files (x86)/atollic/truestudio for arm 7.1.2/armtools/bin/../lib/gcc/arm-atollic-eabi/5.3.1/../../../../arm-atollic-eabi/lib/armv7-m\libc_nano.a(lib_a-memcpy-stub.o)
 .ARM.attributes
                0x0000091d       0x2d c:/program files (x86)/atollic/truestudio for arm 7.1.2/armtools/bin/../lib/gcc/arm-atollic-eabi/5.3.1/../../../../arm-atollic-eabi/lib/armv7-m\libc_nano.a(lib_a-memset.o)
 .ARM.attributes
                0x0000094a       0x2d c:/program files (x86)/atollic/truestudio for arm 7.1.2/armtools/bin/../lib/gcc/arm-atollic-eabi/5.3.1/../../../../arm-atollic-eabi/lib/armv7-m\libc_nano.a(lib_a-nano-mallocr.o)
 .ARM.attributes
                0x00000977       0x2d c:/program files (x86)/atollic/truestudio for arm 7.1.2/armtools/bin/../lib/gcc/arm-atollic-eabi/5.3.1/../../../../arm-atollic-eabi/lib/armv7-m\libc_nano.a(lib_a-sbrkr.o)
 .ARM.attributes
                0x000009a4       0x2d c:/program files (x86)/atollic/truestudio for arm 7.1.2/armtools/bin/../lib/gcc/arm-atollic-eabi/5.3.1/../../../../arm-atollic-eabi/lib/armv7-m\libc_nano.a(lib_a-impure.o)
 .ARM.attributes
                0x000009d1       0x2d c:/program files (x86)/atollic/truestudio for arm 7.1.2/armtools/bin/../lib/gcc/arm-atollic-eabi/5.3.1/../../../../arm-atollic-eabi/lib/armv7-m\libc_nano.a(lib_a-mlock.o)
 .ARM.attributes
                0x000009fe       0x2d c:/program files (x86)/atollic/truestudio for arm 7.1.2/armtools/bin/../lib/gcc/arm-atollic-eabi/5.3.1/../../../../arm-atollic-eabi/lib/armv7-m\libc_nano.a(lib_a-reent.o)
 .ARM.attributes
                0x00000a2b       0x2d c:/program files (x86)/atollic/truestudio for arm 7.1.2/armtools/bin/../lib/gcc/arm-atollic-eabi/5.3.1/../../../../arm-atollic-eabi/lib/armv7-m\libnosys.a(sbrk.o)
 .ARM.attributes
                0x00000a58       0x1d c:/program files (x86)/atollic/truestudio for arm 7.1.2/armtools/bin/../lib/gcc/arm-atollic-eabi/5.3.1/armv7-m/crtn.o
OUTPUT(ADCT_BGS_FPT.elf elf32-littlearm)

.debug_info     0x00000000    0x1518e
 .debug_info    0x00000000      0x5d0 ASW_Task\src\ADCT_BGS_BSW_Task.o
 .debug_info    0x000005d0      0x467 Apps\src\ADCT_BGS_Bare_state.o
 .debug_info    0x00000a37     0x1233 Apps\src\ADCT_BGS_Modbus.o
 .debug_info    0x00001c6a      0x910 Apps\src\ADCT_BGS_State.o
 .debug_info    0x0000257a     0x1318 Apps\src\ADCT_BGS_System.o
 .debug_info    0x00003892      0xb67 BSP\AM2302\src\ADCT_DHT22.o
 .debug_info    0x000043f9      0x935 BSP\AM2302\src\ADCT_DHT22_exti.o
 .debug_info    0x00004d2e     0x16c3 BSP\AT24C64\src\ADCT_AT24C64.o
 .debug_info    0x000063f1      0x3bd BSP\BUTTON\src\ADCT_BGS_BUTTON.o
 .debug_info    0x000067ae      0x56c BSP\BUTTON\src\tm_stm32_button.o
 .debug_info    0x00006d1a      0x3ba BSP\MODBUS\modbus\functions\mbfunccoils.o
 .debug_info    0x000070d4      0x22f BSP\MODBUS\modbus\functions\mbfuncdisc.o
 .debug_info    0x00007303      0x484 BSP\MODBUS\modbus\functions\mbfuncholding.o
 .debug_info    0x00007787      0x22c BSP\MODBUS\modbus\functions\mbfuncinput.o
 .debug_info    0x000079b3      0x2a1 BSP\MODBUS\modbus\functions\mbfuncother.o
 .debug_info    0x00007c54      0x2b2 BSP\MODBUS\modbus\functions\mbutils.o
 .debug_info    0x00007f06      0x6d2 BSP\MODBUS\modbus\mb.o
 .debug_info    0x000085d8      0x163 BSP\MODBUS\modbus\rtu\mbcrc.o
 .debug_info    0x0000873b      0x7b9 BSP\MODBUS\modbus\rtu\mbrtu.o
 .debug_info    0x00008ef4      0x17a BSP\MODBUS\port\portevent.o
 .debug_info    0x0000906e      0x962 BSP\MODBUS\port\portserial.o
 .debug_info    0x000099d0      0x75b BSP\MODBUS\port\porttimer.o
 .debug_info    0x0000a12b      0x2c9 BSP\RELAY\src\ADCT_Relay.o
 .debug_info    0x0000a3f4     0x130c BSP\RTC\src\ADCT_RTC.o
 .debug_info    0x0000b700      0x28a BSP\SENSOR\src\ADCT_Sensor.o
 .debug_info    0x0000b98a      0xbf8 BSP\delay\src\ADCT_BGS_FPT_Delay.o
 .debug_info    0x0000c582      0x560 Libraries\STM32F10x_StdPeriph_Driver\src\misc.o
 .debug_info    0x0000cae2      0x7de Libraries\STM32F10x_StdPeriph_Driver\src\stm32f10x_bkp.o
 .debug_info    0x0000d2c0      0x47c Libraries\STM32F10x_StdPeriph_Driver\src\stm32f10x_dma.o
 .debug_info    0x0000d73c      0x358 Libraries\STM32F10x_StdPeriph_Driver\src\stm32f10x_exti.o
 .debug_info    0x0000da94      0xa10 Libraries\STM32F10x_StdPeriph_Driver\src\stm32f10x_flash.o
 .debug_info    0x0000e4a4      0x893 Libraries\STM32F10x_StdPeriph_Driver\src\stm32f10x_gpio.o
 .debug_info    0x0000ed37      0xb92 Libraries\STM32F10x_StdPeriph_Driver\src\stm32f10x_i2c.o
 .debug_info    0x0000f8c9      0x4e7 Libraries\STM32F10x_StdPeriph_Driver\src\stm32f10x_pwr.o
 .debug_info    0x0000fdb0      0x8d9 Libraries\STM32F10x_StdPeriph_Driver\src\stm32f10x_rcc.o
 .debug_info    0x00010689      0x4a2 Libraries\STM32F10x_StdPeriph_Driver\src\stm32f10x_rtc.o
 .debug_info    0x00010b2b     0x21a0 Libraries\STM32F10x_StdPeriph_Driver\src\stm32f10x_tim.o
 .debug_info    0x00012ccb      0xb28 Libraries\STM32F10x_StdPeriph_Driver\src\stm32f10x_usart.o
 .debug_info    0x000137f3     0x130e src\main.o
 .debug_info    0x00014b01       0x82 src\startup_stm32f10x_md.o
 .debug_info    0x00014b83      0x14c src\stm32f1xx_it.o
 .debug_info    0x00014ccf      0x4bf src\system_stm32f10x.o

.debug_abbrev   0x00000000     0x43fe
 .debug_abbrev  0x00000000      0x1bc ASW_Task\src\ADCT_BGS_BSW_Task.o
 .debug_abbrev  0x000001bc      0x15f Apps\src\ADCT_BGS_Bare_state.o
 .debug_abbrev  0x0000031b      0x27c Apps\src\ADCT_BGS_Modbus.o
 .debug_abbrev  0x00000597      0x1cb Apps\src\ADCT_BGS_State.o
 .debug_abbrev  0x00000762      0x270 Apps\src\ADCT_BGS_System.o
 .debug_abbrev  0x000009d2      0x29f BSP\AM2302\src\ADCT_DHT22.o
 .debug_abbrev  0x00000c71      0x216 BSP\AM2302\src\ADCT_DHT22_exti.o
 .debug_abbrev  0x00000e87      0x277 BSP\AT24C64\src\ADCT_AT24C64.o
 .debug_abbrev  0x000010fe      0x147 BSP\BUTTON\src\ADCT_BGS_BUTTON.o
 .debug_abbrev  0x00001245      0x213 BSP\BUTTON\src\tm_stm32_button.o
 .debug_abbrev  0x00001458      0x111 BSP\MODBUS\modbus\functions\mbfunccoils.o
 .debug_abbrev  0x00001569       0xf0 BSP\MODBUS\modbus\functions\mbfuncdisc.o
 .debug_abbrev  0x00001659       0xf0 BSP\MODBUS\modbus\functions\mbfuncholding.o
 .debug_abbrev  0x00001749       0xf0 BSP\MODBUS\modbus\functions\mbfuncinput.o
 .debug_abbrev  0x00001839       0xf6 BSP\MODBUS\modbus\functions\mbfuncother.o
 .debug_abbrev  0x0000192f       0xe2 BSP\MODBUS\modbus\functions\mbutils.o
 .debug_abbrev  0x00001a11      0x20b BSP\MODBUS\modbus\mb.o
 .debug_abbrev  0x00001c1c       0xba BSP\MODBUS\modbus\rtu\mbcrc.o
 .debug_abbrev  0x00001cd6      0x1dc BSP\MODBUS\modbus\rtu\mbrtu.o
 .debug_abbrev  0x00001eb2       0xd3 BSP\MODBUS\port\portevent.o
 .debug_abbrev  0x00001f85      0x1c4 BSP\MODBUS\port\portserial.o
 .debug_abbrev  0x00002149      0x1b5 BSP\MODBUS\port\porttimer.o
 .debug_abbrev  0x000022fe      0x128 BSP\RELAY\src\ADCT_Relay.o
 .debug_abbrev  0x00002426      0x284 BSP\RTC\src\ADCT_RTC.o
 .debug_abbrev  0x000026aa      0x128 BSP\SENSOR\src\ADCT_Sensor.o
 .debug_abbrev  0x000027d2      0x364 BSP\delay\src\ADCT_BGS_FPT_Delay.o
 .debug_abbrev  0x00002b36      0x158 Libraries\STM32F10x_StdPeriph_Driver\src\misc.o
 .debug_abbrev  0x00002c8e      0x193 Libraries\STM32F10x_StdPeriph_Driver\src\stm32f10x_bkp.o
 .debug_abbrev  0x00002e21      0x168 Libraries\STM32F10x_StdPeriph_Driver\src\stm32f10x_dma.o
 .debug_abbrev  0x00002f89      0x166 Libraries\STM32F10x_StdPeriph_Driver\src\stm32f10x_exti.o
 .debug_abbrev  0x000030ef      0x1b3 Libraries\STM32F10x_StdPeriph_Driver\src\stm32f10x_flash.o
 .debug_abbrev  0x000032a2      0x1ef Libraries\STM32F10x_StdPeriph_Driver\src\stm32f10x_gpio.o
 .debug_abbrev  0x00003491      0x1ca Libraries\STM32F10x_StdPeriph_Driver\src\stm32f10x_i2c.o
 .debug_abbrev  0x0000365b      0x1af Libraries\STM32F10x_StdPeriph_Driver\src\stm32f10x_pwr.o
 .debug_abbrev  0x0000380a      0x1e4 Libraries\STM32F10x_StdPeriph_Driver\src\stm32f10x_rcc.o
 .debug_abbrev  0x000039ee      0x191 Libraries\STM32F10x_StdPeriph_Driver\src\stm32f10x_rtc.o
 .debug_abbrev  0x00003b7f      0x1de Libraries\STM32F10x_StdPeriph_Driver\src\stm32f10x_tim.o
 .debug_abbrev  0x00003d5d      0x1c8 Libraries\STM32F10x_StdPeriph_Driver\src\stm32f10x_usart.o
 .debug_abbrev  0x00003f25      0x2b9 src\main.o
 .debug_abbrev  0x000041de       0x12 src\startup_stm32f10x_md.o
 .debug_abbrev  0x000041f0       0xb8 src\stm32f1xx_it.o
 .debug_abbrev  0x000042a8      0x156 src\system_stm32f10x.o

.debug_loc      0x00000000     0x7baa
 .debug_loc     0x00000000       0x42 ASW_Task\src\ADCT_BGS_BSW_Task.o
 .debug_loc     0x00000042      0x108 Apps\src\ADCT_BGS_Bare_state.o
 .debug_loc     0x0000014a      0x20c Apps\src\ADCT_BGS_Modbus.o
 .debug_loc     0x00000356       0x2c Apps\src\ADCT_BGS_State.o
 .debug_loc     0x00000382       0x85 Apps\src\ADCT_BGS_System.o
 .debug_loc     0x00000407      0x306 BSP\AM2302\src\ADCT_DHT22.o
 .debug_loc     0x0000070d      0x258 BSP\AM2302\src\ADCT_DHT22_exti.o
 .debug_loc     0x00000965      0x610 BSP\AT24C64\src\ADCT_AT24C64.o
 .debug_loc     0x00000f75      0x202 BSP\BUTTON\src\tm_stm32_button.o
 .debug_loc     0x00001177      0x4e8 BSP\MODBUS\modbus\functions\mbfunccoils.o
 .debug_loc     0x0000165f      0x1b5 BSP\MODBUS\modbus\functions\mbfuncdisc.o
 .debug_loc     0x00001814      0x6e9 BSP\MODBUS\modbus\functions\mbfuncholding.o
 .debug_loc     0x00001efd      0x1b9 BSP\MODBUS\modbus\functions\mbfuncinput.o
 .debug_loc     0x000020b6      0x16e BSP\MODBUS\modbus\functions\mbfuncother.o
 .debug_loc     0x00002224      0x27e BSP\MODBUS\modbus\functions\mbutils.o
 .debug_loc     0x000024a2      0x360 BSP\MODBUS\modbus\mb.o
 .debug_loc     0x00002802       0xc8 BSP\MODBUS\modbus\rtu\mbcrc.o
 .debug_loc     0x000028ca      0x378 BSP\MODBUS\modbus\rtu\mbrtu.o
 .debug_loc     0x00002c42       0x93 BSP\MODBUS\port\portevent.o
 .debug_loc     0x00002cd5      0x150 BSP\MODBUS\port\portserial.o
 .debug_loc     0x00002e25       0x21 BSP\MODBUS\port\porttimer.o
 .debug_loc     0x00002e46      0x56c BSP\RTC\src\ADCT_RTC.o
 .debug_loc     0x000033b2      0x291 BSP\delay\src\ADCT_BGS_FPT_Delay.o
 .debug_loc     0x00003643      0x160 Libraries\STM32F10x_StdPeriph_Driver\src\misc.o
 .debug_loc     0x000037a3       0xd8 Libraries\STM32F10x_StdPeriph_Driver\src\stm32f10x_bkp.o
 .debug_loc     0x0000387b      0x1ba Libraries\STM32F10x_StdPeriph_Driver\src\stm32f10x_dma.o
 .debug_loc     0x00003a35      0x164 Libraries\STM32F10x_StdPeriph_Driver\src\stm32f10x_exti.o
 .debug_loc     0x00003b99      0x718 Libraries\STM32F10x_StdPeriph_Driver\src\stm32f10x_flash.o
 .debug_loc     0x000042b1      0x542 Libraries\STM32F10x_StdPeriph_Driver\src\stm32f10x_gpio.o
 .debug_loc     0x000047f3      0x61c Libraries\STM32F10x_StdPeriph_Driver\src\stm32f10x_i2c.o
 .debug_loc     0x00004e0f      0x110 Libraries\STM32F10x_StdPeriph_Driver\src\stm32f10x_pwr.o
 .debug_loc     0x00004f1f      0x692 Libraries\STM32F10x_StdPeriph_Driver\src\stm32f10x_rcc.o
 .debug_loc     0x000055b1      0x289 Libraries\STM32F10x_StdPeriph_Driver\src\stm32f10x_rtc.o
 .debug_loc     0x0000583a     0x1aed Libraries\STM32F10x_StdPeriph_Driver\src\stm32f10x_tim.o
 .debug_loc     0x00007327      0x736 Libraries\STM32F10x_StdPeriph_Driver\src\stm32f10x_usart.o
 .debug_loc     0x00007a5d       0x6e src\main.o
 .debug_loc     0x00007acb       0xdf src\system_stm32f10x.o

.debug_aranges  0x00000000     0x12b8
 .debug_aranges
                0x00000000       0x58 ASW_Task\src\ADCT_BGS_BSW_Task.o
 .debug_aranges
                0x00000058       0x68 Apps\src\ADCT_BGS_Bare_state.o
 .debug_aranges
                0x000000c0       0x68 Apps\src\ADCT_BGS_Modbus.o
 .debug_aranges
                0x00000128       0x68 Apps\src\ADCT_BGS_State.o
 .debug_aranges
                0x00000190       0x50 Apps\src\ADCT_BGS_System.o
 .debug_aranges
                0x000001e0       0x70 BSP\AM2302\src\ADCT_DHT22.o
 .debug_aranges
                0x00000250       0x70 BSP\AM2302\src\ADCT_DHT22_exti.o
 .debug_aranges
                0x000002c0       0xa8 BSP\AT24C64\src\ADCT_AT24C64.o
 .debug_aranges
                0x00000368       0x20 BSP\BUTTON\src\ADCT_BGS_BUTTON.o
 .debug_aranges
                0x00000388       0x38 BSP\BUTTON\src\tm_stm32_button.o
 .debug_aranges
                0x000003c0       0x30 BSP\MODBUS\modbus\functions\mbfunccoils.o
 .debug_aranges
                0x000003f0       0x20 BSP\MODBUS\modbus\functions\mbfuncdisc.o
 .debug_aranges
                0x00000410       0x38 BSP\MODBUS\modbus\functions\mbfuncholding.o
 .debug_aranges
                0x00000448       0x20 BSP\MODBUS\modbus\functions\mbfuncinput.o
 .debug_aranges
                0x00000468       0x28 BSP\MODBUS\modbus\functions\mbfuncother.o
 .debug_aranges
                0x00000490       0x30 BSP\MODBUS\modbus\functions\mbutils.o
 .debug_aranges
                0x000004c0       0x48 BSP\MODBUS\modbus\mb.o
 .debug_aranges
                0x00000508       0x20 BSP\MODBUS\modbus\rtu\mbcrc.o
 .debug_aranges
                0x00000528       0x58 BSP\MODBUS\modbus\rtu\mbrtu.o
 .debug_aranges
                0x00000580       0x30 BSP\MODBUS\port\portevent.o
 .debug_aranges
                0x000005b0       0x40 BSP\MODBUS\port\portserial.o
 .debug_aranges
                0x000005f0       0x38 BSP\MODBUS\port\porttimer.o
 .debug_aranges
                0x00000628       0x20 BSP\RELAY\src\ADCT_Relay.o
 .debug_aranges
                0x00000648       0x98 BSP\RTC\src\ADCT_RTC.o
 .debug_aranges
                0x000006e0       0x20 BSP\SENSOR\src\ADCT_Sensor.o
 .debug_aranges
                0x00000700       0x80 BSP\delay\src\ADCT_BGS_FPT_Delay.o
 .debug_aranges
                0x00000780       0x40 Libraries\STM32F10x_StdPeriph_Driver\src\misc.o
 .debug_aranges
                0x000007c0       0x78 Libraries\STM32F10x_StdPeriph_Driver\src\stm32f10x_bkp.o
 .debug_aranges
                0x00000838       0x70 Libraries\STM32F10x_StdPeriph_Driver\src\stm32f10x_dma.o
 .debug_aranges
                0x000008a8       0x58 Libraries\STM32F10x_StdPeriph_Driver\src\stm32f10x_exti.o
 .debug_aranges
                0x00000900       0xf8 Libraries\STM32F10x_StdPeriph_Driver\src\stm32f10x_flash.o
 .debug_aranges
                0x000009f8       0xa8 Libraries\STM32F10x_StdPeriph_Driver\src\stm32f10x_gpio.o
 .debug_aranges
                0x00000aa0      0x120 Libraries\STM32F10x_StdPeriph_Driver\src\stm32f10x_i2c.o
 .debug_aranges
                0x00000bc0       0x60 Libraries\STM32F10x_StdPeriph_Driver\src\stm32f10x_pwr.o
 .debug_aranges
                0x00000c20      0x118 Libraries\STM32F10x_StdPeriph_Driver\src\stm32f10x_rcc.o
 .debug_aranges
                0x00000d38       0x88 Libraries\STM32F10x_StdPeriph_Driver\src\stm32f10x_rtc.o
 .debug_aranges
                0x00000dc0      0x2f0 Libraries\STM32F10x_StdPeriph_Driver\src\stm32f10x_tim.o
 .debug_aranges
                0x000010b0      0x100 Libraries\STM32F10x_StdPeriph_Driver\src\stm32f10x_usart.o
 .debug_aranges
                0x000011b0       0x48 src\main.o
 .debug_aranges
                0x000011f8       0x28 src\startup_stm32f10x_md.o
 .debug_aranges
                0x00001220       0x60 src\stm32f1xx_it.o
 .debug_aranges
                0x00001280       0x38 src\system_stm32f10x.o

.debug_ranges   0x00000000     0x1038
 .debug_ranges  0x00000000       0x48 ASW_Task\src\ADCT_BGS_BSW_Task.o
 .debug_ranges  0x00000048       0x58 Apps\src\ADCT_BGS_Bare_state.o
 .debug_ranges  0x000000a0       0x58 Apps\src\ADCT_BGS_Modbus.o
 .debug_ranges  0x000000f8       0x58 Apps\src\ADCT_BGS_State.o
 .debug_ranges  0x00000150       0x40 Apps\src\ADCT_BGS_System.o
 .debug_ranges  0x00000190       0x60 BSP\AM2302\src\ADCT_DHT22.o
 .debug_ranges  0x000001f0       0x60 BSP\AM2302\src\ADCT_DHT22_exti.o
 .debug_ranges  0x00000250       0x98 BSP\AT24C64\src\ADCT_AT24C64.o
 .debug_ranges  0x000002e8       0x10 BSP\BUTTON\src\ADCT_BGS_BUTTON.o
 .debug_ranges  0x000002f8       0x28 BSP\BUTTON\src\tm_stm32_button.o
 .debug_ranges  0x00000320       0x20 BSP\MODBUS\modbus\functions\mbfunccoils.o
 .debug_ranges  0x00000340       0x10 BSP\MODBUS\modbus\functions\mbfuncdisc.o
 .debug_ranges  0x00000350       0x28 BSP\MODBUS\modbus\functions\mbfuncholding.o
 .debug_ranges  0x00000378       0x10 BSP\MODBUS\modbus\functions\mbfuncinput.o
 .debug_ranges  0x00000388       0x18 BSP\MODBUS\modbus\functions\mbfuncother.o
 .debug_ranges  0x000003a0       0x20 BSP\MODBUS\modbus\functions\mbutils.o
 .debug_ranges  0x000003c0       0x38 BSP\MODBUS\modbus\mb.o
 .debug_ranges  0x000003f8       0x10 BSP\MODBUS\modbus\rtu\mbcrc.o
 .debug_ranges  0x00000408       0x60 BSP\MODBUS\modbus\rtu\mbrtu.o
 .debug_ranges  0x00000468       0x20 BSP\MODBUS\port\portevent.o
 .debug_ranges  0x00000488       0x30 BSP\MODBUS\port\portserial.o
 .debug_ranges  0x000004b8       0x28 BSP\MODBUS\port\porttimer.o
 .debug_ranges  0x000004e0       0x10 BSP\RELAY\src\ADCT_Relay.o
 .debug_ranges  0x000004f0       0x88 BSP\RTC\src\ADCT_RTC.o
 .debug_ranges  0x00000578       0x10 BSP\SENSOR\src\ADCT_Sensor.o
 .debug_ranges  0x00000588       0x70 BSP\delay\src\ADCT_BGS_FPT_Delay.o
 .debug_ranges  0x000005f8       0x30 Libraries\STM32F10x_StdPeriph_Driver\src\misc.o
 .debug_ranges  0x00000628       0x68 Libraries\STM32F10x_StdPeriph_Driver\src\stm32f10x_bkp.o
 .debug_ranges  0x00000690       0x60 Libraries\STM32F10x_StdPeriph_Driver\src\stm32f10x_dma.o
 .debug_ranges  0x000006f0       0x48 Libraries\STM32F10x_StdPeriph_Driver\src\stm32f10x_exti.o
 .debug_ranges  0x00000738       0xe8 Libraries\STM32F10x_StdPeriph_Driver\src\stm32f10x_flash.o
 .debug_ranges  0x00000820       0x98 Libraries\STM32F10x_StdPeriph_Driver\src\stm32f10x_gpio.o
 .debug_ranges  0x000008b8      0x110 Libraries\STM32F10x_StdPeriph_Driver\src\stm32f10x_i2c.o
 .debug_ranges  0x000009c8       0x50 Libraries\STM32F10x_StdPeriph_Driver\src\stm32f10x_pwr.o
 .debug_ranges  0x00000a18      0x108 Libraries\STM32F10x_StdPeriph_Driver\src\stm32f10x_rcc.o
 .debug_ranges  0x00000b20       0x78 Libraries\STM32F10x_StdPeriph_Driver\src\stm32f10x_rtc.o
 .debug_ranges  0x00000b98      0x2e0 Libraries\STM32F10x_StdPeriph_Driver\src\stm32f10x_tim.o
 .debug_ranges  0x00000e78       0xf0 Libraries\STM32F10x_StdPeriph_Driver\src\stm32f10x_usart.o
 .debug_ranges  0x00000f68       0x38 src\main.o
 .debug_ranges  0x00000fa0       0x20 src\startup_stm32f10x_md.o
 .debug_ranges  0x00000fc0       0x50 src\stm32f1xx_it.o
 .debug_ranges  0x00001010       0x28 src\system_stm32f10x.o

.debug_line     0x00000000     0xa78e
 .debug_line    0x00000000      0x39d ASW_Task\src\ADCT_BGS_BSW_Task.o
 .debug_line    0x0000039d      0x36f Apps\src\ADCT_BGS_Bare_state.o
 .debug_line    0x0000070c      0x58e Apps\src\ADCT_BGS_Modbus.o
 .debug_line    0x00000c9a      0x4f2 Apps\src\ADCT_BGS_State.o
 .debug_line    0x0000118c      0x70a Apps\src\ADCT_BGS_System.o
 .debug_line    0x00001896      0x51e BSP\AM2302\src\ADCT_DHT22.o
 .debug_line    0x00001db4      0x429 BSP\AM2302\src\ADCT_DHT22_exti.o
 .debug_line    0x000021dd      0x602 BSP\AT24C64\src\ADCT_AT24C64.o
 .debug_line    0x000027df      0x286 BSP\BUTTON\src\ADCT_BGS_BUTTON.o
 .debug_line    0x00002a65      0x44b BSP\BUTTON\src\tm_stm32_button.o
 .debug_line    0x00002eb0      0x2ef BSP\MODBUS\modbus\functions\mbfunccoils.o
 .debug_line    0x0000319f      0x27b BSP\MODBUS\modbus\functions\mbfuncdisc.o
 .debug_line    0x0000341a      0x30c BSP\MODBUS\modbus\functions\mbfuncholding.o
 .debug_line    0x00003726      0x27d BSP\MODBUS\modbus\functions\mbfuncinput.o
 .debug_line    0x000039a3      0x2fe BSP\MODBUS\modbus\functions\mbfuncother.o
 .debug_line    0x00003ca1      0x297 BSP\MODBUS\modbus\functions\mbutils.o
 .debug_line    0x00003f38      0x3e4 BSP\MODBUS\modbus\mb.o
 .debug_line    0x0000431c      0x1f0 BSP\MODBUS\modbus\rtu\mbcrc.o
 .debug_line    0x0000450c      0x42f BSP\MODBUS\modbus\rtu\mbrtu.o
 .debug_line    0x0000493b      0x270 BSP\MODBUS\port\portevent.o
 .debug_line    0x00004bab      0x390 BSP\MODBUS\port\portserial.o
 .debug_line    0x00004f3b      0x346 BSP\MODBUS\port\porttimer.o
 .debug_line    0x00005281      0x29a BSP\RELAY\src\ADCT_Relay.o
 .debug_line    0x0000551b      0x75b BSP\RTC\src\ADCT_RTC.o
 .debug_line    0x00005c76      0x299 BSP\SENSOR\src\ADCT_Sensor.o
 .debug_line    0x00005f0f      0x467 BSP\delay\src\ADCT_BGS_FPT_Delay.o
 .debug_line    0x00006376      0x2dc Libraries\STM32F10x_StdPeriph_Driver\src\misc.o
 .debug_line    0x00006652      0x365 Libraries\STM32F10x_StdPeriph_Driver\src\stm32f10x_bkp.o
 .debug_line    0x000069b7      0x393 Libraries\STM32F10x_StdPeriph_Driver\src\stm32f10x_dma.o
 .debug_line    0x00006d4a      0x33c Libraries\STM32F10x_StdPeriph_Driver\src\stm32f10x_exti.o
 .debug_line    0x00007086      0x551 Libraries\STM32F10x_StdPeriph_Driver\src\stm32f10x_flash.o
 .debug_line    0x000075d7      0x452 Libraries\STM32F10x_StdPeriph_Driver\src\stm32f10x_gpio.o
 .debug_line    0x00007a29      0x54a Libraries\STM32F10x_StdPeriph_Driver\src\stm32f10x_i2c.o
 .debug_line    0x00007f73      0x353 Libraries\STM32F10x_StdPeriph_Driver\src\stm32f10x_pwr.o
 .debug_line    0x000082c6      0x527 Libraries\STM32F10x_StdPeriph_Driver\src\stm32f10x_rcc.o
 .debug_line    0x000087ed      0x32c Libraries\STM32F10x_StdPeriph_Driver\src\stm32f10x_rtc.o
 .debug_line    0x00008b19      0xb10 Libraries\STM32F10x_StdPeriph_Driver\src\stm32f10x_tim.o
 .debug_line    0x00009629      0x50b Libraries\STM32F10x_StdPeriph_Driver\src\stm32f10x_usart.o
 .debug_line    0x00009b34      0x74d src\main.o
 .debug_line    0x0000a281       0x7c src\startup_stm32f10x_md.o
 .debug_line    0x0000a2fd      0x207 src\stm32f1xx_it.o
 .debug_line    0x0000a504      0x28a src\system_stm32f10x.o

.debug_str      0x00000000     0x6046
 .debug_str     0x00000000      0x526 ASW_Task\src\ADCT_BGS_BSW_Task.o
                                0x5ab (size before relaxing)
 .debug_str     0x00000526      0x2f6 Apps\src\ADCT_BGS_Bare_state.o
                                0x556 (size before relaxing)
 .debug_str     0x0000081c      0xbb7 Apps\src\ADCT_BGS_Modbus.o
                                0xfbf (size before relaxing)
 .debug_str     0x000013d3      0x33d Apps\src\ADCT_BGS_State.o
                                0x8a4 (size before relaxing)
 .debug_str     0x00001710      0x19a Apps\src\ADCT_BGS_System.o
                                0xba6 (size before relaxing)
 .debug_str     0x000018aa      0x3ea BSP\AM2302\src\ADCT_DHT22.o
                                0x6cd (size before relaxing)
 .debug_str     0x00001c94      0x582 BSP\AM2302\src\ADCT_DHT22_exti.o
                                0x7e4 (size before relaxing)
 .debug_str     0x00002216      0x5b8 BSP\AT24C64\src\ADCT_AT24C64.o
                                0xcf3 (size before relaxing)
 .debug_str     0x000027ce       0x8c BSP\BUTTON\src\ADCT_BGS_BUTTON.o
                                0x3a0 (size before relaxing)
 .debug_str     0x0000285a       0xa7 BSP\BUTTON\src\tm_stm32_button.o
                                0x54a (size before relaxing)
 .debug_str     0x00002901      0x1e3 BSP\MODBUS\modbus\functions\mbfunccoils.o
                                0x423 (size before relaxing)
 .debug_str     0x00002ae4       0x54 BSP\MODBUS\modbus\functions\mbfuncdisc.o
                                0x3be (size before relaxing)
 .debug_str     0x00002b38      0x122 BSP\MODBUS\modbus\functions\mbfuncholding.o
                                0x49b (size before relaxing)
 .debug_str     0x00002c5a       0x46 BSP\MODBUS\modbus\functions\mbfuncinput.o
                                0x3af (size before relaxing)
 .debug_str     0x00002ca0       0xb1 BSP\MODBUS\modbus\functions\mbfuncother.o
                                0x3c7 (size before relaxing)
 .debug_str     0x00002d51       0xa9 BSP\MODBUS\modbus\functions\mbutils.o
                                0x3c6 (size before relaxing)
 .debug_str     0x00002dfa      0x2cd BSP\MODBUS\modbus\mb.o
                                0x676 (size before relaxing)
 .debug_str     0x000030c7       0x44 BSP\MODBUS\modbus\rtu\mbcrc.o
                                0x206 (size before relaxing)
 .debug_str     0x0000310b      0x22b BSP\MODBUS\modbus\rtu\mbrtu.o
                                0x5a6 (size before relaxing)
 .debug_str     0x00003336       0x49 BSP\MODBUS\port\portevent.o
                                0x25e (size before relaxing)
 .debug_str     0x0000337f      0x156 BSP\MODBUS\port\portserial.o
                                0x961 (size before relaxing)
 .debug_str     0x000034d5      0x1e5 BSP\MODBUS\port\porttimer.o
                                0x801 (size before relaxing)
 .debug_str     0x000036ba       0x42 BSP\RELAY\src\ADCT_Relay.o
                                0x35b (size before relaxing)
 .debug_str     0x000036fc      0x549 BSP\RTC\src\ADCT_RTC.o
                                0xb74 (size before relaxing)
 .debug_str     0x00003c45       0x3b BSP\SENSOR\src\ADCT_Sensor.o
                                0x354 (size before relaxing)
 .debug_str     0x00003c80      0x232 BSP\delay\src\ADCT_BGS_FPT_Delay.o
                                0x8e0 (size before relaxing)
 .debug_str     0x00003eb2       0xe5 Libraries\STM32F10x_StdPeriph_Driver\src\misc.o
                                0x42a (size before relaxing)
 .debug_str     0x00003f97      0x2f1 Libraries\STM32F10x_StdPeriph_Driver\src\stm32f10x_bkp.o
                                0x634 (size before relaxing)
 .debug_str     0x00004288       0xfb Libraries\STM32F10x_StdPeriph_Driver\src\stm32f10x_dma.o
                                0x423 (size before relaxing)
 .debug_str     0x00004383       0xce Libraries\STM32F10x_StdPeriph_Driver\src\stm32f10x_exti.o
                                0x3b5 (size before relaxing)
 .debug_str     0x00004451      0x3df Libraries\STM32F10x_StdPeriph_Driver\src\stm32f10x_flash.o
                                0x654 (size before relaxing)
 .debug_str     0x00004830      0x1c6 Libraries\STM32F10x_StdPeriph_Driver\src\stm32f10x_gpio.o
                                0x59c (size before relaxing)
 .debug_str     0x000049f6      0x2e8 Libraries\STM32F10x_StdPeriph_Driver\src\stm32f10x_i2c.o
                                0x6fb (size before relaxing)
 .debug_str     0x00004cde       0xe9 Libraries\STM32F10x_StdPeriph_Driver\src\stm32f10x_pwr.o
                                0x3a5 (size before relaxing)
 .debug_str     0x00004dc7      0x277 Libraries\STM32F10x_StdPeriph_Driver\src\stm32f10x_rcc.o
                                0x686 (size before relaxing)
 .debug_str     0x0000503e      0x111 Libraries\STM32F10x_StdPeriph_Driver\src\stm32f10x_rtc.o
                                0x41a (size before relaxing)
 .debug_str     0x0000514f      0x9e8 Libraries\STM32F10x_StdPeriph_Driver\src\stm32f10x_tim.o
                                0xe77 (size before relaxing)
 .debug_str     0x00005b37      0x335 Libraries\STM32F10x_StdPeriph_Driver\src\stm32f10x_usart.o
                                0x73c (size before relaxing)
 .debug_str     0x00005e6c       0xdd src\main.o
                                0xa50 (size before relaxing)
 .debug_str     0x00005f49       0xa6 src\stm32f1xx_it.o
                                0x243 (size before relaxing)
 .debug_str     0x00005fef       0x57 src\system_stm32f10x.o
                                0x337 (size before relaxing)

.comment        0x00000000       0x7e
 .comment       0x00000000       0x7e ASW_Task\src\ADCT_BGS_BSW_Task.o
                                 0x7f (size before relaxing)