Archive member included to satisfy reference by file (symbol)

c:/program files (x86)/atollic/truestudio for arm 7.0.0/armtools/bin/../lib/gcc/arm-atollic-eabi/5.3.1/../../../../arm-atollic-eabi/lib/armv7-m\libc_nano.a(lib_a-init.o)
                              src\startup_stm32f10x_md.o (__libc_init_array)
c:/program files (x86)/atollic/truestudio for arm 7.0.0/armtools/bin/../lib/gcc/arm-atollic-eabi/5.3.1/../../../../arm-atollic-eabi/lib/armv7-m\libc_nano.a(lib_a-malloc.o)
                              BSP\BUTTON\src\tm_stm32_button.o (malloc)
c:/program files (x86)/atollic/truestudio for arm 7.0.0/armtools/bin/../lib/gcc/arm-atollic-eabi/5.3.1/../../../../arm-atollic-eabi/lib/armv7-m\libc_nano.a(lib_a-memcpy-stub.o)
                              BSP\MODBUS\modbus\functions\mbfuncother.o (memcpy)
c:/program files (x86)/atollic/truestudio for arm 7.0.0/armtools/bin/../lib/gcc/arm-atollic-eabi/5.3.1/../../../../arm-atollic-eabi/lib/armv7-m\libc_nano.a(lib_a-memset.o)
                              BSP\AM2302\src\ADCT_DHT22.o (memset)
c:/program files (x86)/atollic/truestudio for arm 7.0.0/armtools/bin/../lib/gcc/arm-atollic-eabi/5.3.1/../../../../arm-atollic-eabi/lib/armv7-m\libc_nano.a(lib_a-nano-freer.o)
                              c:/program files (x86)/atollic/truestudio for arm 7.0.0/armtools/bin/../lib/gcc/arm-atollic-eabi/5.3.1/../../../../arm-atollic-eabi/lib/armv7-m\libc_nano.a(lib_a-malloc.o) (_free_r)
c:/program files (x86)/atollic/truestudio for arm 7.0.0/armtools/bin/../lib/gcc/arm-atollic-eabi/5.3.1/../../../../arm-atollic-eabi/lib/armv7-m\libc_nano.a(lib_a-nano-mallocr.o)
                              c:/program files (x86)/atollic/truestudio for arm 7.0.0/armtools/bin/../lib/gcc/arm-atollic-eabi/5.3.1/../../../../arm-atollic-eabi/lib/armv7-m\libc_nano.a(lib_a-malloc.o) (_malloc_r)
c:/program files (x86)/atollic/truestudio for arm 7.0.0/armtools/bin/../lib/gcc/arm-atollic-eabi/5.3.1/../../../../arm-atollic-eabi/lib/armv7-m\libc_nano.a(lib_a-printf.o)
                              BSP\PZEM004T\src\fifo.o (printf)
c:/program files (x86)/atollic/truestudio for arm 7.0.0/armtools/bin/../lib/gcc/arm-atollic-eabi/5.3.1/../../../../arm-atollic-eabi/lib/armv7-m\libc_nano.a(lib_a-sbrkr.o)
                              c:/program files (x86)/atollic/truestudio for arm 7.0.0/armtools/bin/../lib/gcc/arm-atollic-eabi/5.3.1/../../../../arm-atollic-eabi/lib/armv7-m\libc_nano.a(lib_a-nano-mallocr.o) (_sbrk_r)
c:/program files (x86)/atollic/truestudio for arm 7.0.0/armtools/bin/../lib/gcc/arm-atollic-eabi/5.3.1/../../../../arm-atollic-eabi/lib/armv7-m\libc_nano.a(lib_a-strlen.o)
                              BSP\PZEM004T\src\PZEM004T.o (strlen)
c:/program files (x86)/atollic/truestudio for arm 7.0.0/armtools/bin/../lib/gcc/arm-atollic-eabi/5.3.1/../../../../arm-atollic-eabi/lib/armv7-m\libc_nano.a(lib_a-findfp.o)
                              c:/program files (x86)/atollic/truestudio for arm 7.0.0/armtools/bin/../lib/gcc/arm-atollic-eabi/5.3.1/../../../../arm-atollic-eabi/lib/armv7-m\libc_nano.a(lib_a-printf.o) (__sinit)
c:/program files (x86)/atollic/truestudio for arm 7.0.0/armtools/bin/../lib/gcc/arm-atollic-eabi/5.3.1/../../../../arm-atollic-eabi/lib/armv7-m\libc_nano.a(lib_a-fwalk.o)
                              c:/program files (x86)/atollic/truestudio for arm 7.0.0/armtools/bin/../lib/gcc/arm-atollic-eabi/5.3.1/../../../../arm-atollic-eabi/lib/armv7-m\libc_nano.a(lib_a-findfp.o) (_fwalk)
c:/program files (x86)/atollic/truestudio for arm 7.0.0/armtools/bin/../lib/gcc/arm-atollic-eabi/5.3.1/../../../../arm-atollic-eabi/lib/armv7-m\libc_nano.a(lib_a-impure.o)
                              c:/program files (x86)/atollic/truestudio for arm 7.0.0/armtools/bin/../lib/gcc/arm-atollic-eabi/5.3.1/../../../../arm-atollic-eabi/lib/armv7-m\libc_nano.a(lib_a-findfp.o) (_global_impure_ptr)
c:/program files (x86)/atollic/truestudio for arm 7.0.0/armtools/bin/../lib/gcc/arm-atollic-eabi/5.3.1/../../../../arm-atollic-eabi/lib/armv7-m\libc_nano.a(lib_a-mlock.o)
                              c:/program files (x86)/atollic/truestudio for arm 7.0.0/armtools/bin/../lib/gcc/arm-atollic-eabi/5.3.1/../../../../arm-atollic-eabi/lib/armv7-m\libc_nano.a(lib_a-nano-freer.o) (__malloc_lock)
c:/program files (x86)/atollic/truestudio for arm 7.0.0/armtools/bin/../lib/gcc/arm-atollic-eabi/5.3.1/../../../../arm-atollic-eabi/lib/armv7-m\libc_nano.a(lib_a-nano-vfprintf.o)
                              c:/program files (x86)/atollic/truestudio for arm 7.0.0/armtools/bin/../lib/gcc/arm-atollic-eabi/5.3.1/../../../../arm-atollic-eabi/lib/armv7-m\libc_nano.a(lib_a-printf.o) (_vfprintf_r)
c:/program files (x86)/atollic/truestudio for arm 7.0.0/armtools/bin/../lib/gcc/arm-atollic-eabi/5.3.1/../../../../arm-atollic-eabi/lib/armv7-m\libc_nano.a(lib_a-nano-vfprintf_i.o)
[...]
Memory Configuration

Name             Origin             Length             Attributes
FLASH            0x08000000         0x00020000         xr
RAM              0x20000000         0x00005000         xrw
MEMORY_B1        0x60000000         0x00000000         xr
*default*        0x00000000         0xffffffff

Linker script and memory map

LOAD c:/program files (x86)/atollic/truestudio for arm 7.0.0/armtools/bin/../lib/gcc/arm-atollic-eabi/5.3.1/armv7-m/crti.o
LOAD c:/program files (x86)/atollic/truestudio for arm 7.0.0/armtools/bin/../lib/gcc/arm-atollic-eabi/5.3.1/armv7-m/crtbegin.o
LOAD ASW_Task\src\ADCT_BGS_BSW_Task.o
LOAD Apps\src\ADCT_BGS_Bare_state.o
LOAD Apps\src\ADCT_BGS_Modbus.o
LOAD Apps\src\ADCT_BGS_State.o
LOAD Apps\src\ADCT_BGS_System.o
LOAD BSP\AM2302\src\ADCT_DHT22.o
LOAD BSP\AM2302\src\ADCT_DHT22_exti.o
LOAD BSP\AT24C64\src\ADCT_AT24C64.o
LOAD BSP\BUTTON\src\ADCT_BGS_BUTTON.o
LOAD BSP\BUTTON\src\tm_stm32_button.o
LOAD BSP\MODBUS\modbus\ascii\mbascii.o
LOAD BSP\MODBUS\modbus\functions\mbfunccoils.o
LOAD BSP\MODBUS\modbus\functions\mbfuncdiag.o
LOAD BSP\MODBUS\modbus\functions\mbfuncdisc.o
LOAD BSP\MODBUS\modbus\functions\mbfuncholding.o
LOAD BSP\MODBUS\modbus\functions\mbfuncinput.o
LOAD BSP\MODBUS\modbus\functions\mbfuncother.o
LOAD BSP\MODBUS\modbus\functions\mbutils.o
LOAD BSP\MODBUS\modbus\mb.o
LOAD BSP\MODBUS\modbus\rtu\mbcrc.o
LOAD BSP\MODBUS\modbus\rtu\mbrtu.o
LOAD BSP\MODBUS\modbus\tcp\mbtcp.o
LOAD BSP\MODBUS\port\portevent.o
LOAD BSP\MODBUS\port\portserial.o
LOAD BSP\MODBUS\port\porttimer.o
LOAD BSP\PZEM004T\src\PZEM004T.o
LOAD BSP\PZEM004T\src\fifo.o
LOAD BSP\PhSensor\src\ADCT_PhSensor.o
LOAD BSP\RELAY\src\ADCT_Relay.o
LOAD BSP\RTC\src\ADCT_RTC.o
LOAD BSP\SENSOR\src\ADCT_Sensor.o
LOAD BSP\delay\src\ADCT_BGS_FPT_Delay.o
LOAD Libraries\STM32F10x_StdPeriph_Driver\src\misc.o
LOAD Libraries\STM32F10x_StdPeriph_Driver\src\stm32f10x_adc.o
LOAD Libraries\STM32F10x_StdPeriph_Driver\src\stm32f10x_bkp.o
LOAD Libraries\STM32F10x_StdPeriph_Driver\src\stm32f10x_can.o
LOAD Libraries\STM32F10x_StdPeriph_Driver\src\stm32f10x_cec.o
LOAD Libraries\STM32F10x_StdPeriph_Driver\src\stm32f10x_crc.o
LOAD Libraries\STM32F10x_StdPeriph_Driver\src\stm32f10x_dac.o
LOAD Libraries\STM32F10x_StdPeriph_Driver\src\stm32f10x_dbgmcu.o
LOAD Libraries\STM32F10x_StdPeriph_Driver\src\stm32f10x_dma.o
LOAD Libraries\STM32F10x_StdPeriph_Driver\src\stm32f10x_exti.o
LOAD Libraries\STM32F10x_StdPeriph_Driver\src\stm32f10x_flash.o
LOAD Libraries\STM32F10x_StdPeriph_Driver\src\stm32f10x_fsmc.o
LOAD Libraries\STM32F10x_StdPeriph_Driver\src\stm32f10x_gpio.o
LOAD Libraries\STM32F10x_StdPeriph_Driver\src\stm32f10x_i2c.o
LOAD Libraries\STM32F10x_StdPeriph_Driver\src\stm32f10x_iwdg.o
LOAD Libraries\STM32F10x_StdPeriph_Driver\src\stm32f10x_pwr.o
LOAD Libraries\STM32F10x_StdPeriph_Driver\src\stm32f10x_rcc.o
LOAD Libraries\STM32F10x_StdPeriph_Driver\src\stm32f10x_rtc.o
LOAD Libraries\STM32F10x_StdPeriph_Driver\src\stm32f10x_sdio.o
LOAD Libraries\STM32F10x_StdPeriph_Driver\src\stm32f10x_spi.o
LOAD Libraries\STM32F10x_StdPeriph_Driver\src\stm32f10x_tim.o
LOAD Libraries\STM32F10x_StdPeriph_Driver\src\stm32f10x_usart.o
LOAD Libraries\STM32F10x_StdPeriph_Driver\src\stm32f10x_wwdg.o
LOAD src\main.o
LOAD src\startup_stm32f10x_md.o
LOAD src\stm32f1xx_it.o
LOAD src\system_stm32f10x.o
START GROUP
LOAD c:/program files (x86)/atollic/truestudio for arm 7.0.0/armtools/bin/../lib/gcc/arm-atollic-eabi/5.3.1/../../../../arm-atollic-eabi/lib/armv7-m\libc_nano.a
LOAD c:/program files (x86)/atollic/truestudio for arm 7.0.0/armtools/bin/../lib/gcc/arm-atollic-eabi/5.3.1/../../../../arm-atollic-eabi/lib/armv7-m\libm.a
END GROUP
                0x00000080                malloc_getpagesize_P = 0x80
START GROUP
LOAD c:/program files (x86)/atollic/truestudio for arm 7.0.0/armtools/bin/../lib/gcc/arm-atollic-eabi/5.3.1/armv7-m\libgcc.a
LOAD c:/program files (x86)/atollic/truestudio for arm 7.0.0/armtools/bin/../lib/gcc/arm-atollic-eabi/5.3.1/../../../../arm-atollic-eabi/lib/armv7-m\libc_nano.a
END GROUP
START GROUP
LOAD c:/program files (x86)/atollic/truestudio for arm 7.0.0/armtools/bin/../lib/gcc/arm-atollic-eabi/5.3.1/armv7-m\libgcc.a
LOAD c:/program files (x86)/atollic/truestudio for arm 7.0.0/armtools/bin/../lib/gcc/arm-atollic-eabi/5.3.1/../../../../arm-atollic-eabi/lib/armv7-m\libc_nano.a
LOAD c:/program files (x86)/atollic/truestudio for arm 7.0.0/armtools/bin/../lib/gcc/arm-atollic-eabi/5.3.1/../../../../arm-atollic-eabi/lib/armv7-m\libnosys.a
END GROUP
START GROUP
LOAD c:/program files (x86)/atollic/truestudio for arm 7.0.0/armtools/bin/../lib/gcc/arm-atollic-eabi/5.3.1/armv7-m\libgcc.a
LOAD c:/program files (x86)/atollic/truestudio for arm 7.0.0/armtools/bin/../lib/gcc/arm-atollic-eabi/5.3.1/../../../../arm-atollic-eabi/lib/armv7-m\libc_nano.a
LOAD c:/program files (x86)/atollic/truestudio for arm 7.0.0/armtools/bin/../lib/gcc/arm-atollic-eabi/5.3.1/../../../../arm-atollic-eabi/lib/armv7-m\libnosys.a
END GROUP
LOAD c:/program files (x86)/atollic/truestudio for arm 7.0.0/armtools/bin/../lib/gcc/arm-atollic-eabi/5.3.1/armv7-m/crtend.o
LOAD c:/program files (x86)/atollic/truestudio for arm 7.0.0/armtools/bin/../lib/gcc/arm-atollic-eabi/5.3.1/armv7-m/crtn.o
                0x20005000                _estack = 0x20005000
                0x00000000                _Min_Heap_Size = 0x0
                0x00000100                _Min_Stack_Size = 0x100

.isr_vector     0x08000000      0x10c
                0x08000000                . = ALIGN (0x4)
 *(.isr_vector)
 .isr_vector    0x08000000      0x10c src\startup_stm32f10x_md.o
                0x08000000                g_pfnVectors
                0x0800010c                . = ALIGN (0x4)

.text           0x08000110     0xa81c
                0x08000110                . = ALIGN (0x4)
 *(.text)
 .text          0x08000110       0x40 c:/program files (x86)/atollic/truestudio for arm 7.0.0/armtools/bin/../lib/gcc/arm-atollic-eabi/5.3.1/armv7-m/crtbegin.o
 .text          0x08000150      0x370 c:/program files (x86)/atollic/truestudio for arm 7.0.0/armtools/bin/../lib/gcc/arm-atollic-eabi/5.3.1/armv7-m\libgcc.a(_arm_addsubdf3.o)
                0x08000150                __aeabi_drsub
                0x08000158                __aeabi_dsub
                0x08000158                __subdf3
                0x0800015c                __aeabi_dadd
                0x0800015c                __adddf3
                0x080003d4                __floatunsidf
                0x080003d4                __aeabi_ui2d
                0x080003f4                __floatsidf
                0x080003f4                __aeabi_i2d
                0x08000418                __aeabi_f2d
                0x08000418                __extendsfdf2
                0x08000454                __floatundidf
                0x08000454                __aeabi_ul2d
                0x08000464                __floatdidf
                0x08000464                __aeabi_l2d
 .text          0x080004c0      0x424 c:/program files (x86)/atollic/truestudio for arm 7.0.0/armtools/bin/../lib/gcc/arm-atollic-eabi/5.3.1/armv7-m\libgcc.a(_arm_muldivdf3.o)
                0x080004c0                __aeabi_dmul
                0x080004c0                __muldf3
                0x08000714                __divdf3
                0x08000714                __aeabi_ddiv
 .text          0x080008e4       0x40 c:/program files (x86)/atollic/truestudio for arm 7.0.0/armtools/bin/../lib/gcc/arm-atollic-eabi/5.3.1/armv7-m\libgcc.a(_arm_fixunsdfsi.o)
                0x080008e4                __aeabi_d2uiz
                0x080008e4                __fixunsdfsi
 .text          0x08000924       0xa0 c:/program files (x86)/atollic/truestudio for arm 7.0.0/armtools/bin/../lib/gcc/arm-atollic-eabi/5.3.1/armv7-m\libgcc.a(_arm_truncdfsf2.o)
                0x08000924                __truncdfsf2
                0x08000924                __aeabi_d2f
 .text          0x080009c4      0x21c c:/program files (x86)/atollic/truestudio for arm 7.0.0/armtools/bin/../lib/gcc/arm-atollic-eabi/5.3.1/armv7-m\libgcc.a(_arm_addsubsf3.o)
                0x080009c4                __aeabi_frsub
                0x080009cc                __subsf3
                0x080009cc                __aeabi_fsub
                0x080009d0                __aeabi_fadd
                0x080009d0                __addsf3
                0x08000b30                __aeabi_ui2f
                0x08000b30                __floatunsisf
                0x08000b38                __aeabi_i2f
                0x08000b38                __floatsisf
                0x08000b54                __aeabi_ul2f
                0x08000b54                __floatundisf
                0x08000b64                __aeabi_l2f
                0x08000b64                __floatdisf
 .text          0x08000be0      0x2a0 c:/program files (x86)/atollic/truestudio for arm 7.0.0/armtools/bin/../lib/gcc/arm-atollic-eabi/5.3.1/armv7-m\libgcc.a(_arm_muldivsf3.o)
                0x08000be0                __mulsf3
                0x08000be0                __aeabi_fmul
                0x08000d48                __aeabi_fdiv
                0x08000d48                __divsf3
 .text          0x08000e80       0x4c c:/program files (x86)/atollic/truestudio for arm 7.0.0/armtools/bin/../lib/gcc/arm-atollic-eabi/5.3.1/armv7-m\libgcc.a(_arm_fixsfsi.o)
                0x08000e80                __aeabi_f2iz
                0x08000e80                __fixsfsi
 .text          0x08000ecc       0x40 c:/program files (x86)/atollic/truestudio for arm 7.0.0/armtools/bin/../lib/gcc/arm-atollic-eabi/5.3.1/armv7-m\libgcc.a(_arm_fixunssfsi.o)
                0x08000ecc                __fixunssfsi
                0x08000ecc                __aeabi_f2uiz
 *(.text*)
 .text.ADCT_BGS_ASW_100ms_TaskHandler
                0x08000f0c       0x30 ASW_Task\src\ADCT_BGS_BSW_Task.o
                0x08000f0c                ADCT_BGS_ASW_100ms_TaskHandler
 .text.ADCT_BGS_ASW_100ms_Init
                0x08000f3c       0x20 ASW_Task\src\ADCT_BGS_BSW_Task.o
                0x08000f3c                ADCT_BGS_ASW_100ms_Init
 .text.ADCT_BGS_ASW_10ms_TaskHandler
                0x08000f5c       0x20 ASW_Task\src\ADCT_BGS_BSW_Task.o
                0x08000f5c                ADCT_BGS_ASW_10ms_TaskHandler
 .text.ADCT_BGS_ASW_1ms_TaskHandler
                0x08000f7c       0x20 ASW_Task\src\ADCT_BGS_BSW_Task.o
                0x08000f7c                ADCT_BGS_ASW_1ms_TaskHandler
 .text.ADCT_BGS_ASW_1s_TaskHandler
                0x08000f9c       0x20 ASW_Task\src\ADCT_BGS_BSW_Task.o
                0x08000f9c                ADCT_BGS_ASW_1s_TaskHandler
 .text.ADCT_BGS_ASW_10ms_Init
                0x08000fbc       0x2c ASW_Task\src\ADCT_BGS_BSW_Task.o
                0x08000fbc                ADCT_BGS_ASW_10ms_Init
 .text.ADCT_BGS_ASW_1ms_Init
                0x08000fe8       0x2c ASW_Task\src\ADCT_BGS_BSW_Task.o
                0x08000fe8                ADCT_BGS_ASW_1ms_Init
 .text.ADCT_BGS_ASW_1s_Init
                0x08001014       0x2c ASW_Task\src\ADCT_BGS_BSW_Task.o
                0x08001014                ADCT_BGS_ASW_1s_Init
 .text.adct_bgs_choose_views
                0x08001040        0xc Apps\src\ADCT_BGS_Bare_state.o
                0x08001040                adct_bgs_choose_views
 .text.adct_bgs_enter_parameter
                0x0800104c        0xc Apps\src\ADCT_BGS_Bare_state.o
                0x0800104c                adct_bgs_enter_parameter
 .text.adct_bgs_choose_datalog
                0x08001058        0xc Apps\src\ADCT_BGS_Bare_state.o
                0x08001058                adct_bgs_choose_datalog
 .text.adct_bgs_runstate_idle
                0x08001064        0xc Apps\src\ADCT_BGS_Bare_state.o
                0x08001064                adct_bgs_runstate_idle
 .text.adct_bgs_runstate_alarm
                0x08001070        0xc Apps\src\ADCT_BGS_Bare_state.o
                0x08001070                adct_bgs_runstate_alarm
 .text.adct_bgs_view_datalog
                0x0800107c        0xc Apps\src\ADCT_BGS_Bare_state.o
                0x0800107c                adct_bgs_view_datalog
 .text.BUTTON_ENTER_Callback
                0x08001088       0x64 Apps\src\ADCT_BGS_Bare_state.o
                0x08001088                BUTTON_ENTER_Callback
 .text.BUTTON_CANCEL_Callback
                0x080010ec       0x68 Apps\src\ADCT_BGS_Bare_state.o
                0x080010ec                BUTTON_CANCEL_Callback
 .text.BUTTON_UP_Callback
                0x08001154       0x68 Apps\src\ADCT_BGS_Bare_state.o
                0x08001154                BUTTON_UP_Callback
 .text.BUTTON_DOWN_Callback
                0x080011bc       0x68 Apps\src\ADCT_BGS_Bare_state.o
                0x080011bc                BUTTON_DOWN_Callback
 .text.ADCT_BGS_MODBUS_RS485_Init
                0x08001224       0x30 Apps\src\ADCT_BGS_Modbus.o
                0x08001224                ADCT_BGS_MODBUS_RS485_Init
 .text.ADCT_BGS_MODBUS_RS485_UpdateHoldingReg
                0x08001254       0x28 Apps\src\ADCT_BGS_Modbus.o
 .text.ADCT_AC_MODBUS_UpdateData
                0x0800127c       0x9c Apps\src\ADCT_BGS_Modbus.o
 .text.ADCT_PH_MODBUS_UpdateData
                0x08001318       0x40 Apps\src\ADCT_BGS_Modbus.o
 .text.ADCT_BGS_MODBUS_RS485_UpdateData
                0x08001358      0x3a8 Apps\src\ADCT_BGS_Modbus.o
                0x08001358                ADCT_BGS_MODBUS_RS485_UpdateData
 .text.ADCT_BGS_MODBUS_Get_BE_DKG_Data
                0x08001700       0xb0 Apps\src\ADCT_BGS_Modbus.o
                0x08001700                ADCT_BGS_MODBUS_Get_BE_DKG_Data
 .text.ADCT_BGS_MODBUS_GetSetting
                0x080017b0      0x398 Apps\src\ADCT_BGS_Modbus.o
                0x080017b0                ADCT_BGS_MODBUS_GetSetting
 .text.eMBRegInputCB
                0x08001b48       0x1c Apps\src\ADCT_BGS_Modbus.o
                0x08001b48                eMBRegInputCB
 .text.eMBRegHoldingCB
                0x08001b64       0xf0 Apps\src\ADCT_BGS_Modbus.o
                0x08001b64                eMBRegHoldingCB
 .text.eMBRegCoilsCB
                0x08001c54       0x28 Apps\src\ADCT_BGS_Modbus.o
                0x08001c54                eMBRegCoilsCB
 .text.eMBRegDiscreteCB
                0x08001c7c       0x1c Apps\src\ADCT_BGS_Modbus.o
                0x08001c7c                eMBRegDiscreteCB
 .text.ADCT_BGS_StateManger
                0x08001c98       0xa0 Apps\src\ADCT_BGS_State.o
                0x08001c98                ADCT_BGS_StateManger
 .text.ADCT_BGS_GetCurrentRTCData
                0x08001d38       0x14 Apps\src\ADCT_BGS_State.o
                0x08001d38                ADCT_BGS_GetCurrentRTCData
 .text.ADCT_BGS_SwitchAIR_TimeCal
                0x08001d4c       0x98 Apps\src\ADCT_BGS_State.o
                0x08001d4c                ADCT_BGS_SwitchAIR_TimeCal
 .text.ADCT_BGS_CheckMinSwitchAIR1_2
                0x08001de4       0x5c Apps\src\ADCT_BGS_State.o
                0x08001de4                ADCT_BGS_CheckMinSwitchAIR1_2
 .text.ADCT_BGS_CheckMinSwitchAIR3_4
                0x08001e40       0x5c Apps\src\ADCT_BGS_State.o
                0x08001e40                ADCT_BGS_CheckMinSwitchAIR3_4
 .text.ADCT_BGS_CheckBuzzerTimerRun
                0x08001e9c       0x80 Apps\src\ADCT_BGS_State.o
                0x08001e9c                ADCT_BGS_CheckBuzzerTimerRun
 .text.ADCT_BGS_CheckDelayOfftime
                0x08001f1c       0x60 Apps\src\ADCT_BGS_State.o
                0x08001f1c                ADCT_BGS_CheckDelayOfftime
 .text.ADCT_BGS_CheckTminFan
                0x08001f7c       0x5c Apps\src\ADCT_BGS_State.o
                0x08001f7c                ADCT_BGS_CheckTminFan
 .text.ADCT_BGS_AlarmBuzzer
                0x08001fd8       0x64 Apps\src\ADCT_BGS_State.o
                0x08001fd8                ADCT_BGS_AlarmBuzzer
 .text.ADCT_IO_FPT_GetValue
                0x0800203c       0xfc Apps\src\ADCT_BGS_State.o
                0x0800203c                ADCT_IO_FPT_GetValue
 .text.ADCT_SYSTEM_FPT_CheckState_MODBUS
                0x08002138      0x294 Apps\src\ADCT_BGS_System.o
                0x08002138                ADCT_SYSTEM_FPT_CheckState_MODBUS
 .text.ADCT_SYSTEM_FPT_CheckState_IO
                0x080023cc      0x250 Apps\src\ADCT_BGS_System.o
                0x080023cc                ADCT_SYSTEM_FPT_CheckState_IO
 .text.ADCT_SYSTEM_FPT_CheckState_DHT
                0x0800261c      0x1d0 Apps\src\ADCT_BGS_System.o
                0x0800261c                ADCT_SYSTEM_FPT_CheckState_DHT
 .text.ADCT_SystemFPT_CheckAlarm
                0x080027ec       0xb0 Apps\src\ADCT_BGS_System.o
                0x080027ec                ADCT_SystemFPT_CheckAlarm
 .text.ADCT_SystemFPT_CheckAlarm_Siren
                0x0800289c       0x5c Apps\src\ADCT_BGS_System.o
                0x0800289c                ADCT_SystemFPT_CheckAlarm_Siren
 .text.ADCT_SystemFPT_RunOutput
                0x080028f8      0x8b4 Apps\src\ADCT_BGS_System.o
                0x080028f8                ADCT_SystemFPT_RunOutput
 .text.Delay    0x080031ac       0x48 BSP\AM2302\src\ADCT_DHT22.o
 .text.DHT22_Module_Init_Hardware
                0x080031f4       0x14 BSP\AM2302\src\ADCT_DHT22.o
                0x080031f4                DHT22_Module_Init_Hardware
 .text.ADCT_DHT22_FPT_GetValue
                0x08003208       0xa8 BSP\AM2302\src\ADCT_DHT22.o
                0x08003208                ADCT_DHT22_FPT_GetValue
 .text.ADCT_BGS_DHT22_PWR_Init
                0x080032b0       0x6c BSP\AM2302\src\ADCT_DHT22.o
                0x080032b0                ADCT_BGS_DHT22_PWR_Init
 .text.ADCT_BGS_DHT22Init
                0x0800331c       0x7c BSP\AM2302\src\ADCT_DHT22.o
                0x0800331c                ADCT_BGS_DHT22Init
 .text.ADCT_BGS_DHT22_01_CbkState
                0x08003398       0xb0 BSP\AM2302\src\ADCT_DHT22.o
 .text.ADCT_BGS_DHT22_02_CbkState
                0x08003448       0xbc BSP\AM2302\src\ADCT_DHT22.o
 .text.ADCT_BGS_DHT22_CheckCRC
                0x08003504       0x80 BSP\AM2302\src\ADCT_DHT22.o
                0x08003504                ADCT_BGS_DHT22_CheckCRC
 .text.ADCT_BGS_DHT22Start
                0x08003584      0x104 BSP\AM2302\src\ADCT_DHT22.o
                0x08003584                ADCT_BGS_DHT22Start
 .text.ADCT_BGS_DHT22Measuring
                0x08003688       0x20 BSP\AM2302\src\ADCT_DHT22.o
                0x08003688                ADCT_BGS_DHT22Measuring
 .text.ADCT_BGS_DHT22GetTemp
                0x080036a8       0x50 BSP\AM2302\src\ADCT_DHT22.o
                0x080036a8                ADCT_BGS_DHT22GetTemp
 .text.ADCT_BGS_DHT22GetHumidity
                0x080036f8       0x4c BSP\AM2302\src\ADCT_DHT22.o
                0x080036f8                ADCT_BGS_DHT22GetHumidity
 .text.vExtiInit
                0x08003744       0x18 BSP\AM2302\src\ADCT_DHT22_exti.o
                0x08003744                vExtiInit
 .text.vExtiAddCb
                0x0800375c       0x58 BSP\AM2302\src\ADCT_DHT22_exti.o
                0x0800375c                vExtiAddCb
 .text.vExtiStart
                0x080037b4      0x108 BSP\AM2302\src\ADCT_DHT22_exti.o
                0x080037b4                vExtiStart
 .text.vExtiHandleInt
                0x080038bc       0xd0 BSP\AM2302\src\ADCT_DHT22_exti.o
                0x080038bc                vExtiHandleInt
 .text.EXTI0_IRQHandler
                0x0800398c       0x20 BSP\AM2302\src\ADCT_DHT22_exti.o
                0x0800398c                EXTI0_IRQHandler
 .text.EXTI1_IRQHandler
                0x080039ac       0x20 BSP\AM2302\src\ADCT_DHT22_exti.o
                0x080039ac                EXTI1_IRQHandler
 .text.EXTI2_IRQHandler
                0x080039cc       0x20 BSP\AM2302\src\ADCT_DHT22_exti.o
                0x080039cc                EXTI2_IRQHandler
 .text.EXTI15_10_IRQHandler
                0x080039ec       0xc0 BSP\AM2302\src\ADCT_DHT22_exti.o
                0x080039ec                EXTI15_10_IRQHandler
 .text.EXTI9_5_IRQHandler
                0x08003aac       0x98 BSP\AM2302\src\ADCT_DHT22_exti.o
                0x08003aac                EXTI9_5_IRQHandler
 .text.EEPROM_LowLevel_Init
                0x08003b44      0x104 BSP\AT24C64\src\ADCT_AT24C64.o
                0x08003b44                EEPROM_LowLevel_Init
 .text.EEPROM_LowLevel_DMAConfig
                0x08003c48       0x5c BSP\AT24C64\src\ADCT_AT24C64.o
                0x08003c48                EEPROM_LowLevel_DMAConfig
 .text.EEPROM_Init
                0x08003ca4       0x5c BSP\AT24C64\src\ADCT_AT24C64.o
                0x08003ca4                EEPROM_Init
 .text.EEPROM_ReadBuffer
                0x08003d00      0x2d4 BSP\AT24C64\src\ADCT_AT24C64.o
                0x08003d00                EEPROM_ReadBuffer
 .text.EEPROM_WritePage
                0x08003fd4      0x17c BSP\AT24C64\src\ADCT_AT24C64.o
                0x08003fd4                EEPROM_WritePage
 .text.EEPROM_WriteBuffer
                0x08004150      0x334 BSP\AT24C64\src\ADCT_AT24C64.o
                0x08004150                EEPROM_WriteBuffer
 .text.EEPROM_WaitEepromStandbyState
                0x08004484      0x10c BSP\AT24C64\src\ADCT_AT24C64.o
                0x08004484                EEPROM_WaitEepromStandbyState
 .text.DMA1_Channel6_IRQHandler
                0x08004590       0x7c BSP\AT24C64\src\ADCT_AT24C64.o
                0x08004590                DMA1_Channel6_IRQHandler
 .text.DMA1_Channel7_IRQHandler
                0x0800460c       0x44 BSP\AT24C64\src\ADCT_AT24C64.o
                0x0800460c                DMA1_Channel7_IRQHandler
 .text.EEPROM_TIMEOUT_UserCallback
                0x08004650        0x8 BSP\AT24C64\src\ADCT_AT24C64.o
                0x08004650                EEPROM_TIMEOUT_UserCallback
 .text.EEPROM_EnterCriticalSection_UserCallback
                0x08004658       0x10 BSP\AT24C64\src\ADCT_AT24C64.o
                0x08004658                EEPROM_EnterCriticalSection_UserCallback
 .text.EEPROM_ExitCriticalSection_UserCallback
                0x08004668       0x10 BSP\AT24C64\src\ADCT_AT24C64.o
                0x08004668                EEPROM_ExitCriticalSection_UserCallback
 .text.ADCT_AT24C64_ReadOneByte
                0x08004678       0x34 BSP\AT24C64\src\ADCT_AT24C64.o
                0x08004678                ADCT_AT24C64_ReadOneByte
 .text.ADCT_AT24C64_WriteTwoBytes
                0x080046ac       0x38 BSP\AT24C64\src\ADCT_AT24C64.o
                0x080046ac                ADCT_AT24C64_WriteTwoBytes
 .text.ADCT_AT24C64_WriteOneBytes
                0x080046e4       0x24 BSP\AT24C64\src\ADCT_AT24C64.o
                0x080046e4                ADCT_AT24C64_WriteOneBytes
 .text.ADCT_BGS_Button_Init
                0x08004708       0xd4 BSP\BUTTON\src\ADCT_BGS_BUTTON.o
                0x08004708                ADCT_BGS_Button_Init
 .text.TM_BUTTON_Init
                0x080047dc       0xbc BSP\BUTTON\src\tm_stm32_button.o
                0x080047dc                TM_BUTTON_Init
 .text.TM_BUTTON_SetPressTime
                0x08004898       0x28 BSP\BUTTON\src\tm_stm32_button.o
                0x08004898                TM_BUTTON_SetPressTime
 .text.eMBFuncReadCoils
                0x080048c0      0x100 BSP\MODBUS\modbus\functions\mbfunccoils.o
                0x080048c0                eMBFuncReadCoils
 .text.eMBFuncWriteCoil
                0x080049c0       0xa8 BSP\MODBUS\modbus\functions\mbfunccoils.o
                0x080049c0                eMBFuncWriteCoil
 .text.eMBFuncWriteMultipleCoils
                0x08004a68       0xd0 BSP\MODBUS\modbus\functions\mbfunccoils.o
                0x08004a68                eMBFuncWriteMultipleCoils
 .text.eMBFuncReadDiscreteInputs
                0x08004b38      0x100 BSP\MODBUS\modbus\functions\mbfuncdisc.o
                0x08004b38                eMBFuncReadDiscreteInputs
 .text.eMBFuncWriteHoldingRegister
                0x08004c38       0x6c BSP\MODBUS\modbus\functions\mbfuncholding.o
                0x08004c38                eMBFuncWriteHoldingRegister
 .text.eMBFuncWriteMultipleHoldingRegister
                0x08004ca4       0xb4 BSP\MODBUS\modbus\functions\mbfuncholding.o
                0x08004ca4                eMBFuncWriteMultipleHoldingRegister
 .text.eMBFuncReadHoldingRegister
                0x08004d58       0xe0 BSP\MODBUS\modbus\functions\mbfuncholding.o
                0x08004d58                eMBFuncReadHoldingRegister
 .text.eMBFuncReadWriteMultipleHoldingRegister
                0x08004e38      0x154 BSP\MODBUS\modbus\functions\mbfuncholding.o
                0x08004e38                eMBFuncReadWriteMultipleHoldingRegister
 .text.eMBFuncReadInputRegister
                0x08004f8c       0xe4 BSP\MODBUS\modbus\functions\mbfuncinput.o
                0x08004f8c                eMBFuncReadInputRegister
 .text.eMBFuncReportSlaveID
                0x08005070       0x38 BSP\MODBUS\modbus\functions\mbfuncother.o
                0x08005070                eMBFuncReportSlaveID
 .text.prveMBError2Exception
                0x080050a8       0x3c BSP\MODBUS\modbus\functions\mbutils.o
                0x080050a8                prveMBError2Exception
 .text.eMBInit  0x080050e4       0xf8 BSP\MODBUS\modbus\mb.o
                0x080050e4                eMBInit
 .text.eMBEnable
                0x080051dc       0x38 BSP\MODBUS\modbus\mb.o
                0x080051dc                eMBEnable
 .text.eMBPoll  0x08005214      0x160 BSP\MODBUS\modbus\mb.o
                0x08005214                eMBPoll
 .text.usMBCRC16
                0x08005374       0x6c BSP\MODBUS\modbus\rtu\mbcrc.o
                0x08005374                usMBCRC16
 .text.eMBRTUInit
                0x080053e0       0x74 BSP\MODBUS\modbus\rtu\mbrtu.o
                0x080053e0                eMBRTUInit
 .text.eMBRTUStart
                0x08005454       0x24 BSP\MODBUS\modbus\rtu\mbrtu.o
                0x08005454                eMBRTUStart
 .text.eMBRTUStop
                0x08005478       0x18 BSP\MODBUS\modbus\rtu\mbrtu.o
                0x08005478                eMBRTUStop
 .text.eMBRTUReceive
                0x08005490       0x6c BSP\MODBUS\modbus\rtu\mbrtu.o
                0x08005490                eMBRTUReceive
 .text.eMBRTUSend
                0x080054fc       0xc4 BSP\MODBUS\modbus\rtu\mbrtu.o
                0x080054fc                eMBRTUSend
 .text.xMBRTUReceiveFSM
                0x080055c0       0xac BSP\MODBUS\modbus\rtu\mbrtu.o
                0x080055c0                xMBRTUReceiveFSM
 .text.xMBRTUTransmitFSM
                0x0800566c       0x98 BSP\MODBUS\modbus\rtu\mbrtu.o
                0x0800566c                xMBRTUTransmitFSM
 .text.xMBRTUTimerT35Expired
                0x08005704       0x50 BSP\MODBUS\modbus\rtu\mbrtu.o
                0x08005704                xMBRTUTimerT35Expired
 .text.xMBPortEventInit
                0x08005754       0x18 BSP\MODBUS\port\portevent.o
                0x08005754                xMBPortEventInit
 .text.xMBPortEventPost
                0x0800576c       0x2c BSP\MODBUS\port\portevent.o
                0x0800576c                xMBPortEventPost
 .text.xMBPortEventGet
                0x08005798       0x3c BSP\MODBUS\port\portevent.o
                0x08005798                xMBPortEventGet
 .text.vMBPortSerialEnable
                0x080057d4       0x74 BSP\MODBUS\port\portserial.o
                0x080057d4                vMBPortSerialEnable
 .text.xMBPortSerialInit
                0x08005848      0x10c BSP\MODBUS\port\portserial.o
                0x08005848                xMBPortSerialInit
 .text.xMBPortSerialPutByte
                0x08005954       0x24 BSP\MODBUS\port\portserial.o
                0x08005954                xMBPortSerialPutByte
 .text.xMBPortSerialGetByte
                0x08005978       0x24 BSP\MODBUS\port\portserial.o
                0x08005978                xMBPortSerialGetByte
 .text.USART3_IRQHandler
                0x0800599c       0x54 BSP\MODBUS\port\portserial.o
                0x0800599c                USART3_IRQHandler
 .text.xMBPortTimersInit
                0x080059f0       0x80 BSP\MODBUS\port\porttimer.o
                0x080059f0                xMBPortTimersInit
 .text.vMBPortTimersEnable
                0x08005a70       0x1c BSP\MODBUS\port\porttimer.o
                0x08005a70                vMBPortTimersEnable
 .text.vMBPortTimersDisable
                0x08005a8c       0x14 BSP\MODBUS\port\porttimer.o
                0x08005a8c                vMBPortTimersDisable
 .text.TIM4_IRQHandler
                0x08005aa0       0x2c BSP\MODBUS\port\porttimer.o
                0x08005aa0                TIM4_IRQHandler
 .text.NVIC_EnableIRQ
                0x08005acc       0x30 BSP\PZEM004T\src\PZEM004T.o
 .text.NVIC_DisableIRQ
                0x08005afc       0x34 BSP\PZEM004T\src\PZEM004T.o
 .text.ADCT_PZEM004T_PutChar
                0x08005b30       0x3c BSP\PZEM004T\src\PZEM004T.o
                0x08005b30                ADCT_PZEM004T_PutChar
 .text.ADCT_PZEM004T_getVoltage
                0x08005b6c       0x78 BSP\PZEM004T\src\PZEM004T.o
                0x08005b6c                ADCT_PZEM004T_getVoltage
 .text.ADCT_PZEM004T_getCurrent
                0x08005be4       0x78 BSP\PZEM004T\src\PZEM004T.o
                0x08005be4                ADCT_PZEM004T_getCurrent
 .text.ADCT_PZEM004T_getPower
                0x08005c5c       0x44 BSP\PZEM004T\src\PZEM004T.o
                0x08005c5c                ADCT_PZEM004T_getPower
 .text.ADCT_PZEM004T_getEnergy
                0x08005ca0       0x4c BSP\PZEM004T\src\PZEM004T.o
                0x08005ca0                ADCT_PZEM004T_getEnergy
 .text.ADCT_PZEM004T_setAddress
                0x08005cec       0x28 BSP\PZEM004T\src\PZEM004T.o
                0x08005cec                ADCT_PZEM004T_setAddress
 .text.ADCT_PZEM004T_setPowerAlarm
                0x08005d14       0x30 BSP\PZEM004T\src\PZEM004T.o
                0x08005d14                ADCT_PZEM004T_setPowerAlarm
 .text.ADCT_PZEM004T_receiveData
                0x08005d44       0xd8 BSP\PZEM004T\src\PZEM004T.o
                0x08005d44                ADCT_PZEM004T_receiveData
 .text.ADCT_PZEM0004T_sendData
                0x08005e1c       0x78 BSP\PZEM004T\src\PZEM004T.o
                0x08005e1c                ADCT_PZEM0004T_sendData
 .text.ADCT_PZEM004T_crc
                0x08005e94       0x44 BSP\PZEM004T\src\PZEM004T.o
                0x08005e94                ADCT_PZEM004T_crc
 .text.ADCT_PZEM004T_Init
                0x08005ed8       0x5c BSP\PZEM004T\src\PZEM004T.o
                0x08005ed8                ADCT_PZEM004T_Init
 .text.UART_PZEM004T_Init
                0x08005f34       0xd4 BSP\PZEM004T\src\PZEM004T.o
                0x08005f34                UART_PZEM004T_Init
 .text.PZEM004T_RxCallback
                0x08006008       0x24 BSP\PZEM004T\src\PZEM004T.o
                0x08006008                PZEM004T_RxCallback
 .text.PZEM004T_TxCallback
                0x0800602c       0x28 BSP\PZEM004T\src\PZEM004T.o
                0x0800602c                PZEM004T_TxCallback
 .text.USART1_IRQHandler
                0x08006054       0x94 BSP\PZEM004T\src\PZEM004T.o
                0x08006054                USART1_IRQHandler
 .text.ADCT_AC_Init
                0x080060e8       0x24 BSP\PZEM004T\src\PZEM004T.o
                0x080060e8                ADCT_AC_Init
 .text.ADCT_AC_GetData
                0x0800610c       0x80 BSP\PZEM004T\src\PZEM004T.o
                0x0800610c                ADCT_AC_GetData
 .text.ADCT_AC_ConvertCurrent
                0x0800618c       0x8c BSP\PZEM004T\src\PZEM004T.o
                0x0800618c                ADCT_AC_ConvertCurrent
 .text.ADCT_AC_Convert_Power
                0x08006218       0xd0 BSP\PZEM004T\src\PZEM004T.o
                0x08006218                ADCT_AC_Convert_Power
 .text.ADCT_AC_Convert_Energy
                0x080062e8       0xf8 BSP\PZEM004T\src\PZEM004T.o
                0x080062e8                ADCT_AC_Convert_Energy
 .text.FIFO_Add
                0x080063e0       0x40 BSP\PZEM004T\src\fifo.o
                0x080063e0                FIFO_Add
 .text.FIFO_Push
                0x08006420       0x6c BSP\PZEM004T\src\fifo.o
                0x08006420                FIFO_Push
 .text.FIFO_Pop
                0x0800648c       0x58 BSP\PZEM004T\src\fifo.o
                0x0800648c                FIFO_Pop
 .text.FIFO_IsEmpty
                0x080064e4       0x20 BSP\PZEM004T\src\fifo.o
                0x080064e4                FIFO_IsEmpty
 .text.ADCT_PhSensorInit
                0x08006504       0xac BSP\PhSensor\src\ADCT_PhSensor.o
                0x08006504                ADCT_PhSensorInit
 .text.ADCT_Ph_getValue
                0x080065b0      0x130 BSP\PhSensor\src\ADCT_PhSensor.o
                0x080065b0                ADCT_Ph_getValue
 .text.ADCT_Ph_GetSample
                0x080066e0       0x60 BSP\PhSensor\src\ADCT_PhSensor.o
                0x080066e0                ADCT_Ph_GetSample
 .text.ADCT_Ph_GetStatus
                0x08006740       0x14 BSP\PhSensor\src\ADCT_PhSensor.o
                0x08006740                ADCT_Ph_GetStatus
 .text.ADCT_Relay_Init
                0x08006754      0x104 BSP\RELAY\src\ADCT_Relay.o
                0x08006754                ADCT_Relay_Init
 .text.NVIC_ClearPendingIRQ
                0x08006858       0x34 BSP\RTC\src\ADCT_RTC.o
 .text.RTC_Configuration
                0x0800688c      0x190 BSP\RTC\src\ADCT_RTC.o
                0x0800688c                RTC_Configuration
 .text.RTC_RCC_Configuration
                0x08006a1c       0x70 BSP\RTC\src\ADCT_RTC.o
                0x08006a1c                RTC_RCC_Configuration
 .text.ADCT_BGS_RTC_Init
                0x08006a8c       0x3c BSP\RTC\src\ADCT_RTC.o
                0x08006a8c                ADCT_BGS_RTC_Init
 .text.SetTime  0x08006ac8       0x44 BSP\RTC\src\ADCT_RTC.o
                0x08006ac8                SetTime
 .text.SetDate  0x08006b0c       0xa4 BSP\RTC\src\ADCT_RTC.o
                0x08006b0c                SetDate
 .text.ADCT_BGS_Setting_Date_Time
                0x08006bb0       0x34 BSP\RTC\src\ADCT_RTC.o
                0x08006bb0                ADCT_BGS_Setting_Date_Time
 .text.ADCT_BGS_Run_RTC
                0x08006be4       0xc4 BSP\RTC\src\ADCT_RTC.o
                0x08006be4                ADCT_BGS_Run_RTC
 .text.DateUpdate
                0x08006ca8      0x1a0 BSP\RTC\src\ADCT_RTC.o
                0x08006ca8                DateUpdate
 .text.CheckLeap
                0x08006e48       0x64 BSP\RTC\src\ADCT_RTC.o
                0x08006e48                CheckLeap
 .text.WeekDay  0x08006eac       0xc0 BSP\RTC\src\ADCT_RTC.o
                0x08006eac                WeekDay
 .text.CheckForDaysElapsed
                0x08006f6c       0x74 BSP\RTC\src\ADCT_RTC.o
                0x08006f6c                CheckForDaysElapsed
 .text.RTC_NVIC_Configuration
                0x08006fe0       0x28 BSP\RTC\src\ADCT_RTC.o
                0x08006fe0                RTC_NVIC_Configuration
 .text.RTC_IRQHandler
                0x08007008      0x1b8 BSP\RTC\src\ADCT_RTC.o
                0x08007008                RTC_IRQHandler
 .text.ADCT_BGS_Sensor_Input_Init
                0x080071c0       0x4c BSP\SENSOR\src\ADCT_Sensor.o
                0x080071c0                ADCT_BGS_Sensor_Input_Init
 .text.NVIC_SetPriority
                0x0800720c       0x54 BSP\delay\src\ADCT_BGS_FPT_Delay.o
 .text.SysTick_Config
                0x08007260       0x44 BSP\delay\src\ADCT_BGS_FPT_Delay.o
 .text.ADCT_BGS_Systick_Init
                0x080072a4       0x2c BSP\delay\src\ADCT_BGS_FPT_Delay.o
                0x080072a4                ADCT_BGS_Systick_Init
 .text.TM_DELAY_Init
                0x080072d0       0x60 BSP\delay\src\ADCT_BGS_FPT_Delay.o
                0x080072d0                TM_DELAY_Init
 .text.TM_DELAY_TimerCreate
                0x08007330       0x94 BSP\delay\src\ADCT_BGS_FPT_Delay.o
                0x08007330                TM_DELAY_TimerCreate
 .text.TimerGetUS
                0x080073c4       0x20 BSP\delay\src\ADCT_BGS_FPT_Delay.o
                0x080073c4                TimerGetUS
 .text.HAL_IncTick
                0x080073e4      0x108 BSP\delay\src\ADCT_BGS_FPT_Delay.o
                0x080073e4                HAL_IncTick
 .text.NVIC_PriorityGroupConfig
                0x080074ec       0x24 Libraries\STM32F10x_StdPeriph_Driver\src\misc.o
                0x080074ec                NVIC_PriorityGroupConfig
 .text.NVIC_Init
                0x08007510       0xc4 Libraries\STM32F10x_StdPeriph_Driver\src\misc.o
                0x08007510                NVIC_Init
 .text.ADC_Init
                0x080075d4       0xa4 Libraries\STM32F10x_StdPeriph_Driver\src\stm32f10x_adc.o
                0x080075d4                ADC_Init
 .text.ADC_Cmd  0x08007678       0x38 Libraries\STM32F10x_StdPeriph_Driver\src\stm32f10x_adc.o
                0x08007678                ADC_Cmd
 .text.ADC_ResetCalibration
                0x080076b0       0x20 Libraries\STM32F10x_StdPeriph_Driver\src\stm32f10x_adc.o
                0x080076b0                ADC_ResetCalibration
 .text.ADC_GetResetCalibrationStatus
                0x080076d0       0x30 Libraries\STM32F10x_StdPeriph_Driver\src\stm32f10x_adc.o
                0x080076d0                ADC_GetResetCalibrationStatus
 .text.ADC_StartCalibration
                0x08007700       0x20 Libraries\STM32F10x_StdPeriph_Driver\src\stm32f10x_adc.o
                0x08007700                ADC_StartCalibration
 .text.ADC_GetCalibrationStatus
                0x08007720       0x30 Libraries\STM32F10x_StdPeriph_Driver\src\stm32f10x_adc.o
                0x08007720                ADC_GetCalibrationStatus
 .text.ADC_SoftwareStartConvCmd
                0x08007750       0x38 Libraries\STM32F10x_StdPeriph_Driver\src\stm32f10x_adc.o
                0x08007750                ADC_SoftwareStartConvCmd
 .text.ADC_RegularChannelConfig
                0x08007788      0x194 Libraries\STM32F10x_StdPeriph_Driver\src\stm32f10x_adc.o
                0x08007788                ADC_RegularChannelConfig
 .text.ADC_GetConversionValue
                0x0800791c       0x18 Libraries\STM32F10x_StdPeriph_Driver\src\stm32f10x_adc.o
                0x0800791c                ADC_GetConversionValue
 .text.ADC_TempSensorVrefintCmd
                0x08007934       0x38 Libraries\STM32F10x_StdPeriph_Driver\src\stm32f10x_adc.o
                0x08007934                ADC_TempSensorVrefintCmd
 .text.BKP_DeInit
                0x0800796c       0x14 Libraries\STM32F10x_StdPeriph_Driver\src\stm32f10x_bkp.o
                0x0800796c                BKP_DeInit
 .text.BKP_RTCOutputConfig
                0x08007980       0x38 Libraries\STM32F10x_StdPeriph_Driver\src\stm32f10x_bkp.o
                0x08007980                BKP_RTCOutputConfig
 .text.BKP_WriteBackupRegister
                0x080079b8       0x38 Libraries\STM32F10x_StdPeriph_Driver\src\stm32f10x_bkp.o
                0x080079b8                BKP_WriteBackupRegister
 .text.BKP_ReadBackupRegister
                0x080079f0       0x30 Libraries\STM32F10x_StdPeriph_Driver\src\stm32f10x_bkp.o
                0x080079f0                BKP_ReadBackupRegister
 .text.DMA_DeInit
                0x08007a20      0x178 Libraries\STM32F10x_StdPeriph_Driver\src\stm32f10x_dma.o
                0x08007a20                DMA_DeInit
 .text.DMA_Init
                0x08007b98       0x7c Libraries\STM32F10x_StdPeriph_Driver\src\stm32f10x_dma.o
                0x08007b98                DMA_Init
 .text.DMA_Cmd  0x08007c14       0x38 Libraries\STM32F10x_StdPeriph_Driver\src\stm32f10x_dma.o
                0x08007c14                DMA_Cmd
 .text.DMA_ITConfig
                0x08007c4c       0x3c Libraries\STM32F10x_StdPeriph_Driver\src\stm32f10x_dma.o
                0x08007c4c                DMA_ITConfig
 .text.DMA_GetFlagStatus
                0x08007c88       0x50 Libraries\STM32F10x_StdPeriph_Driver\src\stm32f10x_dma.o
                0x08007c88                DMA_GetFlagStatus
 .text.DMA_ClearFlag
                0x08007cd8       0x34 Libraries\STM32F10x_StdPeriph_Driver\src\stm32f10x_dma.o
                0x08007cd8                DMA_ClearFlag
 .text.EXTI_Init
                0x08007d0c       0xe4 Libraries\STM32F10x_StdPeriph_Driver\src\stm32f10x_exti.o
                0x08007d0c                EXTI_Init
 .text.EXTI_GetITStatus
                0x08007df0       0x48 Libraries\STM32F10x_StdPeriph_Driver\src\stm32f10x_exti.o
                0x08007df0                EXTI_GetITStatus
 .text.EXTI_ClearITPendingBit
                0x08007e38       0x1c Libraries\STM32F10x_StdPeriph_Driver\src\stm32f10x_exti.o
                0x08007e38                EXTI_ClearITPendingBit
 .text.FLASH_SetLatency
                0x08007e54       0x38 Libraries\STM32F10x_StdPeriph_Driver\src\stm32f10x_flash.o
                0x08007e54                FLASH_SetLatency
 .text.FLASH_PrefetchBufferCmd
                0x08007e8c       0x30 Libraries\STM32F10x_StdPeriph_Driver\src\stm32f10x_flash.o
                0x08007e8c                FLASH_PrefetchBufferCmd
 .text.FLASH_Unlock
                0x08007ebc       0x24 Libraries\STM32F10x_StdPeriph_Driver\src\stm32f10x_flash.o
                0x08007ebc                FLASH_Unlock
 .text.GPIO_Init
                0x08007ee0      0x178 Libraries\STM32F10x_StdPeriph_Driver\src\stm32f10x_gpio.o
                0x08007ee0                GPIO_Init
 .text.GPIO_ReadInputDataBit
                0x08008058       0x34 Libraries\STM32F10x_StdPeriph_Driver\src\stm32f10x_gpio.o
                0x08008058                GPIO_ReadInputDataBit
 .text.GPIO_ReadOutputDataBit
                0x0800808c       0x34 Libraries\STM32F10x_StdPeriph_Driver\src\stm32f10x_gpio.o
                0x0800808c                GPIO_ReadOutputDataBit
 .text.GPIO_SetBits
                0x080080c0       0x1c Libraries\STM32F10x_StdPeriph_Driver\src\stm32f10x_gpio.o
                0x080080c0                GPIO_SetBits
 .text.GPIO_ResetBits
                0x080080dc       0x1c Libraries\STM32F10x_StdPeriph_Driver\src\stm32f10x_gpio.o
                0x080080dc                GPIO_ResetBits
 .text.GPIO_EXTILineConfig
                0x080080f8       0x84 Libraries\STM32F10x_StdPeriph_Driver\src\stm32f10x_gpio.o
                0x080080f8                GPIO_EXTILineConfig
 .text.I2C_Init
                0x0800817c      0x184 Libraries\STM32F10x_StdPeriph_Driver\src\stm32f10x_i2c.o
                0x0800817c                I2C_Init
 .text.I2C_Cmd  0x08008300       0x40 Libraries\STM32F10x_StdPeriph_Driver\src\stm32f10x_i2c.o
                0x08008300                I2C_Cmd
 .text.I2C_DMACmd
                0x08008340       0x40 Libraries\STM32F10x_StdPeriph_Driver\src\stm32f10x_i2c.o
                0x08008340                I2C_DMACmd
 .text.I2C_DMALastTransferCmd
                0x08008380       0x40 Libraries\STM32F10x_StdPeriph_Driver\src\stm32f10x_i2c.o
                0x08008380                I2C_DMALastTransferCmd
 .text.I2C_GenerateSTART
                0x080083c0       0x40 Libraries\STM32F10x_StdPeriph_Driver\src\stm32f10x_i2c.o
                0x080083c0                I2C_GenerateSTART
 .text.I2C_GenerateSTOP
                0x08008400       0x40 Libraries\STM32F10x_StdPeriph_Driver\src\stm32f10x_i2c.o
                0x08008400                I2C_GenerateSTOP
 .text.I2C_AcknowledgeConfig
                0x08008440       0x40 Libraries\STM32F10x_StdPeriph_Driver\src\stm32f10x_i2c.o
                0x08008440                I2C_AcknowledgeConfig
 .text.I2C_SendData
                0x08008480       0x20 Libraries\STM32F10x_StdPeriph_Driver\src\stm32f10x_i2c.o
                0x08008480                I2C_SendData
 .text.I2C_ReceiveData
                0x080084a0       0x1c Libraries\STM32F10x_StdPeriph_Driver\src\stm32f10x_i2c.o
                0x080084a0                I2C_ReceiveData
 .text.I2C_Send7bitAddress
                0x080084bc       0x3c Libraries\STM32F10x_StdPeriph_Driver\src\stm32f10x_i2c.o
                0x080084bc                I2C_Send7bitAddress
 .text.I2C_CheckEvent
                0x080084f8       0x60 Libraries\STM32F10x_StdPeriph_Driver\src\stm32f10x_i2c.o
                0x080084f8                I2C_CheckEvent
 .text.I2C_GetFlagStatus
                0x08008558       0x64 Libraries\STM32F10x_StdPeriph_Driver\src\stm32f10x_i2c.o
                0x08008558                I2C_GetFlagStatus
 .text.I2C_ClearFlag
                0x080085bc       0x2c Libraries\STM32F10x_StdPeriph_Driver\src\stm32f10x_i2c.o
                0x080085bc                I2C_ClearFlag
 .text.PWR_BackupAccessCmd
                0x080085e8       0x20 Libraries\STM32F10x_StdPeriph_Driver\src\stm32f10x_pwr.o
                0x080085e8                PWR_BackupAccessCmd
 .text.PWR_PVDCmd
                0x08008608       0x20 Libraries\STM32F10x_StdPeriph_Driver\src\stm32f10x_pwr.o
                0x08008608                PWR_PVDCmd
 .text.PWR_PVDLevelConfig
                0x08008628       0x38 Libraries\STM32F10x_StdPeriph_Driver\src\stm32f10x_pwr.o
                0x08008628                PWR_PVDLevelConfig
 .text.RCC_WaitForHSEStartUp
                0x08008660       0x50 Libraries\STM32F10x_StdPeriph_Driver\src\stm32f10x_rcc.o
                0x08008660                RCC_WaitForHSEStartUp
 .text.RCC_PLLConfig
                0x080086b0       0x3c Libraries\STM32F10x_StdPeriph_Driver\src\stm32f10x_rcc.o
                0x080086b0                RCC_PLLConfig
 .text.RCC_PLLCmd
                0x080086ec       0x20 Libraries\STM32F10x_StdPeriph_Driver\src\stm32f10x_rcc.o
                0x080086ec                RCC_PLLCmd
 .text.RCC_SYSCLKConfig
                0x0800870c       0x38 Libraries\STM32F10x_StdPeriph_Driver\src\stm32f10x_rcc.o
                0x0800870c                RCC_SYSCLKConfig
 .text.RCC_GetSYSCLKSource
                0x08008744       0x1c Libraries\STM32F10x_StdPeriph_Driver\src\stm32f10x_rcc.o
                0x08008744                RCC_GetSYSCLKSource
 .text.RCC_HCLKConfig
                0x08008760       0x38 Libraries\STM32F10x_StdPeriph_Driver\src\stm32f10x_rcc.o
                0x08008760                RCC_HCLKConfig
 .text.RCC_PCLK1Config
                0x08008798       0x38 Libraries\STM32F10x_StdPeriph_Driver\src\stm32f10x_rcc.o
                0x08008798                RCC_PCLK1Config
 .text.RCC_PCLK2Config
                0x080087d0       0x38 Libraries\STM32F10x_StdPeriph_Driver\src\stm32f10x_rcc.o
                0x080087d0                RCC_PCLK2Config
 .text.RCC_LSEConfig
                0x08008808       0x40 Libraries\STM32F10x_StdPeriph_Driver\src\stm32f10x_rcc.o
                0x08008808                RCC_LSEConfig
 .text.RCC_RTCCLKConfig
                0x08008848       0x24 Libraries\STM32F10x_StdPeriph_Driver\src\stm32f10x_rcc.o
                0x08008848                RCC_RTCCLKConfig
 .text.RCC_RTCCLKCmd
                0x0800886c       0x20 Libraries\STM32F10x_StdPeriph_Driver\src\stm32f10x_rcc.o
                0x0800886c                RCC_RTCCLKCmd
 .text.RCC_GetClocksFreq
                0x0800888c      0x160 Libraries\STM32F10x_StdPeriph_Driver\src\stm32f10x_rcc.o
                0x0800888c                RCC_GetClocksFreq
 .text.RCC_AHBPeriphClockCmd
                0x080089ec       0x3c Libraries\STM32F10x_StdPeriph_Driver\src\stm32f10x_rcc.o
                0x080089ec                RCC_AHBPeriphClockCmd
 .text.RCC_APB2PeriphClockCmd
                0x08008a28       0x3c Libraries\STM32F10x_StdPeriph_Driver\src\stm32f10x_rcc.o
                0x08008a28                RCC_APB2PeriphClockCmd
 .text.RCC_APB1PeriphClockCmd
                0x08008a64       0x3c Libraries\STM32F10x_StdPeriph_Driver\src\stm32f10x_rcc.o
                0x08008a64                RCC_APB1PeriphClockCmd
 .text.RCC_BackupResetCmd
                0x08008aa0       0x20 Libraries\STM32F10x_StdPeriph_Driver\src\stm32f10x_rcc.o
                0x08008aa0                RCC_BackupResetCmd
 .text.RCC_GetFlagStatus
                0x08008ac0       0x74 Libraries\STM32F10x_StdPeriph_Driver\src\stm32f10x_rcc.o
                0x08008ac0                RCC_GetFlagStatus
 .text.RTC_ITConfig
                0x08008b34       0x4c Libraries\STM32F10x_StdPeriph_Driver\src\stm32f10x_rtc.o
                0x08008b34                RTC_ITConfig
 .text.RTC_EnterConfigMode
                0x08008b80       0x20 Libraries\STM32F10x_StdPeriph_Driver\src\stm32f10x_rtc.o
                0x08008b80                RTC_EnterConfigMode
 .text.RTC_ExitConfigMode
                0x08008ba0       0x20 Libraries\STM32F10x_StdPeriph_Driver\src\stm32f10x_rtc.o
                0x08008ba0                RTC_ExitConfigMode
 .text.RTC_GetCounter
                0x08008bc0       0x50 Libraries\STM32F10x_StdPeriph_Driver\src\stm32f10x_rtc.o
                0x08008bc0                RTC_GetCounter
 .text.RTC_SetCounter
                0x08008c10       0x30 Libraries\STM32F10x_StdPeriph_Driver\src\stm32f10x_rtc.o
                0x08008c10                RTC_SetCounter
 .text.RTC_SetPrescaler
                0x08008c40       0x34 Libraries\STM32F10x_StdPeriph_Driver\src\stm32f10x_rtc.o
                0x08008c40                RTC_SetPrescaler
 .text.RTC_WaitForLastTask
                0x08008c74       0x20 Libraries\STM32F10x_StdPeriph_Driver\src\stm32f10x_rtc.o
                0x08008c74                RTC_WaitForLastTask
 .text.RTC_GetITStatus
                0x08008c94       0x50 Libraries\STM32F10x_StdPeriph_Driver\src\stm32f10x_rtc.o
                0x08008c94                RTC_GetITStatus
 .text.RTC_ClearITPendingBit
                0x08008ce4       0x2c Libraries\STM32F10x_StdPeriph_Driver\src\stm32f10x_rtc.o
                0x08008ce4                RTC_ClearITPendingBit
 .text.TIM_TimeBaseInit
                0x08008d10       0xf8 Libraries\STM32F10x_StdPeriph_Driver\src\stm32f10x_tim.o
                0x08008d10                TIM_TimeBaseInit
 .text.TIM_TimeBaseStructInit
                0x08008e08       0x34 Libraries\STM32F10x_StdPeriph_Driver\src\stm32f10x_tim.o
                0x08008e08                TIM_TimeBaseStructInit
 .text.TIM_Cmd  0x08008e3c       0x40 Libraries\STM32F10x_StdPeriph_Driver\src\stm32f10x_tim.o
                0x08008e3c                TIM_Cmd
 .text.TIM_ITConfig
                0x08008e7c       0x48 Libraries\STM32F10x_StdPeriph_Driver\src\stm32f10x_tim.o
                0x08008e7c                TIM_ITConfig
 .text.TIM_SetCounter
                0x08008ec4       0x1c Libraries\STM32F10x_StdPeriph_Driver\src\stm32f10x_tim.o
                0x08008ec4                TIM_SetCounter
 .text.TIM_GetITStatus
                0x08008ee0       0x54 Libraries\STM32F10x_StdPeriph_Driver\src\stm32f10x_tim.o
                0x08008ee0                TIM_GetITStatus
 .text.TIM_ClearITPendingBit
                0x08008f34       0x20 Libraries\STM32F10x_StdPeriph_Driver\src\stm32f10x_tim.o
                0x08008f34                TIM_ClearITPendingBit
 .text.USART_Init
                0x08008f54      0x174 Libraries\STM32F10x_StdPeriph_Driver\src\stm32f10x_usart.o
                0x08008f54                USART_Init
 .text.USART_Cmd
                0x080090c8       0x40 Libraries\STM32F10x_StdPeriph_Driver\src\stm32f10x_usart.o
                0x080090c8                USART_Cmd
 .text.USART_ITConfig
                0x08009108       0x90 Libraries\STM32F10x_StdPeriph_Driver\src\stm32f10x_usart.o
                0x08009108                USART_ITConfig
 .text.USART_SendData
                0x08009198       0x24 Libraries\STM32F10x_StdPeriph_Driver\src\stm32f10x_usart.o
                0x08009198                USART_SendData
 .text.USART_ReceiveData
                0x080091bc       0x20 Libraries\STM32F10x_StdPeriph_Driver\src\stm32f10x_usart.o
                0x080091bc                USART_ReceiveData
 .text.USART_GetITStatus
                0x080091dc       0xb4 Libraries\STM32F10x_StdPeriph_Driver\src\stm32f10x_usart.o
                0x080091dc                USART_GetITStatus
 .text.USART_ClearITPendingBit
                0x08009290       0x38 Libraries\STM32F10x_StdPeriph_Driver\src\stm32f10x_usart.o
                0x08009290                USART_ClearITPendingBit
 .text.NVIC_SystemReset
                0x080092c8       0x28 src\main.o
 .text.main     0x080092f0       0xec src\main.o
                0x080092f0                main
 .text.ADCT_BGS_Initialize_system
                0x080093dc      0x3a8 src\main.o
                0x080093dc                ADCT_BGS_Initialize_system
 .text.Restart_DHT22
                0x08009784       0x58 src\main.o
                0x08009784                Restart_DHT22
 .text.Reset_Handler
                0x080097dc       0x50 src\startup_stm32f10x_md.o
                0x080097dc                Reset_Handler
 .text.Default_Handler
                0x0800982c        0x2 src\startup_stm32f10x_md.o
                0x0800982c                TIM1_CC_IRQHandler
                0x0800982c                PVD_IRQHandler
                0x0800982c                EXTI3_IRQHandler
                0x0800982c                I2C2_EV_IRQHandler
                0x0800982c                ADC1_2_IRQHandler
                0x0800982c                SPI1_IRQHandler
                0x0800982c                TAMPER_IRQHandler
                0x0800982c                DMA1_Channel4_IRQHandler
                0x0800982c                CAN1_RX1_IRQHandler
                0x0800982c                I2C1_EV_IRQHandler
                0x0800982c                TIM3_IRQHandler
                0x0800982c                RCC_IRQHandler
                0x0800982c                TIM1_TRG_COM_IRQHandler
                0x0800982c                DMA1_Channel1_IRQHandler
                0x0800982c                Default_Handler
                0x0800982c                SPI2_IRQHandler
                0x0800982c                DMA1_Channel5_IRQHandler
                0x0800982c                EXTI4_IRQHandler
                0x0800982c                USB_LP_CAN1_RX0_IRQHandler
                0x0800982c                USB_HP_CAN1_TX_IRQHandler
                0x0800982c                DMA1_Channel3_IRQHandler
                0x0800982c                TIM1_UP_IRQHandler
                0x0800982c                WWDG_IRQHandler
                0x0800982c                TIM2_IRQHandler
                0x0800982c                TIM1_BRK_IRQHandler
                0x0800982c                RTCAlarm_IRQHandler
                0x0800982c                USART2_IRQHandler
                0x0800982c                I2C2_ER_IRQHandler
                0x0800982c                DMA1_Channel2_IRQHandler
                0x0800982c                CAN1_SCE_IRQHandler
                0x0800982c                FLASH_IRQHandler
                0x0800982c                I2C1_ER_IRQHandler
                0x0800982c                USBWakeUp_IRQHandler
 *fill*         0x0800982e        0x2 
 .text.NMI_Handler
                0x08009830        0xc src\stm32f1xx_it.o
                0x08009830                NMI_Handler
 .text.HardFault_Handler
                0x0800983c        0x8 src\stm32f1xx_it.o
                0x0800983c                HardFault_Handler
 .text.MemManage_Handler
                0x08009844        0x8 src\stm32f1xx_it.o
                0x08009844                MemManage_Handler
 .text.BusFault_Handler
                0x0800984c        0x8 src\stm32f1xx_it.o
                0x0800984c                BusFault_Handler
 .text.UsageFault_Handler
                0x08009854        0x8 src\stm32f1xx_it.o
                0x08009854                UsageFault_Handler
 .text.SVC_Handler
                0x0800985c        0xc src\stm32f1xx_it.o
                0x0800985c                SVC_Handler
 .text.DebugMon_Handler
                0x08009868        0xc src\stm32f1xx_it.o
                0x08009868                DebugMon_Handler
 .text.PendSV_Handler
                0x08009874        0xc src\stm32f1xx_it.o
                0x08009874                PendSV_Handler
 .text.SysTick_Handler
                0x08009880        0xc src\stm32f1xx_it.o
                0x08009880                SysTick_Handler
 .text.SystemInit
                0x0800988c       0x68 src\system_stm32f10x.o
                0x0800988c                SystemInit
 .text.SetSysClock
                0x080098f4        0xc src\system_stm32f10x.o
 .text.SetSysClockTo72
                0x08009900      0x100 src\system_stm32f10x.o
 .text.__libc_init_array
                0x08009a00       0x4c c:/program files (x86)/atollic/truestudio for arm 7.0.0/armtools/bin/../lib/gcc/arm-atollic-eabi/5.3.1/../../../../arm-atollic-eabi/lib/armv7-m\libc_nano.a(lib_a-init.o)
                0x08009a00                __libc_init_array
 .text.malloc   0x08009a4c       0x10 c:/program files (x86)/atollic/truestudio for arm 7.0.0/armtools/bin/../lib/gcc/arm-atollic-eabi/5.3.1/../../../../arm-atollic-eabi/lib/armv7-m\libc_nano.a(lib_a-malloc.o)
                0x08009a4c                malloc
 .text.memcpy   0x08009a5c       0x16 c:/program files (x86)/atollic/truestudio for arm 7.0.0/armtools/bin/../lib/gcc/arm-atollic-eabi/5.3.1/../../../../arm-atollic-eabi/lib/armv7-m\libc_nano.a(lib_a-memcpy-stub.o)
                0x08009a5c                memcpy
 .text.memset   0x08009a72       0x10 c:/program files (x86)/atollic/truestudio for arm 7.0.0/armtools/bin/../lib/gcc/arm-atollic-eabi/5.3.1/../../../../arm-atollic-eabi/lib/armv7-m\libc_nano.a(lib_a-memset.o)
                0x08009a72                memset
 *fill*         0x08009a82        0x2 
 .text._free_r  0x08009a84       0x98 c:/program files (x86)/atollic/truestudio for arm 7.0.0/armtools/bin/../lib/gcc/arm-atollic-eabi/5.3.1/../../../../arm-atollic-eabi/lib/armv7-m\libc_nano.a(lib_a-nano-freer.o)
                0x08009a84                _free_r
 .text._malloc_r
                0x08009b1c       0xbc c:/program files (x86)/atollic/truestudio for arm 7.0.0/armtools/bin/../lib/gcc/arm-atollic-eabi/5.3.1/../../../../arm-atollic-eabi/lib/armv7-m\libc_nano.a(lib_a-nano-mallocr.o)
                0x08009b1c                _malloc_r
 .text.printf   0x08009bd8       0x30 c:/program files (x86)/atollic/truestudio for arm 7.0.0/armtools/bin/../lib/gcc/arm-atollic-eabi/5.3.1/../../../../arm-atollic-eabi/lib/armv7-m\libc_nano.a(lib_a-printf.o)
                0x08009bd8                iprintf
                0x08009bd8                printf
 .text._sbrk_r  0x08009c08       0x20 c:/program files (x86)/atollic/truestudio for arm 7.0.0/armtools/bin/../lib/gcc/arm-atollic-eabi/5.3.1/../../../../arm-atollic-eabi/lib/armv7-m\libc_nano.a(lib_a-sbrkr.o)
                0x08009c08                _sbrk_r
 .text._cleanup_r
                0x08009c28        0xc c:/program files (x86)/atollic/truestudio for arm 7.0.0/armtools/bin/../lib/gcc/arm-atollic-eabi/5.3.1/../../../../arm-atollic-eabi/lib/armv7-m\libc_nano.a(lib_a-findfp.o)
                0x08009c28                _cleanup_r
 .text.std.isra.0
                0x08009c34       0x48 c:/program files (x86)/atollic/truestudio for arm 7.0.0/armtools/bin/../lib/gcc/arm-atollic-eabi/5.3.1/../../../../arm-atollic-eabi/lib/armv7-m\libc_nano.a(lib_a-findfp.o)
 .text.__sfmoreglue
                0x08009c7c       0x2c c:/program files (x86)/atollic/truestudio for arm 7.0.0/armtools/bin/../lib/gcc/arm-atollic-eabi/5.3.1/../../../../arm-atollic-eabi/lib/armv7-m\libc_nano.a(lib_a-findfp.o)
                0x08009c7c                __sfmoreglue
 .text.__sinit  0x08009ca8       0x60 c:/program files (x86)/atollic/truestudio for arm 7.0.0/armtools/bin/../lib/gcc/arm-atollic-eabi/5.3.1/../../../../arm-atollic-eabi/lib/armv7-m\libc_nano.a(lib_a-findfp.o)
                0x08009ca8                __sinit
 .text.__sfp    0x08009d08       0x78 c:/program files (x86)/atollic/truestudio for arm 7.0.0/armtools/bin/../lib/gcc/arm-atollic-eabi/5.3.1/../../../../arm-atollic-eabi/lib/armv7-m\libc_nano.a(lib_a-findfp.o)
                0x08009d08                __sfp
 .text._fwalk_reent
                0x08009d80       0x3c c:/program files (x86)/atollic/truestudio for arm 7.0.0/armtools/bin/../lib/gcc/arm-atollic-eabi/5.3.1/../../../../arm-atollic-eabi/lib/armv7-m\libc_nano.a(lib_a-fwalk.o)
                0x08009d80                _fwalk_reent
 .text.__malloc_lock
                0x08009dbc        0x2 c:/program files (x86)/atollic/truestudio for arm 7.0.0/armtools/bin/../lib/gcc/arm-atollic-eabi/5.3.1/../../../../arm-atollic-eabi/lib/armv7-m\libc_nano.a(lib_a-mlock.o)
                0x08009dbc                __malloc_lock
 .text.__malloc_unlock
                0x08009dbe        0x2 c:/program files (x86)/atollic/truestudio for arm 7.0.0/armtools/bin/../lib/gcc/arm-atollic-eabi/5.3.1/../../../../arm-atollic-eabi/lib/armv7-m\libc_nano.a(lib_a-mlock.o)
                0x08009dbe                __malloc_unlock
 .text.__sfputc_r
                0x08009dc0       0x2c c:/program files (x86)/atollic/truestudio for arm 7.0.0/armtools/bin/../lib/gcc/arm-atollic-eabi/5.3.1/../../../../arm-atollic-eabi/lib/armv7-m\libc_nano.a(lib_a-nano-vfprintf.o)
 .text.__sfputs_r
                0x08009dec       0x24 c:/program files (x86)/atollic/truestudio for arm 7.0.0/armtools/bin/../lib/gcc/arm-atollic-eabi/5.3.1/../../../../arm-atollic-eabi/lib/armv7-m\libc_nano.a(lib_a-nano-vfprintf.o)
                0x08009dec                __sfputs_r
 .text._vfprintf_r
                0x08009e10      0x238 c:/program files (x86)/atollic/truestudio for arm 7.0.0/armtools/bin/../lib/gcc/arm-atollic-eabi/5.3.1/../../../../arm-atollic-eabi/lib/armv7-m\libc_nano.a(lib_a-nano-vfprintf.o)
                0x08009e10                _vfprintf_r
                0x08009e10                _vfiprintf_r
 .text._printf_common
                0x0800a048       0xec c:/program files (x86)/atollic/truestudio for arm 7.0.0/armtools/bin/../lib/gcc/arm-atollic-eabi/5.3.1/../../../../arm-atollic-eabi/lib/armv7-m\libc_nano.a(lib_a-nano-vfprintf_i.o)
                0x0800a048                _printf_common
 .text._printf_i
                0x0800a134      0x24c c:/program files (x86)/atollic/truestudio for arm 7.0.0/armtools/bin/../lib/gcc/arm-atollic-eabi/5.3.1/../../../../arm-atollic-eabi/lib/armv7-m\libc_nano.a(lib_a-nano-vfprintf_i.o)
                0x0800a134                _printf_i
 .text.__sread  0x0800a380       0x22 c:/program files (x86)/atollic/truestudio for arm 7.0.0/armtools/bin/../lib/gcc/arm-atollic-eabi/5.3.1/../../../../arm-atollic-eabi/lib/armv7-m\libc_nano.a(lib_a-stdio.o)
                0x0800a380                __sread
 .text.__swrite
                0x0800a3a2       0x38 c:/program files (x86)/atollic/truestudio for arm 7.0.0/armtools/bin/../lib/gcc/arm-atollic-eabi/5.3.1/../../../../arm-atollic-eabi/lib/armv7-m\libc_nano.a(lib_a-stdio.o)
                0x0800a3a2                __swrite
 .text.__sseek  0x0800a3da       0x24 c:/program files (x86)/atollic/truestudio for arm 7.0.0/armtools/bin/../lib/gcc/arm-atollic-eabi/5.3.1/../../../../arm-atollic-eabi/lib/armv7-m\libc_nano.a(lib_a-stdio.o)
                0x0800a3da                __sseek
 .text.__sclose
                0x0800a3fe        0x8 c:/program files (x86)/atollic/truestudio for arm 7.0.0/armtools/bin/../lib/gcc/arm-atollic-eabi/5.3.1/../../../../arm-atollic-eabi/lib/armv7-m\libc_nano.a(lib_a-stdio.o)
                0x0800a3fe                __sclose
 *fill*         0x0800a406        0x2 
 .text.__swbuf_r
                0x0800a408       0xa8 c:/program files (x86)/atollic/truestudio for arm 7.0.0/armtools/bin/../lib/gcc/arm-atollic-eabi/5.3.1/../../../../arm-atollic-eabi/lib/armv7-m\libc_nano.a(lib_a-wbuf.o)
                0x0800a408                __swbuf_r
 .text._write_r
                0x0800a4b0       0x24 c:/program files (x86)/atollic/truestudio for arm 7.0.0/armtools/bin/../lib/gcc/arm-atollic-eabi/5.3.1/../../../../arm-atollic-eabi/lib/armv7-m\libc_nano.a(lib_a-writer.o)
                0x0800a4b0                _write_r
 .text.__swsetup_r
                0x0800a4d4       0xdc c:/program files (x86)/atollic/truestudio for arm 7.0.0/armtools/bin/../lib/gcc/arm-atollic-eabi/5.3.1/../../../../arm-atollic-eabi/lib/armv7-m\libc_nano.a(lib_a-wsetup.o)
                0x0800a4d4                __swsetup_r
 .text._close_r
                0x0800a5b0       0x20 c:/program files (x86)/atollic/truestudio for arm 7.0.0/armtools/bin/../lib/gcc/arm-atollic-eabi/5.3.1/../../../../arm-atollic-eabi/lib/armv7-m\libc_nano.a(lib_a-closer.o)
                0x0800a5b0                _close_r
 .text.__sflush_r
                0x0800a5d0      0x10c c:/program files (x86)/atollic/truestudio for arm 7.0.0/armtools/bin/../lib/gcc/arm-atollic-eabi/5.3.1/../../../../arm-atollic-eabi/lib/armv7-m\libc_nano.a(lib_a-fflush.o)
                0x0800a5d0                __sflush_r
 .text._fflush_r
                0x0800a6dc       0x54 c:/program files (x86)/atollic/truestudio for arm 7.0.0/armtools/bin/../lib/gcc/arm-atollic-eabi/5.3.1/../../../../arm-atollic-eabi/lib/armv7-m\libc_nano.a(lib_a-fflush.o)
                0x0800a6dc                _fflush_r
 .text._lseek_r
                0x0800a730       0x24 c:/program files (x86)/atollic/truestudio for arm 7.0.0/armtools/bin/../lib/gcc/arm-atollic-eabi/5.3.1/../../../../arm-atollic-eabi/lib/armv7-m\libc_nano.a(lib_a-lseekr.o)
                0x0800a730                _lseek_r
 .text.__swhatbuf_r
                0x0800a754       0x46 c:/program files (x86)/atollic/truestudio for arm 7.0.0/armtools/bin/../lib/gcc/arm-atollic-eabi/5.3.1/../../../../arm-atollic-eabi/lib/armv7-m\libc_nano.a(lib_a-makebuf.o)
                0x0800a754                __swhatbuf_r
 *fill*         0x0800a79a        0x2 
 .text.__smakebuf_r
                0x0800a79c       0x78 c:/program files (x86)/atollic/truestudio for arm 7.0.0/armtools/bin/../lib/gcc/arm-atollic-eabi/5.3.1/../../../../arm-atollic-eabi/lib/armv7-m\libc_nano.a(lib_a-makebuf.o)
                0x0800a79c                __smakebuf_r
 .text.memchr   0x0800a814       0x1c c:/program files (x86)/atollic/truestudio for arm 7.0.0/armtools/bin/../lib/gcc/arm-atollic-eabi/5.3.1/../../../../arm-atollic-eabi/lib/armv7-m\libc_nano.a(lib_a-memchr-stub.o)
                0x0800a814                memchr
 .text._read_r  0x0800a830       0x24 c:/program files (x86)/atollic/truestudio for arm 7.0.0/armtools/bin/../lib/gcc/arm-atollic-eabi/5.3.1/../../../../arm-atollic-eabi/lib/armv7-m\libc_nano.a(lib_a-readr.o)
                0x0800a830                _read_r
 .text._fstat_r
                0x0800a854       0x24 c:/program files (x86)/atollic/truestudio for arm 7.0.0/armtools/bin/../lib/gcc/arm-atollic-eabi/5.3.1/../../../../arm-atollic-eabi/lib/armv7-m\libc_nano.a(lib_a-fstatr.o)
                0x0800a854                _fstat_r
 .text._isatty_r
                0x0800a878       0x20 c:/program files (x86)/atollic/truestudio for arm 7.0.0/armtools/bin/../lib/gcc/arm-atollic-eabi/5.3.1/../../../../arm-atollic-eabi/lib/armv7-m\libc_nano.a(lib_a-isattyr.o)
                0x0800a878                _isatty_r
 .text._close   0x0800a898       0x10 c:/program files (x86)/atollic/truestudio for arm 7.0.0/armtools/bin/../lib/gcc/arm-atollic-eabi/5.3.1/../../../../arm-atollic-eabi/lib/armv7-m\libnosys.a(close.o)
                0x0800a898                _close
 .text._fstat   0x0800a8a8       0x10 c:/program files (x86)/atollic/truestudio for arm 7.0.0/armtools/bin/../lib/gcc/arm-atollic-eabi/5.3.1/../../../../arm-atollic-eabi/lib/armv7-m\libnosys.a(fstat.o)
                0x0800a8a8                _fstat
 .text._isatty  0x0800a8b8       0x10 c:/program files (x86)/atollic/truestudio for arm 7.0.0/armtools/bin/../lib/gcc/arm-atollic-eabi/5.3.1/../../../../arm-atollic-eabi/lib/armv7-m\libnosys.a(isatty.o)
                0x0800a8b8                _isatty
 .text._lseek   0x0800a8c8       0x10 c:/program files (x86)/atollic/truestudio for arm 7.0.0/armtools/bin/../lib/gcc/arm-atollic-eabi/5.3.1/../../../../arm-atollic-eabi/lib/armv7-m\libnosys.a(lseek.o)
                0x0800a8c8                _lseek
 .text._read    0x0800a8d8       0x10 c:/program files (x86)/atollic/truestudio for arm 7.0.0/armtools/bin/../lib/gcc/arm-atollic-eabi/5.3.1/../../../../arm-atollic-eabi/lib/armv7-m\libnosys.a(read.o)
                0x0800a8d8                _read
 .text._sbrk    0x0800a8e8       0x1c c:/program files (x86)/atollic/truestudio for arm 7.0.0/armtools/bin/../lib/gcc/arm-atollic-eabi/5.3.1/../../../../arm-atollic-eabi/lib/armv7-m\libnosys.a(sbrk.o)
                0x0800a8e8                _sbrk
 .text._write   0x0800a904       0x10 c:/program files (x86)/atollic/truestudio for arm 7.0.0/armtools/bin/../lib/gcc/arm-atollic-eabi/5.3.1/../../../../arm-atollic-eabi/lib/armv7-m\libnosys.a(write.o)
                0x0800a904                _write
 *(.glue_7)
 .glue_7        0x0800a914        0x0 linker stubs
 *(.glue_7t)
 .glue_7t       0x0800a914        0x0 linker stubs
 *(.eh_frame)
 .eh_frame      0x0800a914        0x0 c:/program files (x86)/atollic/truestudio for arm 7.0.0/armtools/bin/../lib/gcc/arm-atollic-eabi/5.3.1/armv7-m/crtbegin.o
 *(.init)
 .init          0x0800a914        0x4 c:/program files (x86)/atollic/truestudio for arm 7.0.0/armtools/bin/../lib/gcc/arm-atollic-eabi/5.3.1/armv7-m/crti.o
                0x0800a914                _init
 .init          0x0800a918        0x8 c:/program files (x86)/atollic/truestudio for arm 7.0.0/armtools/bin/../lib/gcc/arm-atollic-eabi/5.3.1/armv7-m/crtn.o
 *(.fini)
 .fini          0x0800a920        0x4 c:/program files (x86)/atollic/truestudio for arm 7.0.0/armtools/bin/../lib/gcc/arm-atollic-eabi/5.3.1/armv7-m/crti.o
                0x0800a920                _fini
 .fini          0x0800a924        0x8 c:/program files (x86)/atollic/truestudio for arm 7.0.0/armtools/bin/../lib/gcc/arm-atollic-eabi/5.3.1/armv7-m/crtn.o
                0x0800a92c                . = ALIGN (0x4)
                0x0800a92c                _etext = .

.vfp11_veneer   0x0800a92c        0x0
 .vfp11_veneer  0x0800a92c        0x0 linker stubs

.v4_bx          0x0800a92c        0x0
 .v4_bx         0x0800a92c        0x0 linker stubs

.iplt           0x0800a92c        0x0
 .iplt          0x0800a92c        0x0 c:/program files (x86)/atollic/truestudio for arm 7.0.0/armtools/bin/../lib/gcc/arm-atollic-eabi/5.3.1/armv7-m/crtbegin.o

.rodata         0x0800a92c      0x2d4
                0x0800a92c                . = ALIGN (0x4)
 *(.rodata)
 .rodata        0x0800a92c       0x38 BSP\PZEM004T\src\fifo.o
 *(.rodata*)
 .rodata.aucCRCHi
                0x0800a964      0x100 BSP\MODBUS\modbus\rtu\mbcrc.o
 .rodata.aucCRCLo
                0x0800aa64      0x100 BSP\MODBUS\modbus\rtu\mbcrc.o
 .rodata.__sf_fake_stdin
                0x0800ab64       0x20 c:/program files (x86)/atollic/truestudio for arm 7.0.0/armtools/bin/../lib/gcc/arm-atollic-eabi/5.3.1/../../../../arm-atollic-eabi/lib/armv7-m\libc_nano.a(lib_a-findfp.o)
                0x0800ab64                __sf_fake_stdin
 .rodata.__sf_fake_stdout
                0x0800ab84       0x20 c:/program files (x86)/atollic/truestudio for arm 7.0.0/armtools/bin/../lib/gcc/arm-atollic-eabi/5.3.1/../../../../arm-atollic-eabi/lib/armv7-m\libc_nano.a(lib_a-findfp.o)
                0x0800ab84                __sf_fake_stdout
 .rodata.__sf_fake_stderr
                0x0800aba4       0x20 c:/program files (x86)/atollic/truestudio for arm 7.0.0/armtools/bin/../lib/gcc/arm-atollic-eabi/5.3.1/../../../../arm-atollic-eabi/lib/armv7-m\libc_nano.a(lib_a-findfp.o)
                0x0800aba4                __sf_fake_stderr
 .rodata.str1.1
                0x0800abc4        0x2 c:/program files (x86)/atollic/truestudio for arm 7.0.0/armtools/bin/../lib/gcc/arm-atollic-eabi/5.3.1/../../../../arm-atollic-eabi/lib/armv7-m\libc_nano.a(lib_a-impure.o)
 *fill*         0x0800abc6        0x2 
 .rodata._global_impure_ptr
                0x0800abc8        0x4 c:/program files (x86)/atollic/truestudio for arm 7.0.0/armtools/bin/../lib/gcc/arm-atollic-eabi/5.3.1/../../../../arm-atollic-eabi/lib/armv7-m\libc_nano.a(lib_a-impure.o)
                0x0800abc8                _global_impure_ptr
 .rodata.str1.1
                0x0800abcc       0x11 c:/program files (x86)/atollic/truestudio for arm 7.0.0/armtools/bin/../lib/gcc/arm-atollic-eabi/5.3.1/../../../../arm-atollic-eabi/lib/armv7-m\libc_nano.a(lib_a-nano-vfprintf.o)
 .rodata.str1.1
                0x0800abdd       0x22 c:/program files (x86)/atollic/truestudio for arm 7.0.0/armtools/bin/../lib/gcc/arm-atollic-eabi/5.3.1/../../../../arm-atollic-eabi/lib/armv7-m\libc_nano.a(lib_a-nano-vfprintf_i.o)
                0x0800ac00                . = ALIGN (0x4)
 *fill*         0x0800abff        0x1 

.rel.dyn        0x0800ac00        0x0
 .rel.iplt      0x0800ac00        0x0 c:/program files (x86)/atollic/truestudio for arm 7.0.0/armtools/bin/../lib/gcc/arm-atollic-eabi/5.3.1/armv7-m/crtbegin.o

.ARM.extab
 *(.ARM.extab* .gnu.linkonce.armextab.*)

.ARM            0x0800ac00        0x0
                0x0800ac00                __exidx_start = .
 *(.ARM.exidx*)
                0x0800ac00                __exidx_end = .

.preinit_array  0x0800ac00        0x0
                0x0800ac00                PROVIDE (__preinit_array_start, .)
 *(.preinit_array*)
                0x0800ac00                PROVIDE (__preinit_array_end, .)

.init_array     0x0800ac00        0x4
                0x0800ac00                PROVIDE (__init_array_start, .)
 *(SORT(.init_array.*))
 *(.init_array*)
 .init_array    0x0800ac00        0x4 c:/program files (x86)/atollic/truestudio for arm 7.0.0/armtools/bin/../lib/gcc/arm-atollic-eabi/5.3.1/armv7-m/crtbegin.o
                0x0800ac04                PROVIDE (__init_array_end, .)

.fini_array     0x0800ac04        0x4
                [!provide]                PROVIDE (__fini_array_start, .)
 *(SORT(.fini_array.*))
 *(.fini_array*)
 .fini_array    0x0800ac04        0x4 c:/program files (x86)/atollic/truestudio for arm 7.0.0/armtools/bin/../lib/gcc/arm-atollic-eabi/5.3.1/armv7-m/crtbegin.o
                [!provide]                PROVIDE (__fini_array_end, .)
                0x0800ac08                _sidata = LOADADDR (.data)

.data           0x20000000      0x200 load address 0x0800ac08
                0x20000000                . = ALIGN (0x4)
                0x20000000                _sdata = .
 *(.data)
 *(.data*)
 .data.adct_bgs_main_state_table
                0x20000000       0xf0 Apps\src\ADCT_BGS_Bare_state.o
                0x20000000                adct_bgs_main_state_table
 .data.usRegHoldingStart
                0x200000f0        0x2 Apps\src\ADCT_BGS_Modbus.o
 *fill*         0x200000f2        0x2 
 .data.EEPROMTimeout
                0x200000f4        0x4 BSP\AT24C64\src\ADCT_AT24C64.o
                0x200000f4                EEPROMTimeout
 .data.eMBState
                0x200000f8        0x1 BSP\MODBUS\modbus\mb.o
 *fill*         0x200000f9        0x3 
 .data.xFuncHandlers
                0x200000fc       0x80 BSP\MODBUS\modbus\mb.o
 .data.IP_addr  0x2000017c        0x4 BSP\PZEM004T\src\PZEM004T.o
                0x2000017c                IP_addr
 .data.bkupdata
                0x20000180        0x4 BSP\RTC\src\ADCT_RTC.o
                0x20000180                bkupdata
 .data.APBAHBPrescTable
                0x20000184       0x10 Libraries\STM32F10x_StdPeriph_Driver\src\stm32f10x_rcc.o
 .data.ADCPrescTable
                0x20000194        0x4 Libraries\STM32F10x_StdPeriph_Driver\src\stm32f10x_rcc.o
 .data.SystemCoreClock
                0x20000198        0x4 src\system_stm32f10x.o
                0x20000198                SystemCoreClock
 .data.impure_data
                0x2000019c       0x60 c:/program files (x86)/atollic/truestudio for arm 7.0.0/armtools/bin/../lib/gcc/arm-atollic-eabi/5.3.1/../../../../arm-atollic-eabi/lib/armv7-m\libc_nano.a(lib_a-impure.o)
 .data._impure_ptr
                0x200001fc        0x4 c:/program files (x86)/atollic/truestudio for arm 7.0.0/armtools/bin/../lib/gcc/arm-atollic-eabi/5.3.1/../../../../arm-atollic-eabi/lib/armv7-m\libc_nano.a(lib_a-impure.o)
                0x200001fc                _impure_ptr
                0x20000200                . = ALIGN (0x4)
                0x20000200                _edata = .

.igot.plt       0x20000200        0x0 load address 0x0800ae08
 .igot.plt      0x20000200        0x0 c:/program files (x86)/atollic/truestudio for arm 7.0.0/armtools/bin/../lib/gcc/arm-atollic-eabi/5.3.1/armv7-m/crtbegin.o
                0x20000200                . = ALIGN (0x4)

.bss            0x20000200     0x2544 load address 0x0800ae08
                0x20000200                _sbss = .
                0x20000200                __bss_start__ = _sbss
 *(.bss)
 .bss           0x20000200       0x1c c:/program files (x86)/atollic/truestudio for arm 7.0.0/armtools/bin/../lib/gcc/arm-atollic-eabi/5.3.1/armv7-m/crtbegin.o
 *(.bss*)
 .bss.ActState  0x2000021c        0x1 Apps\src\ADCT_BGS_Bare_state.o
                0x2000021c                ActState
 *fill*         0x2000021d        0x3 
 .bss.usRegHoldingBuf
                0x20000220       0xb0 Apps\src\ADCT_BGS_Modbus.o
 .bss.g_DhtRaw  0x200002d0        0xa BSP\AM2302\src\ADCT_DHT22.o
 *fill*         0x200002da        0x2 
 .bss.g_DhtMeasuring
                0x200002dc        0x2 BSP\AM2302\src\ADCT_DHT22.o
 .bss.cnt.7950  0x200002de        0x1 BSP\AM2302\src\ADCT_DHT22.o
 *fill*         0x200002df        0x1 
 .bss.timeUs.7949
                0x200002e0        0x4 BSP\AM2302\src\ADCT_DHT22.o
 .bss.cnt.7956  0x200002e4        0x1 BSP\AM2302\src\ADCT_DHT22.o
 *fill*         0x200002e5        0x3 
 .bss.timeUs.7955
                0x200002e8        0x4 BSP\AM2302\src\ADCT_DHT22.o
 .bss.g_ExtiConfig
                0x200002ec       0xc0 BSP\AM2302\src\ADCT_DHT22_exti.o
 .bss.EEPROMAddress
                0x200003ac        0x2 BSP\AT24C64\src\ADCT_AT24C64.o
                0x200003ac                EEPROMAddress
 *fill*         0x200003ae        0x2 
 .bss.Buttons   0x200003b0       0x2c BSP\BUTTON\src\tm_stm32_button.o
 .bss.ucMBSlaveID
                0x200003dc       0x20 BSP\MODBUS\modbus\functions\mbfuncother.o
 .bss.usMBSlaveIDLen
                0x200003fc        0x2 BSP\MODBUS\modbus\functions\mbfuncother.o
 .bss.ucMBAddress
                0x200003fe        0x1 BSP\MODBUS\modbus\mb.o
 .bss.eMBCurrentMode
                0x200003ff        0x1 BSP\MODBUS\modbus\mb.o
 .bss.peMBFrameSendCur
                0x20000400        0x4 BSP\MODBUS\modbus\mb.o
 .bss.pvMBFrameStartCur
                0x20000404        0x4 BSP\MODBUS\modbus\mb.o
 .bss.pvMBFrameStopCur
                0x20000408        0x4 BSP\MODBUS\modbus\mb.o
 .bss.peMBFrameReceiveCur
                0x2000040c        0x4 BSP\MODBUS\modbus\mb.o
 .bss.pvMBFrameCloseCur
                0x20000410        0x4 BSP\MODBUS\modbus\mb.o
 .bss.ucRcvAddress.7715
                0x20000414        0x1 BSP\MODBUS\modbus\mb.o
 *fill*         0x20000415        0x3 
 .bss.ucMBFrame.7714
                0x20000418        0x4 BSP\MODBUS\modbus\mb.o
 .bss.usLength.7717
                0x2000041c        0x2 BSP\MODBUS\modbus\mb.o
 .bss.ucFunctionCode.7716
                0x2000041e        0x1 BSP\MODBUS\modbus\mb.o
 .bss.eException.7718
                0x2000041f        0x1 BSP\MODBUS\modbus\mb.o
 .bss.eSndState
                0x20000420        0x1 BSP\MODBUS\modbus\rtu\mbrtu.o
 .bss.eRcvState
                0x20000421        0x1 BSP\MODBUS\modbus\rtu\mbrtu.o
 *fill*         0x20000422        0x2 
 .bss.pucSndBufferCur
                0x20000424        0x4 BSP\MODBUS\modbus\rtu\mbrtu.o
 .bss.usSndBufferCount
                0x20000428        0x2 BSP\MODBUS\modbus\rtu\mbrtu.o
 .bss.usRcvBufferPos
                0x2000042a        0x2 BSP\MODBUS\modbus\rtu\mbrtu.o
 .bss.eQueuedEvent
                0x2000042c        0x1 BSP\MODBUS\port\portevent.o
 .bss.xEventInQueue
                0x2000042d        0x1 BSP\MODBUS\port\portevent.o
 *fill*         0x2000042e        0x2 
 .bss.ADCT_PZEM004T_RXBUFFER
                0x20000430     0x1000 BSP\PZEM004T\src\PZEM004T.o
 .bss.ADCT_PZEM004T_TXBUFFER
                0x20001430     0x1000 BSP\PZEM004T\src\PZEM004T.o
 .bss.rxFifo    0x20002430        0xc BSP\PZEM004T\src\PZEM004T.o
 .bss.txFifo    0x2000243c        0xc BSP\PZEM004T\src\PZEM004T.o
 .bss.rxCallback
                0x20002448        0x4 BSP\PZEM004T\src\PZEM004T.o
 .bss.txCallback
                0x2000244c        0x4 BSP\PZEM004T\src\PZEM004T.o
 .bss.ac_cnt    0x20002450        0x1 BSP\PZEM004T\src\PZEM004T.o
 .bss.Data_avai
                0x20002451        0x1 BSP\PhSensor\src\ADCT_PhSensor.o
                0x20002451                Data_avai
 *fill*         0x20002452        0x2 
 .bss.TM_Time2  0x20002454        0x4 BSP\delay\src\ADCT_BGS_FPT_Delay.o
                0x20002454                TM_Time2
 .bss.TM_Time   0x20002458        0x4 BSP\delay\src\ADCT_BGS_FPT_Delay.o
                0x20002458                TM_Time
 .bss.CustomTimers
                0x2000245c       0x18 BSP\delay\src\ADCT_BGS_FPT_Delay.o
 .bss.ui8flag_set_time
                0x20002474        0x1 src\main.o
                0x20002474                ui8flag_set_time
 *fill*         0x20002475        0x1 
 .bss.LowByte.8464
                0x20002476        0x2 src\main.o
 .bss.HighByte.8463
                0x20002478        0x2 src\main.o
 *fill*         0x2000247a        0x2 
 .bss.__malloc_sbrk_start
                0x2000247c        0x4 c:/program files (x86)/atollic/truestudio for arm 7.0.0/armtools/bin/../lib/gcc/arm-atollic-eabi/5.3.1/../../../../arm-atollic-eabi/lib/armv7-m\libc_nano.a(lib_a-nano-mallocr.o)
                0x2000247c                __malloc_sbrk_start
 .bss.__malloc_free_list
                0x20002480        0x4 c:/program files (x86)/atollic/truestudio for arm 7.0.0/armtools/bin/../lib/gcc/arm-atollic-eabi/5.3.1/../../../../arm-atollic-eabi/lib/armv7-m\libc_nano.a(lib_a-nano-mallocr.o)
                0x20002480                __malloc_free_list
 .bss.heap_end.4167
                0x20002484        0x4 c:/program files (x86)/atollic/truestudio for arm 7.0.0/armtools/bin/../lib/gcc/arm-atollic-eabi/5.3.1/../../../../arm-atollic-eabi/lib/armv7-m\libnosys.a(sbrk.o)
 *(COMMON)
 COMMON         0x20002488        0x4 ASW_Task\src\ADCT_BGS_BSW_Task.o
                0x20002488                g_ASW_Task_flag
 COMMON         0x2000248c       0x4c Apps\src\ADCT_BGS_Modbus.o
                0x2000248c                temp_setting
                0x20002490                _address
                0x20002494                ADCT_BGS_REBOOT_BOARD
                0x20002498                GTempSetting
 COMMON         0x200024d8       0x31 Apps\src\ADCT_BGS_State.o
                0x200024d8                count_ac
                0x200024d9                count_dht22
                0x200024dc                g_ADCT_BGS_TimerManager
                0x200024f4                g_ADCT_BGS_Current_RTC
                0x200024fc                g_ADCT_BGS_StateOutput
 *fill*         0x20002509        0x3 
 COMMON         0x2000250c       0x90 Apps\src\ADCT_BGS_System.o
                0x2000250c                GstSystemSetting
                0x2000254c                TempStateTimer
                0x20002550                GstSystemWarning
                0x20002558                GstSystemStatus
 COMMON         0x2000259c       0x35 BSP\AT24C64\src\ADCT_AT24C64.o
                0x2000259c                EEPROMDataWritePointer
                0x200025a0                EEPROMDataReadPointer
                0x200025a4                EEPROMDMA_InitStructure
                0x200025d0                EEPROMDataNum
 *fill*         0x200025d1        0x3 
 COMMON         0x200025d4       0x10 BSP\BUTTON\src\ADCT_BGS_BUTTON.o
                0x200025d4                CancelButton
                0x200025d8                UpButton
                0x200025dc                DownButton
                0x200025e0                EnterButton
 COMMON         0x200025e4       0x14 BSP\MODBUS\modbus\mb.o
                0x200025e4                pxMBFrameCBTransmitterEmpty
                0x200025e8                pxMBPortCBTimerExpired
                0x200025ec                pxMBFrameCBByteReceived
                0x200025f0                pxMBFrameCBTransmitFSMCur
                0x200025f4                pxMBFrameCBReceiveFSMCur
 COMMON         0x200025f8      0x100 BSP\MODBUS\modbus\rtu\mbrtu.o
                0x200025f8                ucRTUBuf
 COMMON         0x200026f8       0x20 BSP\PhSensor\src\ADCT_PhSensor.o
                0x200026f8                avgValue
                0x200026fc                temp
                0x20002700                idx_u8
                0x20002704                SampleData_pu16
 COMMON         0x20002718        0xd BSP\RTC\src\ADCT_RTC.o
                0x20002718                s_DateStructVar
                0x2000271c                s_TimeStructVar
                0x20002722                SummerTimeCorrect
                0x20002724                ClockSource
 *fill*         0x20002725        0x3 
 COMMON         0x20002728       0x18 src\main.o
                0x20002728                ADCT_BGS_Date_Time_Setting
                0x20002730                TestTimer
                0x20002734                StartTime
                0x20002738                ADCT_PHVal
 COMMON         0x20002740        0x4 c:/program files (x86)/atollic/truestudio for arm 7.0.0/armtools/bin/../lib/gcc/arm-atollic-eabi/5.3.1/../../../../arm-atollic-eabi/lib/armv7-m\libc_nano.a(lib_a-reent.o)
                0x20002740                errno
                0x20002744                . = ALIGN (0x4)
                0x20002744                _ebss = .
                0x20002744                __bss_end__ = _ebss

._user_heap_stack
                0x20002744      0x100 load address 0x0800ae08
                0x20002744                . = ALIGN (0x4)
                0x20002744                PROVIDE (end, .)
                [!provide]                PROVIDE (_end, .)
                0x20002744                . = (. + _Min_Heap_Size)
                0x20002844                . = (. + _Min_Stack_Size)
 *fill*         0x20002744      0x100 
                0x20002844                . = ALIGN (0x4)

.memory_b1_text
 *(.mb1text)
 *(.mb1text*)
 *(.mb1rodata)
 *(.mb1rodata*)

/DISCARD/
 libc.a(*)
 libm.a(*)
 libgcc.a(*)

.ARM.attributes
                0x00000000       0x29
 *(.ARM.attributes)
 .ARM.attributes
                0x00000000       0x1d c:/program files (x86)/atollic/truestudio for arm 7.0.0/armtools/bin/../lib/gcc/arm-atollic-eabi/5.3.1/armv7-m/crti.o
 .ARM.attributes
                0x0000001d       0x2d c:/program files (x86)/atollic/truestudio for arm 7.0.0/armtools/bin/../lib/gcc/arm-atollic-eabi/5.3.1/armv7-m/crtbegin.o
 .ARM.attributes
                0x0000004a       0x33 ASW_Task\src\ADCT_BGS_BSW_Task.o
 .ARM.attributes
                0x0000007d       0x33 Apps\src\ADCT_BGS_Bare_state.o
 .ARM.attributes
                0x000000b0       0x33 Apps\src\ADCT_BGS_Modbus.o
 .ARM.attributes
                0x000000e3       0x33 Apps\src\ADCT_BGS_State.o
 .ARM.attributes
                0x00000116       0x33 Apps\src\ADCT_BGS_System.o
 .ARM.attributes
                0x00000149       0x33 BSP\AM2302\src\ADCT_DHT22.o
 .ARM.attributes
                0x0000017c       0x33 BSP\AM2302\src\ADCT_DHT22_exti.o
 .ARM.attributes
                0x000001af       0x33 BSP\AT24C64\src\ADCT_AT24C64.o
 .ARM.attributes
                0x000001e2       0x33 BSP\BUTTON\src\ADCT_BGS_BUTTON.o
 .ARM.attributes
                0x00000215       0x33 BSP\BUTTON\src\tm_stm32_button.o
 .ARM.attributes
                0x00000248       0x33 BSP\MODBUS\modbus\functions\mbfunccoils.o
 .ARM.attributes
                0x0000027b       0x33 BSP\MODBUS\modbus\functions\mbfuncdisc.o
 .ARM.attributes
                0x000002ae       0x33 BSP\MODBUS\modbus\functions\mbfuncholding.o
 .ARM.attributes
                0x000002e1       0x33 BSP\MODBUS\modbus\functions\mbfuncinput.o
 .ARM.attributes
                0x00000314       0x33 BSP\MODBUS\modbus\functions\mbfuncother.o
 .ARM.attributes
                0x00000347       0x33 BSP\MODBUS\modbus\functions\mbutils.o
 .ARM.attributes
                0x0000037a       0x33 BSP\MODBUS\modbus\mb.o
 .ARM.attributes
                0x000003ad       0x33 BSP\MODBUS\modbus\rtu\mbcrc.o
 .ARM.attributes
                0x000003e0       0x33 BSP\MODBUS\modbus\rtu\mbrtu.o
 .ARM.attributes
                0x00000413       0x33 BSP\MODBUS\port\portevent.o
 .ARM.attributes
                0x00000446       0x33 BSP\MODBUS\port\portserial.o
 .ARM.attributes
                0x00000479       0x33 BSP\MODBUS\port\porttimer.o
 .ARM.attributes
                0x000004ac       0x33 BSP\PZEM004T\src\PZEM004T.o
 .ARM.attributes
                0x000004df       0x33 BSP\PZEM004T\src\fifo.o
 .ARM.attributes
                0x00000512       0x33 BSP\PhSensor\src\ADCT_PhSensor.o
 .ARM.attributes
                0x00000545       0x33 BSP\RELAY\src\ADCT_Relay.o
 .ARM.attributes
                0x00000578       0x33 BSP\RTC\src\ADCT_RTC.o
 .ARM.attributes
                0x000005ab       0x33 BSP\SENSOR\src\ADCT_Sensor.o
 .ARM.attributes
                0x000005de       0x33 BSP\delay\src\ADCT_BGS_FPT_Delay.o
 .ARM.attributes
                0x00000611       0x33 Libraries\STM32F10x_StdPeriph_Driver\src\misc.o
 .ARM.attributes
                0x00000644       0x33 Libraries\STM32F10x_StdPeriph_Driver\src\stm32f10x_adc.o
 .ARM.attributes
                0x00000677       0x33 Libraries\STM32F10x_StdPeriph_Driver\src\stm32f10x_bkp.o
 .ARM.attributes
                0x000006aa       0x33 Libraries\STM32F10x_StdPeriph_Driver\src\stm32f10x_dma.o
 .ARM.attributes
                0x000006dd       0x33 Libraries\STM32F10x_StdPeriph_Driver\src\stm32f10x_exti.o
 .ARM.attributes
                0x00000710       0x33 Libraries\STM32F10x_StdPeriph_Driver\src\stm32f10x_flash.o
 .ARM.attributes
                0x00000743       0x33 Libraries\STM32F10x_StdPeriph_Driver\src\stm32f10x_gpio.o
 .ARM.attributes
                0x00000776       0x33 Libraries\STM32F10x_StdPeriph_Driver\src\stm32f10x_i2c.o
 .ARM.attributes
                0x000007a9       0x33 Libraries\STM32F10x_StdPeriph_Driver\src\stm32f10x_pwr.o
 .ARM.attributes
                0x000007dc       0x33 Libraries\STM32F10x_StdPeriph_Driver\src\stm32f10x_rcc.o
 .ARM.attributes
                0x0000080f       0x33 Libraries\STM32F10x_StdPeriph_Driver\src\stm32f10x_rtc.o
 .ARM.attributes
                0x00000842       0x33 Libraries\STM32F10x_StdPeriph_Driver\src\stm32f10x_tim.o
 .ARM.attributes
                0x00000875       0x33 Libraries\STM32F10x_StdPeriph_Driver\src\stm32f10x_usart.o
 .ARM.attributes
                0x000008a8       0x33 src\main.o
 .ARM.attributes
                0x000008db       0x21 src\startup_stm32f10x_md.o
 .ARM.attributes
                0x000008fc       0x33 src\stm32f1xx_it.o
 .ARM.attributes
                0x0000092f       0x33 src\system_stm32f10x.o
 .ARM.attributes
                0x00000962       0x2d c:/program files (x86)/atollic/truestudio for arm 7.0.0/armtools/bin/../lib/gcc/arm-atollic-eabi/5.3.1/../../../../arm-atollic-eabi/lib/armv7-m\libc_nano.a(lib_a-init.o)
 .ARM.attributes
                0x0000098f       0x2d c:/program files (x86)/atollic/truestudio for arm 7.0.0/armtools/bin/../lib/gcc/arm-atollic-eabi/5.3.1/../../../../arm-atollic-eabi/lib/armv7-m\libc_nano.a(lib_a-malloc.o)
 .ARM.attributes
                0x000009bc       0x2d c:/program files (x86)/atollic/truestudio for arm 7.0.0/armtools/bin/../lib/gcc/arm-atollic-eabi/5.3.1/../../../../arm-atollic-eabi/lib/armv7-m\libc_nano.a(lib_a-memcpy-stub.o)
 .ARM.attributes
                0x000009e9       0x2d c:/program files (x86)/atollic/truestudio for arm 7.0.0/armtools/bin/../lib/gcc/arm-atollic-eabi/5.3.1/../../../../arm-atollic-eabi/lib/armv7-m\libc_nano.a(lib_a-memset.o)
 .ARM.attributes
                0x00000a16       0x2d c:/program files (x86)/atollic/truestudio for arm 7.0.0/armtools/bin/../lib/gcc/arm-atollic-eabi/5.3.1/../../../../arm-atollic-eabi/lib/armv7-m\libc_nano.a(lib_a-nano-freer.o)
 .ARM.attributes
                0x00000a43       0x2d c:/program files (x86)/atollic/truestudio for arm 7.0.0/armtools/bin/../lib/gcc/arm-atollic-eabi/5.3.1/../../../../arm-atollic-eabi/lib/armv7-m\libc_nano.a(lib_a-nano-mallocr.o)
 .ARM.attributes
                0x00000a70       0x2d c:/program files (x86)/atollic/truestudio for arm 7.0.0/armtools/bin/../lib/gcc/arm-atollic-eabi/5.3.1/../../../../arm-atollic-eabi/lib/armv7-m\libc_nano.a(lib_a-printf.o)
 .ARM.attributes
                0x00000a9d       0x2d c:/program files (x86)/atollic/truestudio for arm 7.0.0/armtools/bin/../lib/gcc/arm-atollic-eabi/5.3.1/../../../../arm-atollic-eabi/lib/armv7-m\libc_nano.a(lib_a-sbrkr.o)
 .ARM.attributes
                0x00000aca       0x2d c:/program files (x86)/atollic/truestudio for arm 7.0.0/armtools/bin/../lib/gcc/arm-atollic-eabi/5.3.1/../../../../arm-atollic-eabi/lib/armv7-m\libc_nano.a(lib_a-findfp.o)
 .ARM.attributes
                0x00000af7       0x2d c:/program files (x86)/atollic/truestudio for arm 7.0.0/armtools/bin/../lib/gcc/arm-atollic-eabi/5.3.1/../../../../arm-atollic-eabi/lib/armv7-m\libc_nano.a(lib_a-fwalk.o)
 .ARM.attributes
                0x00000b24       0x2d c:/program files (x86)/atollic/truestudio for arm 7.0.0/armtools/bin/../lib/gcc/arm-atollic-eabi/5.3.1/../../../../arm-atollic-eabi/lib/armv7-m\libc_nano.a(lib_a-impure.o)
 .ARM.attributes
                0x00000b51       0x2d c:/program files (x86)/atollic/truestudio for arm 7.0.0/armtools/bin/../lib/gcc/arm-atollic-eabi/5.3.1/../../../../arm-atollic-eabi/lib/armv7-m\libc_nano.a(lib_a-mlock.o)
 .ARM.attributes
                0x00000b7e       0x2d c:/program files (x86)/atollic/truestudio for arm 7.0.0/armtools/bin/../lib/gcc/arm-atollic-eabi/5.3.1/../../../../arm-atollic-eabi/lib/armv7-m\libc_nano.a(lib_a-nano-vfprintf.o)
 .ARM.attributes
                0x00000bab       0x2d c:/program files (x86)/atollic/truestudio for arm 7.0.0/armtools/bin/../lib/gcc/arm-atollic-eabi/5.3.1/../../../../arm-atollic-eabi/lib/armv7-m\libc_nano.a(lib_a-nano-vfprintf_i.o)
 .ARM.attributes
                0x00000bd8       0x2d c:/program files (x86)/atollic/truestudio for arm 7.0.0/armtools/bin/../lib/gcc/arm-atollic-eabi/5.3.1/../../../../arm-atollic-eabi/lib/armv7-m\libc_nano.a(lib_a-reent.o)
 .ARM.attributes
                0x00000c05       0x2d c:/program files (x86)/atollic/truestudio for arm 7.0.0/armtools/bin/../lib/gcc/arm-atollic-eabi/5.3.1/../../../../arm-atollic-eabi/lib/armv7-m\libc_nano.a(lib_a-stdio.o)
 .ARM.attributes