ADCT_SIM900_LL.c:242:6:SIM900A_RxCallback	8	static
ADCT_SIM900_LL.c:257:9:SIM900A_TxCallback	8	static
ADCT_SIM900_LL.c:53:6:ADCT_SIM900A_LowLevel_Init	40	static
ADCT_SIM900_LL.c:36:6:ADCT_SIM900A_Init	8	static
ADCT_SIM900_LL.c:110:7:ADCT_SIM900A_TransmitEnable	8	static
ADCT_SIM900_LL.c:118:6:USART1_IRQHandler	16	static
ADCT_SIM900_LL.c:145:6:ADCT_SIM900A_PutChar	16	static
ADCT_SIM900_LL.c:161:9:ADCT_SIM900A_GetChar	16	static
ADCT_SIM900_LL.c:182:9:ADCT_SIM900A_GetFrame	24	static
ADCT_SIM900_LL.c:229:6:ADCT_SIM900A_PutFrame	16	static
