gsm.c:344:6:__RESET_THREADS	0	static
gsm.c:369:5:GSM_CallbackDefault	0	static
gsm.c:400:9:ParseNumber	12	static
gsm.c:475:6:ParseCLCC	24	static
gsm.c:607:6:ParseCFUN	8	static
gsm.c:614:6:ParseCPBR	24	static
gsm.c:654:6:ParseIP	24	static
gsm.c:667:6:ParseCREG	8	static
gsm.c:677:6:ParseCIPRXGET	32	static
gsm.c:703:6:ParseHTTPACTION	24	static
gsm.c:717:6:ParseFTPPUT	24	static
gsm.c:737:6:ParseFTPGET	24	static
gsm.c:799:6:ParseCBC	24	static
gsm.c:811:6:ParseCSQ	8	static
gsm.c:897:6:ParseCOPSRead	32	static
gsm.c:1210:14:StartCommand	0	static
gsm.c:1348:1:PT_Thread_INFO	24	static
gsm.c:1851:1:PT_Thread_DATETIME	24	static
gsm.c:817:6:ParseCOPSSCAN	16	static
gsm.c:1434:1:PT_Thread_PIN	32	static
gsm.c:1221:6:NumberToString	8	static
gsm.c:1231:1:PT_Thread_GEN	32	static
gsm.c:1629:1:PT_Thread_SMS	32	static
gsm.c:1542:1:PT_Thread_CALL	32	static
gsm.c:1748:1:PT_Thread_PB	40	static
gsm.c:1879:1:PT_Thread_GPRS	48	static
gsm.c:2850:1:PT_Thread_OP	32	static
gsm.c:569:6:ParseCMTI	16	static
gsm.c:585:6:ParseCPIN	16	static
gsm.c:425:7:ParseFloatNumber	32	static
gsm.c:764:6:ParseCIPGSMLOC	24	static
gsm.c:375:7:mem_mem	32	static
gsm.c:451:6:ParseDATE	24	static
gsm.c:462:6:ParseTIME	24	static
gsm.c:523:6:ParseCMGR	32	static
gsm.c:559:6:ParseCMGL	24	static
gsm.c:932:6:ParseReceived	48	static
gsm.c:2915:14:ProcessThreads	8	static
gsm.c:3082:14:GSM_WaitReady	0	static
gsm.c:3092:14:GSM_Delay	8	static
gsm.c:2960:14:GSM_Init	24	static
gsm.c:3102:14:GSM_IsReady	0	static
gsm.c:3106:14:GSM_Update	32	static
gsm.c:3229:14:GSM_UpdateTime	0	static
gsm.c:3234:14:GSM_ProcessCallbacks	16	static
gsm.c:3294:14:GSM_GetLastReturnStatus	0	static
gsm.c:3301:10:GSM_DataReceived	8	static
gsm.c:3309:14:GSM_FUNC_Set	8	static
gsm.c:3318:14:GSM_FUNC_Get	8	static
gsm.c:3331:14:GSM_INFO_GetManufacturer	8	static
gsm.c:3341:14:GSM_INFO_GetModel	8	static
gsm.c:3351:14:GSM_INFO_GetRevision	8	static
gsm.c:3361:14:GSM_INFO_GetSerialNumber	8	static
gsm.c:3371:14:GSM_INFO_GetSoftwareInfo	8	static
gsm.c:3381:14:GSM_INFO_GetBatteryInfo	8	static
gsm.c:3391:14:GSM_INFO_GetSignalStrength	8	static
gsm.c:3404:14:GSM_OP_Scan	8	static
gsm.c:3417:14:GSM_OP_Get	8	static
gsm.c:3429:14:GSM_OP_Set	8	static
gsm.c:3443:14:GSM_PIN_Enter	8	static
gsm.c:3453:14:GSM_PIN_Remove	8	static
gsm.c:3463:14:GSM_PIN_Add	8	static
gsm.c:3473:14:GSM_PUK_Enter	8	static
gsm.c:3488:14:GSM_CALL_Voice	8	static
gsm.c:3498:14:GSM_CALL_VoiceFromSIMPosition	8	static
gsm.c:3508:14:GSM_CALL_DataFromSIMPosition	8	static
gsm.c:3518:14:GSM_CALL_Data	8	static
gsm.c:3528:14:GSM_CALL_Answer	8	static
gsm.c:3535:14:GSM_CALL_HangUp	8	static
gsm.c:3542:17:GSM_CALL_GetInfo	0	static
gsm.c:3546:14:GSM_CALL_ClearInfo	0	static
gsm.c:3555:14:GSM_SMS_Send	24	static
gsm.c:3567:14:GSM_SMS_Read	8	static
gsm.c:3578:14:GSM_SMS_List	16	static
gsm.c:3601:14:GSM_SMS_Delete	8	static
gsm.c:3610:14:GSM_SMS_MassDelete	8	static
gsm.c:3627:16:GSM_SMS_GetReceivedInfo	4	static
gsm.c:3640:14:GSM_SMS_ClearReceivedInfo	0	static
gsm.c:3653:14:GSM_PB_Add	8	static
gsm.c:3664:14:GSM_PB_Edit	8	static
gsm.c:3676:14:GSM_PB_Delete	8	static
gsm.c:3685:14:GSM_PB_Get	8	static
gsm.c:3696:14:GSM_PB_List	16	static
gsm.c:3709:14:GSM_PB_Search	16	static
gsm.c:3727:14:GSM_DATETIME_Get	8	static
gsm.c:3740:14:GSM_GPRS_Attach	8	static
gsm.c:3757:14:GSM_GPRS_Detach	8	static
gsm.c:3764:14:GSM_GPRS_GetLocationAndTime	8	static
gsm.c:3777:14:GSM_CONN_Start	16	static
gsm.c:3793:14:GSM_CONN_Send	8	static
gsm.c:3809:14:GSM_CONN_Receive	8	static
gsm.c:3828:14:GSM_CONN_Close	8	static
gsm.c:3838:10:GSM_CONN_DataAvailable	0	static
gsm.c:3849:14:GSM_HTTP_Begin	16	static
gsm.c:3858:14:GSM_HTTP_End	8	static
gsm.c:3865:14:GSM_HTTP_SetData	8	static
gsm.c:3876:14:GSM_HTTP_SetContent	8	static
gsm.c:3886:14:GSM_HTTP_Execute	8	static
gsm.c:3905:14:GSM_HTTP_Read	8	static
gsm.c:3921:10:GSM_HTTP_DataAvailable	0	static
gsm.c:3930:14:GSM_FTP_Begin	8	static
gsm.c:3944:14:GSM_FTP_End	8	static
gsm.c:3951:14:GSM_FTP_Authenticate	24	static
gsm.c:3966:14:GSM_FTP_DownloadBegin	24	static
gsm.c:3979:14:GSM_FTP_Download	8	static
gsm.c:3994:14:GSM_FTP_DownloadActive	0	static
gsm.c:3998:14:GSM_FTP_DownloadAvailable	0	static
gsm.c:4002:14:GSM_FTP_DownloadEnd	8	static
gsm.c:4009:14:GSM_FTP_UploadBegin	24	static
gsm.c:4027:14:GSM_FTP_Upload	8	static
gsm.c:4042:14:GSM_FTP_UploadEnd	8	static
