ADCT_AT24C64.c:23:6:EEPROM_LowLevel_Init	16	static
ADCT_AT24C64.c:91:6:EEPROM_LowLevel_DeInit	16	static
ADCT_AT24C64.c:140:6:EEPROM_LowLevel_DMAConfig	24	static
ADCT_AT24C64.c:166:6:EEPROM_DeInit	8	static
ADCT_AT24C64.c:176:6:EEPROM_Init	24	static
ADCT_AT24C64.c:226:10:EEPROM_ReadBuffer	24	static
ADCT_AT24C64.c:401:10:EEPROM_WritePage	24	static
ADCT_AT24C64.c:484:6:EEPROM_WriteBuffer	24	static
ADCT_AT24C64.c:667:10:EEPROM_WaitEepromStandbyState	16	static
ADCT_AT24C64.c:744:6:DMA1_Channel6_IRQHandler	8	static
ADCT_AT24C64.c:777:6:DMA1_Channel7_IRQHandler	8	static
ADCT_AT24C64.c:800:10:EEPROM_TIMEOUT_UserCallback	4	static
ADCT_AT24C64.c:820:6:EEPROM_EnterCriticalSection_UserCallback	4	static
ADCT_AT24C64.c:835:6:EEPROM_ExitCriticalSection_UserCallback	4	static
ADCT_AT24C64.c:840:9:ADCT_AT24C64_ReadOneByte	24	static
ADCT_AT24C64.c:852:10:ADCT_AT24C64_ReadTwoBytes	48	dynamic
ADCT_AT24C64.c:862:6:ADCT_AT24C64_WriteTwoBytes	24	static
ADCT_AT24C64.c:867:6:ADCT_AT24C64_WriteOneBytes	16	static
