ADCT_DHT22_exti.c:53:6:vExtiInit	8	static
ADCT_DHT22_exti.c:58:6:vExtiAddCb	16	static
ADCT_DHT22_exti.c:65:6:vExtiChangeState	16	static
ADCT_DHT22_exti.c:70:6:vExtiStart	32	static
ADCT_DHT22_exti.c:121:6:vExtiStop	4	static
ADCT_DHT22_exti.c:127:6:vExtiHandleInt	24	static
ADCT_DHT22_exti.c:166:6:EXTI0_IRQHandler	8	static
ADCT_DHT22_exti.c:174:6:EXTI1_IRQHandler	8	static
ADCT_DHT22_exti.c:182:6:EXTI2_IRQHandler	8	static
ADCT_DHT22_exti.c:195:6:EXTI15_10_IRQHandler	16	static
ADCT_DHT22_exti.c:238:6:EXTI9_5_IRQHandler	16	static
