ADCT_BGS_FPT_Delay.h:103:22:Delay	24	static
ADCT_DHT22.c:34:6:DHT22_Module_Init_Hardware	8	static
ADCT_DHT22.c:40:6:ADCT_DHT22_FPT_GetValue	32	static
ADCT_DHT22.c:105:6:ADCT_BGS_DHT22_GetData	24	static
ADCT_DHT22.c:134:6:ADCT_BGS_DHT22_PWR_Init	16	static
ADCT_DHT22.c:152:6:ADCT_BGS_DHT22Init	16	static
ADCT_DHT22.c:176:6:ADCT_BGS_DHT22_01_CbkState	24	static
ADCT_DHT22.c:208:6:ADCT_BGS_DHT22_02_CbkState	24	static
ADCT_DHT22.c:240:9:ADCT_BGS_DHT22_CheckCRC	24	static
ADCT_DHT22.c:247:6:ADCT_BGS_DHT22Start	24	static
ADCT_DHT22.c:304:9:ADCT_BGS_DHT22Measuring	16	static
ADCT_DHT22.c:309:10:ADCT_BGS_DHT22GetTemp	24	static
ADCT_DHT22.c:318:10:ADCT_BGS_DHT22GetHumidity	24	static
