core_cm3.h:1308:22:NVIC_EnableIRQ	16	static
core_cm3.h:1320:22:NVIC_DisableIRQ	16	static
PZEM004T.c:72:6:ADCT_PZEM004T_PutChar	16	static
PZEM004T.c:86:9:ADCT_PZEM004T_GetChar	16	static
PZEM004T.c:97:6:ADCT_PZEM004T_PutString	16	static
PZEM004T.c:112:6:ADCT_PZEM004T_PutFrame	24	static
PZEM004T.c:121:7:ADCT_PZEM004T_getVoltage	32	static
PZEM004T.c:132:7:ADCT_PZEM004T_getCurrent	32	static
PZEM004T.c:143:7:ADCT_PZEM004T_getPower	24	static
PZEM004T.c:154:7:ADCT_PZEM004T_getEnergy	24	static
PZEM004T.c:165:9:ADCT_PZEM004T_setAddress	24	static
PZEM004T.c:172:9:ADCT_PZEM004T_setPowerAlarm	24	static
PZEM004T.c:178:9:ADCT_PZEM004T_receiveData	48	static
PZEM004T.c:212:6:ADCT_PZEM0004T_sendData	32	static
PZEM004T.c:229:9:ADCT_PZEM004T_crc	24	static
PZEM004T.c:236:6:ADCT_PZEM004T_Init	16	static
PZEM004T.c:253:6:UART_PZEM004T_Init	48	static
PZEM004T.c:311:6:PZEM004T_RxCallback	24	static
PZEM004T.c:386:9:PZEM004T_TxCallback	16	static
PZEM004T.c:396:6:USART1_IRQHandler	16	static
PZEM004T.c:424:6:ADCT_AC_Init	8	static
PZEM004T.c:432:6:ADCT_AC_GetData	8	static
PZEM004T.c:458:6:ADCT_AC_ConvertCurrent	32	static
PZEM004T.c:477:6:ADCT_AC_Convert_Power	40	static
PZEM004T.c:502:6:ADCT_AC_Convert_Energy	40	static
